Archive member included because of file (symbol)

e:/winavr-20071221rc1/bin/../lib/gcc/avr/4.2.2/avr5\libgcc.a(_exit.o)
                              e:/winavr-20071221rc1/bin/../lib/gcc/avr/4.2.2/../../../../avr/lib/avr5/crtm32.o (exit)
e:/winavr-20071221rc1/bin/../lib/gcc/avr/4.2.2/avr5\libgcc.a(_copy_data.o)
                              lcd.o (__do_copy_data)
e:/winavr-20071221rc1/bin/../lib/gcc/avr/4.2.2/avr5\libgcc.a(_clear_bss.o)
                              lcd.o (__do_clear_bss)
e:/winavr-20071221rc1/bin/../lib/gcc/avr/4.2.2/../../../../avr/lib/avr5\libc.a(itoa.o)
                              main.o (itoa)
e:/winavr-20071221rc1/bin/../lib/gcc/avr/4.2.2/../../../../avr/lib/avr5\libc.a(strrev.o)
                              e:/winavr-20071221rc1/bin/../lib/gcc/avr/4.2.2/../../../../avr/lib/avr5\libc.a(itoa.o) (strrev)
e:/winavr-20071221rc1/bin/../lib/gcc/avr/4.2.2/avr5\libgcc.a(_udivmodhi4.o)
                              e:/winavr-20071221rc1/bin/../lib/gcc/avr/4.2.2/../../../../avr/lib/avr5\libc.a(itoa.o) (__udivmodhi4)

Memory Configuration

Name             Origin             Length             Attributes
text             0x00000000         0x00020000         xr
data             0x00800060         0x0000ffa0         rw !x
eeprom           0x00810000         0x00010000         rw !x
fuse             0x00820000         0x00000400         rw !x
lock             0x00830000         0x00000400         rw !x
signature        0x00840000         0x00000400         rw !x
*default*        0x00000000         0xffffffff

Linker script and memory map

LOAD e:/winavr-20071221rc1/bin/../lib/gcc/avr/4.2.2/../../../../avr/lib/avr5/crtm32.o
LOAD e:/winavr-20071221rc1/bin/../lib/gcc/avr/4.2.2/../../../../avr/lib/avr5\libm.a
LOAD lcd.o
LOAD encoder.o
LOAD main.o
LOAD e:/winavr-20071221rc1/bin/../lib/gcc/avr/4.2.2/avr5\libgcc.a
LOAD e:/winavr-20071221rc1/bin/../lib/gcc/avr/4.2.2/../../../../avr/lib/avr5\libc.a
LOAD e:/winavr-20071221rc1/bin/../lib/gcc/avr/4.2.2/avr5\libgcc.a

.hash
 *(.hash)

.dynsym
 *(.dynsym)

.dynstr
 *(.dynstr)

.gnu.version
 *(.gnu.version)

.gnu.version_d
 *(.gnu.version_d)

.gnu.version_r
 *(.gnu.version_r)

.rel.init
 *(.rel.init)

.rela.init
 *(.rela.init)

.rel.text
 *(.rel.text)
 *(.rel.text.*)
 *(.rel.gnu.linkonce.t*)

.rela.text
 *(.rela.text)
 *(.rela.text.*)
 *(.rela.gnu.linkonce.t*)

.rel.fini
 *(.rel.fini)

.rela.fini
 *(.rela.fini)

.rel.rodata
 *(.rel.rodata)
 *(.rel.rodata.*)
 *(.rel.gnu.linkonce.r*)

.rela.rodata
 *(.rela.rodata)
 *(.rela.rodata.*)
 *(.rela.gnu.linkonce.r*)

.rel.data
 *(.rel.data)
 *(.rel.data.*)
 *(.rel.gnu.linkonce.d*)

.rela.data
 *(.rela.data)
 *(.rela.data.*)
 *(.rela.gnu.linkonce.d*)

.rel.ctors
 *(.rel.ctors)

.rela.ctors
 *(.rela.ctors)

.rel.dtors
 *(.rel.dtors)

.rela.dtors
 *(.rela.dtors)

.rel.got
 *(.rel.got)

.rela.got
 *(.rela.got)

.rel.bss
 *(.rel.bss)

.rela.bss
 *(.rela.bss)

.rel.plt
 *(.rel.plt)

.rela.plt
 *(.rela.plt)

.text           0x00000000      0x4d4
 *(.vectors)
 .vectors       0x00000000       0x54 e:/winavr-20071221rc1/bin/../lib/gcc/avr/4.2.2/../../../../avr/lib/avr5/crtm32.o
                0x00000000                __vectors
                0x00000000                __vector_default
 *(.vectors)
 *(.progmem.gcc*)
 *(.progmem*)
 .progmem.data  0x00000054       0x53 main.o
                0x000000a8                . = ALIGN (0x2)
 *fill*         0x000000a7        0x1 00
                0x000000a8                __trampolines_start = .
 *(.trampolines)
 .trampolines   0x000000a8        0x0 linker stubs
 *(.trampolines*)
                0x000000a8                __trampolines_end = .
 *(.jumptables)
 *(.jumptables*)
 *(.lowtext)
 *(.lowtext*)
                0x000000a8                __ctors_start = .
 *(.ctors)
                0x000000a8                __ctors_end = .
                0x000000a8                __dtors_start = .
 *(.dtors)
                0x000000a8                __dtors_end = .
 SORT(*)(.ctors)
 SORT(*)(.dtors)
 *(.init0)
 .init0         0x000000a8        0x0 e:/winavr-20071221rc1/bin/../lib/gcc/avr/4.2.2/../../../../avr/lib/avr5/crtm32.o
                0x000000a8                __init
 *(.init0)
 *(.init1)
 *(.init1)
 *(.init2)
 .init2         0x000000a8        0xc e:/winavr-20071221rc1/bin/../lib/gcc/avr/4.2.2/../../../../avr/lib/avr5/crtm32.o
 *(.init2)
 *(.init3)
 *(.init3)
 *(.init4)
 .init4         0x000000b4       0x16 e:/winavr-20071221rc1/bin/../lib/gcc/avr/4.2.2/avr5\libgcc.a(_copy_data.o)
                0x000000b4                __do_copy_data
 .init4         0x000000ca       0x10 e:/winavr-20071221rc1/bin/../lib/gcc/avr/4.2.2/avr5\libgcc.a(_clear_bss.o)
                0x000000ca                __do_clear_bss
 *(.init4)
 *(.init5)
 *(.init5)
 *(.init6)
 *(.init6)
 *(.init7)
 *(.init7)
 *(.init8)
 *(.init8)
 *(.init9)
 .init9         0x000000da        0x8 e:/winavr-20071221rc1/bin/../lib/gcc/avr/4.2.2/../../../../avr/lib/avr5/crtm32.o
 *(.init9)
 *(.text)
 .text          0x000000e2        0x4 e:/winavr-20071221rc1/bin/../lib/gcc/avr/4.2.2/../../../../avr/lib/avr5/crtm32.o
                0x000000e2                __vector_1
                0x000000e2                __vector_12
                0x000000e2                __bad_interrupt
                0x000000e2                __vector_6
                0x000000e2                __vector_3
                0x000000e2                __vector_11
                0x000000e2                __vector_13
                0x000000e2                __vector_17
                0x000000e2                __vector_19
                0x000000e2                __vector_7
                0x000000e2                __vector_5
                0x000000e2                __vector_4
                0x000000e2                __vector_9
                0x000000e2                __vector_2
                0x000000e2                __vector_15
                0x000000e2                __vector_8
                0x000000e2                __vector_14
                0x000000e2                __vector_10
                0x000000e2                __vector_16
                0x000000e2                __vector_18
                0x000000e2                __vector_20
 .text          0x000000e6      0x200 lcd.o
                0x000001d6                lcd_data
                0x000001ea                lcd_gotoxy
                0x00000212                lcd_putc
                0x0000020a                lcd_home
                0x00000202                lcd_clrscr
                0x000001fa                lcd_getxy
                0x0000023c                lcd_puts
                0x00000254                lcd_puts_p
                0x00000270                lcd_init
                0x000001c2                lcd_command
                0x000001b6                lcd_backlight
 .text          0x000002e6        0x0 encoder.o
 .text          0x000002e6      0x162 main.o
                0x000002f6                main
                0x000002e6                wait_until_key_pressed
 .text          0x00000448        0x0 e:/winavr-20071221rc1/bin/../lib/gcc/avr/4.2.2/avr5\libgcc.a(_exit.o)
 .text          0x00000448        0x0 e:/winavr-20071221rc1/bin/../lib/gcc/avr/4.2.2/avr5\libgcc.a(_copy_data.o)
 .text          0x00000448        0x0 e:/winavr-20071221rc1/bin/../lib/gcc/avr/4.2.2/avr5\libgcc.a(_clear_bss.o)
 .text          0x00000448       0x42 e:/winavr-20071221rc1/bin/../lib/gcc/avr/4.2.2/../../../../avr/lib/avr5\libc.a(itoa.o)
                0x00000448                itoa
 .text          0x0000048a       0x20 e:/winavr-20071221rc1/bin/../lib/gcc/avr/4.2.2/../../../../avr/lib/avr5\libc.a(strrev.o)
                0x0000048a                strrev
 .text          0x000004aa        0x0 e:/winavr-20071221rc1/bin/../lib/gcc/avr/4.2.2/avr5\libgcc.a(_udivmodhi4.o)
                0x000004aa                . = ALIGN (0x2)
 *(.text.*)
 .text.libgcc   0x000004aa        0x0 e:/winavr-20071221rc1/bin/../lib/gcc/avr/4.2.2/avr5\libgcc.a(_exit.o)
 .text.libgcc   0x000004aa        0x0 e:/winavr-20071221rc1/bin/../lib/gcc/avr/4.2.2/avr5\libgcc.a(_copy_data.o)
 .text.libgcc   0x000004aa        0x0 e:/winavr-20071221rc1/bin/../lib/gcc/avr/4.2.2/avr5\libgcc.a(_clear_bss.o)
 .text.libgcc   0x000004aa       0x28 e:/winavr-20071221rc1/bin/../lib/gcc/avr/4.2.2/avr5\libgcc.a(_udivmodhi4.o)
                0x000004aa                __udivmodhi4
                0x000004d2                . = ALIGN (0x2)
 *(.fini9)
 .fini9         0x000004d2        0x0 e:/winavr-20071221rc1/bin/../lib/gcc/avr/4.2.2/avr5\libgcc.a(_exit.o)
                0x000004d2                exit
                0x000004d2                _exit
 *(.fini9)
 *(.fini8)
 *(.fini8)
 *(.fini7)
 *(.fini7)
 *(.fini6)
 *(.fini6)
 *(.fini5)
 *(.fini5)
 *(.fini4)
 *(.fini4)
 *(.fini3)
 *(.fini3)
 *(.fini2)
 *(.fini2)
 *(.fini1)
 *(.fini1)
 *(.fini0)
 .fini0         0x000004d2        0x2 e:/winavr-20071221rc1/bin/../lib/gcc/avr/4.2.2/avr5\libgcc.a(_exit.o)
 *(.fini0)
                0x000004d4                _etext = .

.data           0x00800060       0x2a load address 0x000004d4
                0x00800060                PROVIDE (__data_start, .)
 *(.data)
 .data          0x00800060        0x0 e:/winavr-20071221rc1/bin/../lib/gcc/avr/4.2.2/../../../../avr/lib/avr5/crtm32.o
 .data          0x00800060        0x0 lcd.o
 .data          0x00800060        0x0 encoder.o
 .data          0x00800060       0x2a main.o
 .data          0x0080008a        0x0 e:/winavr-20071221rc1/bin/../lib/gcc/avr/4.2.2/avr5\libgcc.a(_exit.o)
 .data          0x0080008a        0x0 e:/winavr-20071221rc1/bin/../lib/gcc/avr/4.2.2/avr5\libgcc.a(_copy_data.o)
 .data          0x0080008a        0x0 e:/winavr-20071221rc1/bin/../lib/gcc/avr/4.2.2/avr5\libgcc.a(_clear_bss.o)
 .data          0x0080008a        0x0 e:/winavr-20071221rc1/bin/../lib/gcc/avr/4.2.2/../../../../avr/lib/avr5\libc.a(itoa.o)
 .data          0x0080008a        0x0 e:/winavr-20071221rc1/bin/../lib/gcc/avr/4.2.2/../../../../avr/lib/avr5\libc.a(strrev.o)
 .data          0x0080008a        0x0 e:/winavr-20071221rc1/bin/../lib/gcc/avr/4.2.2/avr5\libgcc.a(_udivmodhi4.o)
 *(.data*)
 *(.rodata)
 *(.rodata*)
 *(.gnu.linkonce.d*)
                0x0080008a                . = ALIGN (0x2)
                0x0080008a                _edata = .
                0x0080008a                PROVIDE (__data_end, .)

.bss            0x0080008a        0x0 load address 0x000004fe
                0x0080008a                PROVIDE (__bss_start, .)
 *(.bss)
 .bss           0x0080008a        0x0 e:/winavr-20071221rc1/bin/../lib/gcc/avr/4.2.2/../../../../avr/lib/avr5/crtm32.o
 .bss           0x0080008a        0x0 lcd.o
 .bss           0x0080008a        0x0 encoder.o
 .bss           0x0080008a        0x0 main.o
 .bss           0x0080008a        0x0 e:/winavr-20071221rc1/bin/../lib/gcc/avr/4.2.2/avr5\libgcc.a(_exit.o)
 .bss           0x0080008a        0x0 e:/winavr-20071221rc1/bin/../lib/gcc/avr/4.2.2/avr5\libgcc.a(_copy_data.o)
 .bss           0x0080008a        0x0 e:/winavr-20071221rc1/bin/../lib/gcc/avr/4.2.2/avr5\libgcc.a(_clear_bss.o)
 .bss           0x0080008a        0x0 e:/winavr-20071221rc1/bin/../lib/gcc/avr/4.2.2/../../../../avr/lib/avr5\libc.a(itoa.o)
 .bss           0x0080008a        0x0 e:/winavr-20071221rc1/bin/../lib/gcc/avr/4.2.2/../../../../avr/lib/avr5\libc.a(strrev.o)
 .bss           0x0080008a        0x0 e:/winavr-20071221rc1/bin/../lib/gcc/avr/4.2.2/avr5\libgcc.a(_udivmodhi4.o)
 *(.bss*)
 *(COMMON)
                0x0080008a                PROVIDE (__bss_end, .)
                0x000004d4                __data_load_start = LOADADDR (.data)
                0x000004fe                __data_load_end = (__data_load_start + SIZEOF (.data))

.noinit         0x0080008a        0x0
                0x0080008a                PROVIDE (__noinit_start, .)
 *(.noinit*)
                0x0080008a                PROVIDE (__noinit_end, .)
                0x0080008a                _end = .
                0x0080008a                PROVIDE (__heap_start, .)

.eeprom         0x00810000        0x0
 *(.eeprom*)
                0x00810000                __eeprom_end = .

.fuse
 *(.fuse)
 *(.lfuse)
 *(.hfuse)
 *(.efuse)

.lock
 *(.lock*)

.signature
 *(.signature*)

.stab           0x00000000      0x378
 *(.stab)
 .stab          0x00000000      0x378 e:/winavr-20071221rc1/bin/../lib/gcc/avr/4.2.2/../../../../avr/lib/avr5/crtm32.o

.stabstr        0x00000000       0x5f
 *(.stabstr)
 .stabstr       0x00000000       0x5f e:/winavr-20071221rc1/bin/../lib/gcc/avr/4.2.2/../../../../avr/lib/avr5/crtm32.o

.stab.excl
 *(.stab.excl)

.stab.exclstr
 *(.stab.exclstr)

.stab.index
 *(.stab.index)

.stab.indexstr
 *(.stab.indexstr)

.comment
 *(.comment)

.debug
 *(.debug)

.line
 *(.line)

.debug_srcinfo
 *(.debug_srcinfo)

.debug_sfnames
 *(.debug_sfnames)

.debug_aranges  0x00000000       0x40
 *(.debug_aranges)
 .debug_aranges
                0x00000000       0x20 lcd.o
 .debug_aranges
                0x00000020       0x20 main.o

.debug_pubnames
                0x00000000       0xe6
 *(.debug_pubnames)
 .debug_pubnames
                0x00000000       0xb0 lcd.o
 .debug_pubnames
                0x000000b0       0x36 main.o

.debug_info     0x00000000      0x649
 *(.debug_info)
 .debug_info    0x00000000      0x43b lcd.o
 .debug_info    0x0000043b       0x61 encoder.o
 .debug_info    0x0000049c      0x1ad main.o
 *(.gnu.linkonce.wi.*)

.debug_abbrev   0x00000000      0x332
 *(.debug_abbrev)
 .debug_abbrev  0x00000000      0x224 lcd.o
 .debug_abbrev  0x00000224       0x33 encoder.o
 .debug_abbrev  0x00000257       0xdb main.o

.debug_line     0x00000000      0x6ca
 *(.debug_line)
 .debug_line    0x00000000      0x47b lcd.o
 .debug_line    0x0000047b       0x41 encoder.o
 .debug_line    0x000004bc      0x20e main.o

.debug_frame    0x00000000      0x130
 *(.debug_frame)
 .debug_frame   0x00000000      0x100 lcd.o
 .debug_frame   0x00000100       0x30 main.o

.debug_str      0x00000000      0x1c1
 *(.debug_str)
 .debug_str     0x00000000      0x173 lcd.o
                                0x1b1 (size before relaxing)
 .debug_str     0x00000173        0xa encoder.o
                                 0x9d (size before relaxing)
 .debug_str     0x0000017d       0x44 main.o
                                 0xff (size before relaxing)

.debug_loc      0x00000000      0x286
 *(.debug_loc)
 .debug_loc     0x00000000      0x273 lcd.o
 .debug_loc     0x00000273       0x13 main.o

.debug_macinfo
 *(.debug_macinfo)
OUTPUT(lcd.out elf32-avr)
LOAD linker stubs
