Archive member included because of file (symbol)

d:/winavr-20071221/bin/../lib/gcc/avr/4.2.2/avr5\libgcc.a(_exit.o)
                              d:/winavr-20071221/bin/../lib/gcc/avr/4.2.2/../../../../avr/lib/avr5/crtm32.o (exit)
d:/winavr-20071221/bin/../lib/gcc/avr/4.2.2/avr5\libgcc.a(_copy_data.o)
                              main.o (__do_copy_data)
d:/winavr-20071221/bin/../lib/gcc/avr/4.2.2/avr5\libgcc.a(_clear_bss.o)
                              main.o (__do_clear_bss)
d:/winavr-20071221/bin/../lib/gcc/avr/4.2.2/../../../../avr/lib/avr5\libc.a(itoa.o)
                              uart.o (itoa)
d:/winavr-20071221/bin/../lib/gcc/avr/4.2.2/../../../../avr/lib/avr5\libc.a(utoa.o)
                              uart.o (utoa)
d:/winavr-20071221/bin/../lib/gcc/avr/4.2.2/../../../../avr/lib/avr5\libc.a(strrev.o)
                              d:/winavr-20071221/bin/../lib/gcc/avr/4.2.2/../../../../avr/lib/avr5\libc.a(itoa.o) (strrev)
d:/winavr-20071221/bin/../lib/gcc/avr/4.2.2/avr5\libgcc.a(_udivmodhi4.o)
                              d:/winavr-20071221/bin/../lib/gcc/avr/4.2.2/../../../../avr/lib/avr5\libc.a(itoa.o) (__udivmodhi4)

Allocating common symbols
Common symbol       size              file

b_din               0x4               mcp3204.o
p_data              0x8               mcp4922.o
p_leds              0x20              leds.o
p_cs                0x8               mcp4922.o
b_ldac              0x4               mcp4922.o
b_cs                0x4               mcp4922.o
uartbuf             0x20              uart.o
uart_len            0x1               uart.o
b_leds              0x10              leds.o
bal                 0x2               main.o
b_data              0x4               mcp4922.o
vol                 0x2               main.o
p_ldac              0x8               mcp4922.o
p_dout              0x8               mcp3204.o
b_dout              0x4               mcp3204.o
b_clk               0x4               mcp4922.o
p_clk               0x8               mcp4922.o
p_din               0x8               mcp3204.o
uart_done           0x1               uart.o
ch                  0x2               main.o
sem_uart            0x1               uart.o

Memory Configuration

Name             Origin             Length             Attributes
text             0x00000000         0x00020000         xr
data             0x00800060         0x0000ffa0         rw !x
eeprom           0x00810000         0x00010000         rw !x
fuse             0x00820000         0x00000400         rw !x
lock             0x00830000         0x00000400         rw !x
signature        0x00840000         0x00000400         rw !x
*default*        0x00000000         0xffffffff

Linker script and memory map

LOAD d:/winavr-20071221/bin/../lib/gcc/avr/4.2.2/../../../../avr/lib/avr5/crtm32.o
LOAD d:/winavr-20071221/bin/../lib/gcc/avr/4.2.2/../../../../avr/lib/avr5\libm.a
LOAD main.o
LOAD uart.o
LOAD mcp4922.o
LOAD mcp3204.o
LOAD delay.o
LOAD leds.o
LOAD d:/winavr-20071221/bin/../lib/gcc/avr/4.2.2/avr5\libgcc.a
LOAD d:/winavr-20071221/bin/../lib/gcc/avr/4.2.2/../../../../avr/lib/avr5\libc.a
LOAD d:/winavr-20071221/bin/../lib/gcc/avr/4.2.2/avr5\libgcc.a

.hash
 *(.hash)

.dynsym
 *(.dynsym)

.dynstr
 *(.dynstr)

.gnu.version
 *(.gnu.version)

.gnu.version_d
 *(.gnu.version_d)

.gnu.version_r
 *(.gnu.version_r)

.rel.init
 *(.rel.init)

.rela.init
 *(.rela.init)

.rel.text
 *(.rel.text)
 *(.rel.text.*)
 *(.rel.gnu.linkonce.t*)

.rela.text
 *(.rela.text)
 *(.rela.text.*)
 *(.rela.gnu.linkonce.t*)

.rel.fini
 *(.rel.fini)

.rela.fini
 *(.rela.fini)

.rel.rodata
 *(.rel.rodata)
 *(.rel.rodata.*)
 *(.rel.gnu.linkonce.r*)

.rela.rodata
 *(.rela.rodata)
 *(.rela.rodata.*)
 *(.rela.gnu.linkonce.r*)

.rel.data
 *(.rel.data)
 *(.rel.data.*)
 *(.rel.gnu.linkonce.d*)

.rela.data
 *(.rela.data)
 *(.rela.data.*)
 *(.rela.gnu.linkonce.d*)

.rel.ctors
 *(.rel.ctors)

.rela.ctors
 *(.rela.ctors)

.rel.dtors
 *(.rel.dtors)

.rela.dtors
 *(.rela.dtors)

.rel.got
 *(.rel.got)

.rela.got
 *(.rela.got)

.rel.bss
 *(.rel.bss)

.rela.bss
 *(.rela.bss)

.rel.plt
 *(.rel.plt)

.rela.plt
 *(.rela.plt)

.text           0x00000000     0x108e
 *(.vectors)
 .vectors       0x00000000       0x54 d:/winavr-20071221/bin/../lib/gcc/avr/4.2.2/../../../../avr/lib/avr5/crtm32.o
                0x00000000                __vectors
                0x00000000                __vector_default
 *(.vectors)
 *(.progmem.gcc*)
 *(.progmem*)
                0x00000054                . = ALIGN (0x2)
                0x00000054                __trampolines_start = .
 *(.trampolines)
 .trampolines   0x00000054        0x0 linker stubs
 *(.trampolines*)
                0x00000054                __trampolines_end = .
 *(.jumptables)
 *(.jumptables*)
 *(.lowtext)
 *(.lowtext*)
                0x00000054                __ctors_start = .
 *(.ctors)
                0x00000054                __ctors_end = .
                0x00000054                __dtors_start = .
 *(.dtors)
                0x00000054                __dtors_end = .
 SORT(*)(.ctors)
 SORT(*)(.dtors)
 *(.init0)
 .init0         0x00000054        0x0 d:/winavr-20071221/bin/../lib/gcc/avr/4.2.2/../../../../avr/lib/avr5/crtm32.o
                0x00000054                __init
 *(.init0)
 *(.init1)
 *(.init1)
 *(.init2)
 .init2         0x00000054        0xc d:/winavr-20071221/bin/../lib/gcc/avr/4.2.2/../../../../avr/lib/avr5/crtm32.o
 *(.init2)
 *(.init3)
 *(.init3)
 *(.init4)
 .init4         0x00000060       0x16 d:/winavr-20071221/bin/../lib/gcc/avr/4.2.2/avr5\libgcc.a(_copy_data.o)
                0x00000060                __do_copy_data
 .init4         0x00000076       0x10 d:/winavr-20071221/bin/../lib/gcc/avr/4.2.2/avr5\libgcc.a(_clear_bss.o)
                0x00000076                __do_clear_bss
 *(.init4)
 *(.init5)
 *(.init5)
 *(.init6)
 *(.init6)
 *(.init7)
 *(.init7)
 *(.init8)
 *(.init8)
 *(.init9)
 .init9         0x00000086        0x8 d:/winavr-20071221/bin/../lib/gcc/avr/4.2.2/../../../../avr/lib/avr5/crtm32.o
 *(.init9)
 *(.text)
 .text          0x0000008e        0x4 d:/winavr-20071221/bin/../lib/gcc/avr/4.2.2/../../../../avr/lib/avr5/crtm32.o
                0x0000008e                __vector_1
                0x0000008e                __vector_12
                0x0000008e                __bad_interrupt
                0x0000008e                __vector_6
                0x0000008e                __vector_3
                0x0000008e                __vector_11
                0x0000008e                __vector_17
                0x0000008e                __vector_19
                0x0000008e                __vector_7
                0x0000008e                __vector_5
                0x0000008e                __vector_4
                0x0000008e                __vector_9
                0x0000008e                __vector_2
                0x0000008e                __vector_15
                0x0000008e                __vector_8
                0x0000008e                __vector_14
                0x0000008e                __vector_10
                0x0000008e                __vector_16
                0x0000008e                __vector_18
                0x0000008e                __vector_20
 .text          0x00000092      0x150 main.o
                0x00000092                main
 .text          0x000001e2      0x19c uart.o
                0x000001fc                lock
                0x000001ea                uart_puts
                0x00000330                __vector_13
                0x00000204                unlock
                0x00000310                uart_init
                0x000001e2                uart_putc
                0x0000020a                uart_printf
 .text          0x0000037e      0x5de mcp4922.o
                0x000007a0                mcp4922_spiw
                0x0000037e                init_mcp4922
                0x00000632                init_mcp4922_spi
                0x00000860                mcp4922_putw
 .text          0x0000095c      0x4f2 mcp3204.o
                0x0000095c                init_mcp3204
                0x00000c38                mcp3204_getw
 .text          0x00000e4e       0x76 delay.o
                0x00000e9a                sleep
                0x00000e4e                udelay
                0x00000e70                delay
 .text          0x00000ec4      0x112 leds.o
                0x00000ec4                init_led
                0x00000fb2                clr_led
                0x00000f90                set_led
                0x00000f32                init_leds
 .text          0x00000fd6        0x0 d:/winavr-20071221/bin/../lib/gcc/avr/4.2.2/avr5\libgcc.a(_exit.o)
 .text          0x00000fd6        0x0 d:/winavr-20071221/bin/../lib/gcc/avr/4.2.2/avr5\libgcc.a(_copy_data.o)
 .text          0x00000fd6        0x0 d:/winavr-20071221/bin/../lib/gcc/avr/4.2.2/avr5\libgcc.a(_clear_bss.o)
 .text          0x00000fd6       0x42 d:/winavr-20071221/bin/../lib/gcc/avr/4.2.2/../../../../avr/lib/avr5\libc.a(itoa.o)
                0x00000fd6                itoa
 .text          0x00001018       0x2c d:/winavr-20071221/bin/../lib/gcc/avr/4.2.2/../../../../avr/lib/avr5\libc.a(utoa.o)
                0x00001018                utoa
 .text          0x00001044       0x20 d:/winavr-20071221/bin/../lib/gcc/avr/4.2.2/../../../../avr/lib/avr5\libc.a(strrev.o)
                0x00001044                strrev
 .text          0x00001064        0x0 d:/winavr-20071221/bin/../lib/gcc/avr/4.2.2/avr5\libgcc.a(_udivmodhi4.o)
                0x00001064                . = ALIGN (0x2)
 *(.text.*)
 .text.libgcc   0x00001064        0x0 d:/winavr-20071221/bin/../lib/gcc/avr/4.2.2/avr5\libgcc.a(_exit.o)
 .text.libgcc   0x00001064        0x0 d:/winavr-20071221/bin/../lib/gcc/avr/4.2.2/avr5\libgcc.a(_copy_data.o)
 .text.libgcc   0x00001064        0x0 d:/winavr-20071221/bin/../lib/gcc/avr/4.2.2/avr5\libgcc.a(_clear_bss.o)
 .text.libgcc   0x00001064       0x28 d:/winavr-20071221/bin/../lib/gcc/avr/4.2.2/avr5\libgcc.a(_udivmodhi4.o)
                0x00001064                __udivmodhi4
                0x0000108c                . = ALIGN (0x2)
 *(.fini9)
 .fini9         0x0000108c        0x0 d:/winavr-20071221/bin/../lib/gcc/avr/4.2.2/avr5\libgcc.a(_exit.o)
                0x0000108c                exit
                0x0000108c                _exit
 *(.fini9)
 *(.fini8)
 *(.fini8)
 *(.fini7)
 *(.fini7)
 *(.fini6)
 *(.fini6)
 *(.fini5)
 *(.fini5)
 *(.fini4)
 *(.fini4)
 *(.fini3)
 *(.fini3)
 *(.fini2)
 *(.fini2)
 *(.fini1)
 *(.fini1)
 *(.fini0)
 .fini0         0x0000108c        0x2 d:/winavr-20071221/bin/../lib/gcc/avr/4.2.2/avr5\libgcc.a(_exit.o)
 *(.fini0)
                0x0000108e                _etext = .

.data           0x00800060       0x5c load address 0x0000108e
                0x00800060                PROVIDE (__data_start, .)
 *(.data)
 .data          0x00800060        0x0 d:/winavr-20071221/bin/../lib/gcc/avr/4.2.2/../../../../avr/lib/avr5/crtm32.o
 .data          0x00800060       0x53 main.o
 .data          0x008000b3        0x0 uart.o
 .data          0x008000b3        0x9 mcp4922.o
 .data          0x008000bc        0x0 mcp3204.o
 .data          0x008000bc        0x0 delay.o
 .data          0x008000bc        0x0 leds.o
 .data          0x008000bc        0x0 d:/winavr-20071221/bin/../lib/gcc/avr/4.2.2/avr5\libgcc.a(_exit.o)
 .data          0x008000bc        0x0 d:/winavr-20071221/bin/../lib/gcc/avr/4.2.2/avr5\libgcc.a(_copy_data.o)
 .data          0x008000bc        0x0 d:/winavr-20071221/bin/../lib/gcc/avr/4.2.2/avr5\libgcc.a(_clear_bss.o)
 .data          0x008000bc        0x0 d:/winavr-20071221/bin/../lib/gcc/avr/4.2.2/../../../../avr/lib/avr5\libc.a(itoa.o)
 .data          0x008000bc        0x0 d:/winavr-20071221/bin/../lib/gcc/avr/4.2.2/../../../../avr/lib/avr5\libc.a(utoa.o)
 .data          0x008000bc        0x0 d:/winavr-20071221/bin/../lib/gcc/avr/4.2.2/../../../../avr/lib/avr5\libc.a(strrev.o)
 .data          0x008000bc        0x0 d:/winavr-20071221/bin/../lib/gcc/avr/4.2.2/avr5\libgcc.a(_udivmodhi4.o)
 *(.data*)
 *(.rodata)
 *(.rodata*)
 *(.gnu.linkonce.d*)
                0x008000bc                . = ALIGN (0x2)
                0x008000bc                _edata = .
                0x008000bc                PROVIDE (__data_end, .)

.bss            0x008000bc       0xa1 load address 0x000010ea
                0x008000bc                PROVIDE (__bss_start, .)
 *(.bss)
 .bss           0x008000bc        0x0 d:/winavr-20071221/bin/../lib/gcc/avr/4.2.2/../../../../avr/lib/avr5/crtm32.o
 .bss           0x008000bc        0x0 main.o
 .bss           0x008000bc        0x0 uart.o
 .bss           0x008000bc        0x0 mcp4922.o
 .bss           0x008000bc        0x0 mcp3204.o
 .bss           0x008000bc        0x0 delay.o
 .bss           0x008000bc        0x0 leds.o
 .bss           0x008000bc        0x0 d:/winavr-20071221/bin/../lib/gcc/avr/4.2.2/avr5\libgcc.a(_exit.o)
 .bss           0x008000bc        0x0 d:/winavr-20071221/bin/../lib/gcc/avr/4.2.2/avr5\libgcc.a(_copy_data.o)
 .bss           0x008000bc        0x0 d:/winavr-20071221/bin/../lib/gcc/avr/4.2.2/avr5\libgcc.a(_clear_bss.o)
 .bss           0x008000bc        0x0 d:/winavr-20071221/bin/../lib/gcc/avr/4.2.2/../../../../avr/lib/avr5\libc.a(itoa.o)
 .bss           0x008000bc        0x0 d:/winavr-20071221/bin/../lib/gcc/avr/4.2.2/../../../../avr/lib/avr5\libc.a(utoa.o)
 .bss           0x008000bc        0x0 d:/winavr-20071221/bin/../lib/gcc/avr/4.2.2/../../../../avr/lib/avr5\libc.a(strrev.o)
 .bss           0x008000bc        0x0 d:/winavr-20071221/bin/../lib/gcc/avr/4.2.2/avr5\libgcc.a(_udivmodhi4.o)
 *(.bss*)
 *(COMMON)
 COMMON         0x008000bc        0x6 main.o
                0x008000bc                bal
                0x008000be                vol
                0x008000c0                ch
 COMMON         0x008000c2       0x23 uart.o
                0x008000c2                uartbuf
                0x008000e2                uart_len
                0x008000e3                uart_done
                0x008000e4                sem_uart
 COMMON         0x008000e5       0x30 mcp4922.o
                0x008000e5                p_data
                0x008000ed                p_cs
                0x008000f5                b_ldac
                0x008000f9                b_cs
                0x008000fd                b_data
                0x00800101                p_ldac
                0x00800109                b_clk
                0x0080010d                p_clk
 COMMON         0x00800115       0x18 mcp3204.o
                0x00800115                b_din
                0x00800119                p_dout
                0x00800121                b_dout
                0x00800125                p_din
 COMMON         0x0080012d       0x30 leds.o
                0x0080012d                p_leds
                0x0080014d                b_leds
                0x0080015d                PROVIDE (__bss_end, .)
                0x0000108e                __data_load_start = LOADADDR (.data)
                0x000010ea                __data_load_end = (__data_load_start + SIZEOF (.data))

.noinit         0x0080015d        0x0
                0x0080015d                PROVIDE (__noinit_start, .)
 *(.noinit*)
                0x0080015d                PROVIDE (__noinit_end, .)
                0x0080015d                _end = .
                0x0080015d                PROVIDE (__heap_start, .)

.eeprom         0x00810000        0x0
 *(.eeprom*)
                0x00810000                __eeprom_end = .

.fuse
 *(.fuse)
 *(.lfuse)
 *(.hfuse)
 *(.efuse)

.lock
 *(.lock*)

.signature
 *(.signature*)

.stab           0x00000000      0x378
 *(.stab)
 .stab          0x00000000      0x378 d:/winavr-20071221/bin/../lib/gcc/avr/4.2.2/../../../../avr/lib/avr5/crtm32.o

.stabstr        0x00000000       0x5f
 *(.stabstr)
 .stabstr       0x00000000       0x5f d:/winavr-20071221/bin/../lib/gcc/avr/4.2.2/../../../../avr/lib/avr5/crtm32.o

.stab.excl
 *(.stab.excl)

.stab.exclstr
 *(.stab.exclstr)

.stab.index
 *(.stab.index)

.stab.indexstr
 *(.stab.indexstr)

.comment
 *(.comment)

.debug
 *(.debug)

.line
 *(.line)

.debug_srcinfo
 *(.debug_srcinfo)

.debug_sfnames
 *(.debug_sfnames)

.debug_aranges  0x00000000       0xc0
 *(.debug_aranges)
 .debug_aranges
                0x00000000       0x20 main.o
 .debug_aranges
                0x00000020       0x20 uart.o
 .debug_aranges
                0x00000040       0x20 mcp4922.o
 .debug_aranges
                0x00000060       0x20 mcp3204.o
 .debug_aranges
                0x00000080       0x20 delay.o
 .debug_aranges
                0x000000a0       0x20 leds.o

.debug_pubnames
                0x00000000      0x292
 *(.debug_pubnames)
 .debug_pubnames
                0x00000000       0x32 main.o
 .debug_pubnames
                0x00000032       0xa4 uart.o
 .debug_pubnames
                0x000000d6       0xac mcp4922.o
 .debug_pubnames
                0x00000182       0x84 mcp3204.o
 .debug_pubnames
                0x00000206       0x31 delay.o
 .debug_pubnames
                0x00000237       0x5b leds.o

.debug_info     0x00000000      0xd1d
 *(.debug_info)
 .debug_info    0x00000000       0xe6 main.o
 .debug_info    0x000000e6      0x324 uart.o
 .debug_info    0x0000040a      0x383 mcp4922.o
 .debug_info    0x0000078d      0x2aa mcp3204.o
 .debug_info    0x00000a37      0x123 delay.o
 .debug_info    0x00000b5a      0x1c3 leds.o
 *(.gnu.linkonce.wi.*)

.debug_abbrev   0x00000000      0x516
 *(.debug_abbrev)
 .debug_abbrev  0x00000000       0x70 main.o
 .debug_abbrev  0x00000070      0x133 uart.o
 .debug_abbrev  0x000001a3       0xf3 mcp4922.o
 .debug_abbrev  0x00000296       0xfd mcp3204.o
 .debug_abbrev  0x00000393       0xaa delay.o
 .debug_abbrev  0x0000043d       0xd9 leds.o

.debug_line     0x00000000      0xc42
 *(.debug_line)
 .debug_line    0x00000000      0x14f main.o
 .debug_line    0x0000014f      0x24d uart.o
 .debug_line    0x0000039c      0x38b mcp4922.o
 .debug_line    0x00000727      0x348 mcp3204.o
 .debug_line    0x00000a6f       0xa6 delay.o
 .debug_line    0x00000b15      0x12d leds.o

.debug_frame    0x00000000      0x1b0
 *(.debug_frame)
 .debug_frame   0x00000000       0x20 main.o
 .debug_frame   0x00000020       0x80 uart.o
 .debug_frame   0x000000a0       0x50 mcp4922.o
 .debug_frame   0x000000f0       0x30 mcp3204.o
 .debug_frame   0x00000120       0x40 delay.o
 .debug_frame   0x00000160       0x50 leds.o

.debug_str      0x00000000      0x288
 *(.debug_str)
 .debug_str     0x00000000       0x6f main.o
                                 0xa3 (size before relaxing)
 .debug_str     0x0000006f       0xa0 uart.o
                                0x14e (size before relaxing)
 .debug_str     0x0000010f       0xa8 mcp4922.o
                                0x151 (size before relaxing)
 .debug_str     0x000001b7       0x59 mcp3204.o
                                0x127 (size before relaxing)
 .debug_str     0x00000210       0x2e delay.o
                                 0xcb (size before relaxing)
 .debug_str     0x0000023e       0x4a leds.o
                                 0xee (size before relaxing)

.debug_loc      0x00000000      0x5a2
 *(.debug_loc)
 .debug_loc     0x00000000       0xd8 uart.o
 .debug_loc     0x000000d8      0x2ae mcp4922.o
 .debug_loc     0x00000386      0x155 mcp3204.o
 .debug_loc     0x000004db       0x68 delay.o
 .debug_loc     0x00000543       0x5f leds.o

.debug_macinfo
 *(.debug_macinfo)
OUTPUT(volreg.out elf32-avr)
LOAD linker stubs
