Archive member included because of file (symbol)

/usr/local/AVR/lib/gcc/avr/4.2.1/avr5/libgcc.a(_exit.o)
                              /usr/local/AVR/lib/gcc/avr/4.2.1/../../../../avr/lib/avr5/crtm32.o (exit)
/usr/local/AVR/lib/gcc/avr/4.2.1/avr5/libgcc.a(_copy_data.o)
                              lcd.o (__do_copy_data)
/usr/local/AVR/lib/gcc/avr/4.2.1/avr5/libgcc.a(_clear_bss.o)
                              lcd.o (__do_clear_bss)
/usr/local/AVR/lib/gcc/avr/4.2.1/../../../../avr/lib/avr5/libc.a(itoa.o)
                              test_lcd.o (itoa)
/usr/local/AVR/lib/gcc/avr/4.2.1/../../../../avr/lib/avr5/libc.a(strrev.o)
                              /usr/local/AVR/lib/gcc/avr/4.2.1/../../../../avr/lib/avr5/libc.a(itoa.o) (strrev)
/usr/local/AVR/lib/gcc/avr/4.2.1/avr5/libgcc.a(_udivmodhi4.o)
                              /usr/local/AVR/lib/gcc/avr/4.2.1/../../../../avr/lib/avr5/libc.a(itoa.o) (__udivmodhi4)

Discarded input sections

 .stabstr       0x00000000        0x0 /usr/local/AVR/lib/gcc/avr/4.2.1/../../../../avr/lib/avr5/crtm32.o
 .stabstr       0x00000000        0x0 lcd.o
 .stabstr       0x00000000        0x0 test_lcd.o
 .stabstr       0x00000000        0x0 /usr/local/AVR/lib/gcc/avr/4.2.1/../../../../avr/lib/avr5/libc.a(itoa.o)
 .stabstr       0x00000000        0x0 /usr/local/AVR/lib/gcc/avr/4.2.1/../../../../avr/lib/avr5/libc.a(strrev.o)

Memory Configuration

Name             Origin             Length             Attributes
text             0x00000000         0x00020000         xr
data             0x00800060         0x0000ffa0         rw !x
eeprom           0x00810000         0x00010000         rw !x
*default*        0x00000000         0xffffffff

Linker script and memory map

LOAD /usr/local/AVR/lib/gcc/avr/4.2.1/../../../../avr/lib/avr5/crtm32.o
LOAD /usr/local/AVR/lib/gcc/avr/4.2.1/../../../../avr/lib/avr5/libm.a
LOAD lcd.o
LOAD test_lcd.o
LOAD /usr/local/AVR/lib/gcc/avr/4.2.1/avr5/libgcc.a
LOAD /usr/local/AVR/lib/gcc/avr/4.2.1/../../../../avr/lib/avr5/libc.a
LOAD /usr/local/AVR/lib/gcc/avr/4.2.1/avr5/libgcc.a

.hash
 *(.hash)

.dynsym
 *(.dynsym)

.dynstr
 *(.dynstr)

.gnu.version
 *(.gnu.version)

.gnu.version_d
 *(.gnu.version_d)

.gnu.version_r
 *(.gnu.version_r)

.rel.init
 *(.rel.init)

.rela.init
 *(.rela.init)

.rel.text
 *(.rel.text)
 *(.rel.text.*)
 *(.rel.gnu.linkonce.t*)

.rela.text
 *(.rela.text)
 *(.rela.text.*)
 *(.rela.gnu.linkonce.t*)

.rel.fini
 *(.rel.fini)

.rela.fini
 *(.rela.fini)

.rel.rodata
 *(.rel.rodata)
 *(.rel.rodata.*)
 *(.rel.gnu.linkonce.r*)

.rela.rodata
 *(.rela.rodata)
 *(.rela.rodata.*)
 *(.rela.gnu.linkonce.r*)

.rel.data
 *(.rel.data)
 *(.rel.data.*)
 *(.rel.gnu.linkonce.d*)

.rela.data
 *(.rela.data)
 *(.rela.data.*)
 *(.rela.gnu.linkonce.d*)

.rel.ctors
 *(.rel.ctors)

.rela.ctors
 *(.rela.ctors)

.rel.dtors
 *(.rel.dtors)

.rela.dtors
 *(.rela.dtors)

.rel.got
 *(.rel.got)

.rela.got
 *(.rela.got)

.rel.bss
 *(.rel.bss)

.rela.bss
 *(.rela.bss)

.rel.plt
 *(.rel.plt)

.rela.plt
 *(.rela.plt)

.text           0x00000000      0x42a
 *(.vectors)
 .vectors       0x00000000       0x54 /usr/local/AVR/lib/gcc/avr/4.2.1/../../../../avr/lib/avr5/crtm32.o
                0x00000000                __vectors
                0x00000000                __vector_default
 *(.vectors)
                0x00000054                __ctors_start = .
 *(.ctors)
                0x00000054                __ctors_end = .
                0x00000054                __dtors_start = .
 *(.dtors)
                0x00000054                __dtors_end = .
 SORT(*)(.ctors)
 SORT(*)(.dtors)
 *(.progmem.gcc*)
 *(.progmem*)
 .progmem.data  0x00000054       0x53 test_lcd.o
                0x000000a8                . = ALIGN (0x2)
 *fill*         0x000000a7        0x1 00
 *(.jumptables)
 *(.jumptables*)
 *(.lowtext)
 *(.lowtext*)
 *(.init0)
 .init0         0x000000a8        0x0 /usr/local/AVR/lib/gcc/avr/4.2.1/../../../../avr/lib/avr5/crtm32.o
                0x000000a8                __init
 *(.init0)
 *(.init1)
 *(.init1)
 *(.init2)
 .init2         0x000000a8        0xc /usr/local/AVR/lib/gcc/avr/4.2.1/../../../../avr/lib/avr5/crtm32.o
 *(.init2)
 *(.init3)
 *(.init3)
 *(.init4)
 .init4         0x000000b4       0x16 /usr/local/AVR/lib/gcc/avr/4.2.1/avr5/libgcc.a(_copy_data.o)
                0x000000b4                __do_copy_data
 .init4         0x000000ca       0x10 /usr/local/AVR/lib/gcc/avr/4.2.1/avr5/libgcc.a(_clear_bss.o)
                0x000000ca                __do_clear_bss
 *(.init4)
 *(.init5)
 *(.init5)
 *(.init6)
 *(.init6)
 *(.init7)
 *(.init7)
 *(.init8)
 *(.init8)
 *(.init9)
 .init9         0x000000da        0x8 /usr/local/AVR/lib/gcc/avr/4.2.1/../../../../avr/lib/avr5/crtm32.o
 *(.init9)
 *(.text)
 .text          0x000000e2        0x4 /usr/local/AVR/lib/gcc/avr/4.2.1/../../../../avr/lib/avr5/crtm32.o
                0x000000e2                __vector_1
                0x000000e2                __vector_12
                0x000000e2                __bad_interrupt
                0x000000e2                __vector_6
                0x000000e2                __vector_3
                0x000000e2                __vector_11
                0x000000e2                __vector_13
                0x000000e2                __vector_17
                0x000000e2                __vector_19
                0x000000e2                __vector_7
                0x000000e2                __vector_5
                0x000000e2                __vector_4
                0x000000e2                __vector_9
                0x000000e2                __vector_2
                0x000000e2                __vector_15
                0x000000e2                __vector_8
                0x000000e2                __vector_14
                0x000000e2                __vector_10
                0x000000e2                __vector_16
                0x000000e2                __vector_18
                0x000000e2                __vector_20
 .text          0x000000e6      0x1ae lcd.o
                0x0000018c                lcd_data
                0x000001a0                lcd_gotoxy
                0x000001c8                lcd_putc
                0x000001c0                lcd_home
                0x000001b8                lcd_clrscr
                0x000001b0                lcd_getxy
                0x000001f2                lcd_puts
                0x0000020a                lcd_puts_p
                0x00000226                lcd_init
                0x00000178                lcd_command
 .text          0x00000294      0x10a test_lcd.o
                0x000002a4                main
                0x00000294                wait_until_key_pressed
 .text          0x0000039e        0x0 /usr/local/AVR/lib/gcc/avr/4.2.1/avr5/libgcc.a(_exit.o)
 .text          0x0000039e        0x0 /usr/local/AVR/lib/gcc/avr/4.2.1/avr5/libgcc.a(_copy_data.o)
 .text          0x0000039e        0x0 /usr/local/AVR/lib/gcc/avr/4.2.1/avr5/libgcc.a(_clear_bss.o)
 .text          0x0000039e       0x42 /usr/local/AVR/lib/gcc/avr/4.2.1/../../../../avr/lib/avr5/libc.a(itoa.o)
                0x0000039e                itoa
 .text          0x000003e0       0x20 /usr/local/AVR/lib/gcc/avr/4.2.1/../../../../avr/lib/avr5/libc.a(strrev.o)
                0x000003e0                strrev
 .text          0x00000400        0x0 /usr/local/AVR/lib/gcc/avr/4.2.1/avr5/libgcc.a(_udivmodhi4.o)
                0x00000400                . = ALIGN (0x2)
 *(.text.*)
 .text.libgcc   0x00000400        0x0 /usr/local/AVR/lib/gcc/avr/4.2.1/avr5/libgcc.a(_exit.o)
 .text.libgcc   0x00000400        0x0 /usr/local/AVR/lib/gcc/avr/4.2.1/avr5/libgcc.a(_copy_data.o)
 .text.libgcc   0x00000400        0x0 /usr/local/AVR/lib/gcc/avr/4.2.1/avr5/libgcc.a(_clear_bss.o)
 .text.libgcc   0x00000400       0x28 /usr/local/AVR/lib/gcc/avr/4.2.1/avr5/libgcc.a(_udivmodhi4.o)
                0x00000400                __udivmodhi4
                0x00000428                . = ALIGN (0x2)
 *(.fini9)
 .fini9         0x00000428        0x0 /usr/local/AVR/lib/gcc/avr/4.2.1/avr5/libgcc.a(_exit.o)
                0x00000428                exit
                0x00000428                _exit
 *(.fini9)
 *(.fini8)
 *(.fini8)
 *(.fini7)
 *(.fini7)
 *(.fini6)
 *(.fini6)
 *(.fini5)
 *(.fini5)
 *(.fini4)
 *(.fini4)
 *(.fini3)
 *(.fini3)
 *(.fini2)
 *(.fini2)
 *(.fini1)
 *(.fini1)
 *(.fini0)
 .fini0         0x00000428        0x2 /usr/local/AVR/lib/gcc/avr/4.2.1/avr5/libgcc.a(_exit.o)
 *(.fini0)
                0x0000042a                _etext = .

.data           0x00800060       0x2a load address 0x0000042a
                0x00800060                PROVIDE (__data_start, .)
 *(.data)
 .data          0x00800060        0x0 /usr/local/AVR/lib/gcc/avr/4.2.1/../../../../avr/lib/avr5/crtm32.o
 .data          0x00800060        0x0 lcd.o
 .data          0x00800060       0x2a test_lcd.o
 .data          0x0080008a        0x0 /usr/local/AVR/lib/gcc/avr/4.2.1/avr5/libgcc.a(_exit.o)
 .data          0x0080008a        0x0 /usr/local/AVR/lib/gcc/avr/4.2.1/avr5/libgcc.a(_copy_data.o)
 .data          0x0080008a        0x0 /usr/local/AVR/lib/gcc/avr/4.2.1/avr5/libgcc.a(_clear_bss.o)
 .data          0x0080008a        0x0 /usr/local/AVR/lib/gcc/avr/4.2.1/../../../../avr/lib/avr5/libc.a(itoa.o)
 .data          0x0080008a        0x0 /usr/local/AVR/lib/gcc/avr/4.2.1/../../../../avr/lib/avr5/libc.a(strrev.o)
 .data          0x0080008a        0x0 /usr/local/AVR/lib/gcc/avr/4.2.1/avr5/libgcc.a(_udivmodhi4.o)
 *(.data*)
 *(.rodata)
 *(.rodata*)
 *(.gnu.linkonce.d*)
                0x0080008a                . = ALIGN (0x2)
                0x0080008a                _edata = .
                0x0080008a                PROVIDE (__data_end, .)

.bss            0x0080008a        0x0
                0x0080008a                PROVIDE (__bss_start, .)
 *(.bss)
 .bss           0x0080008a        0x0 /usr/local/AVR/lib/gcc/avr/4.2.1/../../../../avr/lib/avr5/crtm32.o
 .bss           0x0080008a        0x0 lcd.o
 .bss           0x0080008a        0x0 test_lcd.o
 .bss           0x0080008a        0x0 /usr/local/AVR/lib/gcc/avr/4.2.1/avr5/libgcc.a(_exit.o)
 .bss           0x0080008a        0x0 /usr/local/AVR/lib/gcc/avr/4.2.1/avr5/libgcc.a(_copy_data.o)
 .bss           0x0080008a        0x0 /usr/local/AVR/lib/gcc/avr/4.2.1/avr5/libgcc.a(_clear_bss.o)
 .bss           0x0080008a        0x0 /usr/local/AVR/lib/gcc/avr/4.2.1/../../../../avr/lib/avr5/libc.a(itoa.o)
 .bss           0x0080008a        0x0 /usr/local/AVR/lib/gcc/avr/4.2.1/../../../../avr/lib/avr5/libc.a(strrev.o)
 .bss           0x0080008a        0x0 /usr/local/AVR/lib/gcc/avr/4.2.1/avr5/libgcc.a(_udivmodhi4.o)
 *(.bss*)
 *(COMMON)
                0x0080008a                PROVIDE (__bss_end, .)
                0x0000042a                __data_load_start = LOADADDR (.data)
                0x00000454                __data_load_end = (__data_load_start + SIZEOF (.data))

.noinit         0x0080008a        0x0
                0x0080008a                PROVIDE (__noinit_start, .)
 *(.noinit*)
                0x0080008a                PROVIDE (__noinit_end, .)
                0x0080008a                _end = .
                0x0080008a                PROVIDE (__heap_start, .)

.eeprom         0x00810000        0x0
 *(.eeprom*)
                0x00810000                __eeprom_end = .

.stab           0x00000000     0x1668
 *(.stab)
 .stab          0x00000000      0x378 /usr/local/AVR/lib/gcc/avr/4.2.1/../../../../avr/lib/avr5/crtm32.o
 .stab          0x00000378      0xbf4 lcd.o
                                0xc00 (size before relaxing)
 .stab          0x00000f6c      0x474 test_lcd.o
                                0x690 (size before relaxing)
 .stab          0x000013e0      0x1b0 /usr/local/AVR/lib/gcc/avr/4.2.1/../../../../avr/lib/avr5/libc.a(itoa.o)
                                0x1bc (size before relaxing)
 .stab          0x00001590       0xd8 /usr/local/AVR/lib/gcc/avr/4.2.1/../../../../avr/lib/avr5/libc.a(strrev.o)
                                 0xe4 (size before relaxing)

.stabstr        0x00000000      0xd28
 *(.stabstr)
 .stabstr       0x00000000      0xd28 /usr/local/AVR/lib/gcc/avr/4.2.1/../../../../avr/lib/avr5/crtm32.o

.stab.excl
 *(.stab.excl)

.stab.exclstr
 *(.stab.exclstr)

.stab.index
 *(.stab.index)

.stab.indexstr
 *(.stab.indexstr)

.comment
 *(.comment)

.debug
 *(.debug)

.line
 *(.line)

.debug_srcinfo
 *(.debug_srcinfo)

.debug_sfnames
 *(.debug_sfnames)

.debug_aranges
 *(.debug_aranges)

.debug_pubnames
 *(.debug_pubnames)

.debug_info
 *(.debug_info)
 *(.gnu.linkonce.wi.*)

.debug_abbrev
 *(.debug_abbrev)

.debug_line
 *(.debug_line)

.debug_frame
 *(.debug_frame)

.debug_str
 *(.debug_str)

.debug_loc
 *(.debug_loc)

.debug_macinfo
 *(.debug_macinfo)
OUTPUT(led.out elf32-avr)
