GAS LISTING D:\DOCUME~1\alex\LOCALS~1\Temp/ccCe55FR.s 			page 1


   1               		.file	"hv_supply.c"
   2               	__SREG__ = 0x3f
   3               	__SP_H__ = 0x3e
   4               	__SP_L__ = 0x3d
   5               	__tmp_reg__ = 0
   6               	__zero_reg__ = 1
   7               		.global __do_copy_data
   8               		.global __do_clear_bss
   9               		.text
  10               	.global	set_voltage
  11               		.type	set_voltage, @function
  12               	set_voltage:
  13               	/* prologue: frame size=0 */
  14               	/* prologue end (size=0) */
  15 0000 8091 0000 		lds r24,dev
  16 0004 90E0      		ldi r25,lo8(0)
  17 0006 2BE1      		ldi r18,lo8(27)
  18 0008 30E0      		ldi r19,hi8(27)
  19 000a 829F      		mul r24,r18
  20 000c F001      		movw r30,r0
  21 000e 839F      		mul r24,r19
  22 0010 F00D      		add r31,r0
  23 0012 929F      		mul r25,r18
  24 0014 F00D      		add r31,r0
  25 0016 1124      		clr r1
  26 0018 E050      		subi r30,lo8(-(powersupply))
  27 001a F040      		sbci r31,hi8(-(powersupply))
  28 001c 80E0      		ldi r24,lo8(0x0)
  29 001e 90E0      		ldi r25,hi8(0x0)
  30 0020 A0E0      		ldi r26,hlo8(0x0)
  31 0022 B0E0      		ldi r27,hhi8(0x0)
  32 0024 8083      		st Z,r24
  33 0026 9183      		std Z+1,r25
  34 0028 A283      		std Z+2,r26
  35 002a B383      		std Z+3,r27
  36 002c 80E0      		ldi r24,lo8(0)
  37 002e 90E0      		ldi r25,hi8(0)
  38               	/* epilogue: frame size=0 */
  39 0030 0895      		ret
  40               	/* epilogue end (size=1) */
  41               	/* function set_voltage size 25 (24) */
  42               		.size	set_voltage, .-set_voltage
  43               	.global	set_current
  44               		.type	set_current, @function
  45               	set_current:
  46               	/* prologue: frame size=0 */
  47               	/* prologue end (size=0) */
  48 0032 8091 0000 		lds r24,dev
  49 0036 90E0      		ldi r25,lo8(0)
  50 0038 2BE1      		ldi r18,lo8(27)
  51 003a 30E0      		ldi r19,hi8(27)
  52 003c 829F      		mul r24,r18
  53 003e F001      		movw r30,r0
  54 0040 839F      		mul r24,r19
  55 0042 F00D      		add r31,r0
  56 0044 929F      		mul r25,r18
  57 0046 F00D      		add r31,r0
GAS LISTING D:\DOCUME~1\alex\LOCALS~1\Temp/ccCe55FR.s 			page 2


  58 0048 1124      		clr r1
  59 004a E050      		subi r30,lo8(-(powersupply))
  60 004c F040      		sbci r31,hi8(-(powersupply))
  61 004e 80E0      		ldi r24,lo8(0x0)
  62 0050 90E0      		ldi r25,hi8(0x0)
  63 0052 A0E0      		ldi r26,hlo8(0x0)
  64 0054 B0E0      		ldi r27,hhi8(0x0)
  65 0056 8483      		std Z+4,r24
  66 0058 9583      		std Z+5,r25
  67 005a A683      		std Z+6,r26
  68 005c B783      		std Z+7,r27
  69 005e 80E0      		ldi r24,lo8(0)
  70 0060 90E0      		ldi r25,hi8(0)
  71               	/* epilogue: frame size=0 */
  72 0062 0895      		ret
  73               	/* epilogue end (size=1) */
  74               	/* function set_current size 25 (24) */
  75               		.size	set_current, .-set_current
  76               	.global	set_sweep_start
  77               		.type	set_sweep_start, @function
  78               	set_sweep_start:
  79               	/* prologue: frame size=0 */
  80               	/* prologue end (size=0) */
  81 0064 8091 0000 		lds r24,dev
  82 0068 90E0      		ldi r25,lo8(0)
  83 006a 2BE1      		ldi r18,lo8(27)
  84 006c 30E0      		ldi r19,hi8(27)
  85 006e 829F      		mul r24,r18
  86 0070 F001      		movw r30,r0
  87 0072 839F      		mul r24,r19
  88 0074 F00D      		add r31,r0
  89 0076 929F      		mul r25,r18
  90 0078 F00D      		add r31,r0
  91 007a 1124      		clr r1
  92 007c E050      		subi r30,lo8(-(powersupply))
  93 007e F040      		sbci r31,hi8(-(powersupply))
  94 0080 80E0      		ldi r24,lo8(0x0)
  95 0082 90E0      		ldi r25,hi8(0x0)
  96 0084 A0E0      		ldi r26,hlo8(0x0)
  97 0086 B0E0      		ldi r27,hhi8(0x0)
  98 0088 8187      		std Z+9,r24
  99 008a 9287      		std Z+10,r25
 100 008c A387      		std Z+11,r26
 101 008e B487      		std Z+12,r27
 102 0090 80E0      		ldi r24,lo8(0)
 103 0092 90E0      		ldi r25,hi8(0)
 104               	/* epilogue: frame size=0 */
 105 0094 0895      		ret
 106               	/* epilogue end (size=1) */
 107               	/* function set_sweep_start size 25 (24) */
 108               		.size	set_sweep_start, .-set_sweep_start
 109               	.global	set_sweep_stop
 110               		.type	set_sweep_stop, @function
 111               	set_sweep_stop:
 112               	/* prologue: frame size=0 */
 113               	/* prologue end (size=0) */
 114 0096 8091 0000 		lds r24,dev
GAS LISTING D:\DOCUME~1\alex\LOCALS~1\Temp/ccCe55FR.s 			page 3


 115 009a 90E0      		ldi r25,lo8(0)
 116 009c 2BE1      		ldi r18,lo8(27)
 117 009e 30E0      		ldi r19,hi8(27)
 118 00a0 829F      		mul r24,r18
 119 00a2 F001      		movw r30,r0
 120 00a4 839F      		mul r24,r19
 121 00a6 F00D      		add r31,r0
 122 00a8 929F      		mul r25,r18
 123 00aa F00D      		add r31,r0
 124 00ac 1124      		clr r1
 125 00ae E050      		subi r30,lo8(-(powersupply))
 126 00b0 F040      		sbci r31,hi8(-(powersupply))
 127 00b2 80E0      		ldi r24,lo8(0x0)
 128 00b4 90E0      		ldi r25,hi8(0x0)
 129 00b6 A0E0      		ldi r26,hlo8(0x0)
 130 00b8 B0E0      		ldi r27,hhi8(0x0)
 131 00ba 8587      		std Z+13,r24
 132 00bc 9687      		std Z+14,r25
 133 00be A787      		std Z+15,r26
 134 00c0 B08B      		std Z+16,r27
 135 00c2 80E0      		ldi r24,lo8(0)
 136 00c4 90E0      		ldi r25,hi8(0)
 137               	/* epilogue: frame size=0 */
 138 00c6 0895      		ret
 139               	/* epilogue end (size=1) */
 140               	/* function set_sweep_stop size 25 (24) */
 141               		.size	set_sweep_stop, .-set_sweep_stop
 142               	.global	set_sweep_step
 143               		.type	set_sweep_step, @function
 144               	set_sweep_step:
 145               	/* prologue: frame size=0 */
 146               	/* prologue end (size=0) */
 147 00c8 8091 0000 		lds r24,dev
 148 00cc 90E0      		ldi r25,lo8(0)
 149 00ce 2BE1      		ldi r18,lo8(27)
 150 00d0 30E0      		ldi r19,hi8(27)
 151 00d2 829F      		mul r24,r18
 152 00d4 F001      		movw r30,r0
 153 00d6 839F      		mul r24,r19
 154 00d8 F00D      		add r31,r0
 155 00da 929F      		mul r25,r18
 156 00dc F00D      		add r31,r0
 157 00de 1124      		clr r1
 158 00e0 E050      		subi r30,lo8(-(powersupply))
 159 00e2 F040      		sbci r31,hi8(-(powersupply))
 160 00e4 80E0      		ldi r24,lo8(0x0)
 161 00e6 90E0      		ldi r25,hi8(0x0)
 162 00e8 A0E0      		ldi r26,hlo8(0x0)
 163 00ea B0E0      		ldi r27,hhi8(0x0)
 164 00ec 818B      		std Z+17,r24
 165 00ee 928B      		std Z+18,r25
 166 00f0 A38B      		std Z+19,r26
 167 00f2 B48B      		std Z+20,r27
 168 00f4 80E0      		ldi r24,lo8(0)
 169 00f6 90E0      		ldi r25,hi8(0)
 170               	/* epilogue: frame size=0 */
 171 00f8 0895      		ret
GAS LISTING D:\DOCUME~1\alex\LOCALS~1\Temp/ccCe55FR.s 			page 4


 172               	/* epilogue end (size=1) */
 173               	/* function set_sweep_step size 25 (24) */
 174               		.size	set_sweep_step, .-set_sweep_step
 175               	.global	set_sweep_time
 176               		.type	set_sweep_time, @function
 177               	set_sweep_time:
 178               	/* prologue: frame size=0 */
 179               	/* prologue end (size=0) */
 180 00fa 8091 0000 		lds r24,dev
 181 00fe 90E0      		ldi r25,lo8(0)
 182 0100 2BE1      		ldi r18,lo8(27)
 183 0102 30E0      		ldi r19,hi8(27)
 184 0104 829F      		mul r24,r18
 185 0106 F001      		movw r30,r0
 186 0108 839F      		mul r24,r19
 187 010a F00D      		add r31,r0
 188 010c 929F      		mul r25,r18
 189 010e F00D      		add r31,r0
 190 0110 1124      		clr r1
 191 0112 E050      		subi r30,lo8(-(powersupply))
 192 0114 F040      		sbci r31,hi8(-(powersupply))
 193 0116 80E0      		ldi r24,lo8(0x0)
 194 0118 90E0      		ldi r25,hi8(0x0)
 195 011a A0E0      		ldi r26,hlo8(0x0)
 196 011c B0E0      		ldi r27,hhi8(0x0)
 197 011e 868B      		std Z+22,r24
 198 0120 978B      		std Z+23,r25
 199 0122 A08F      		std Z+24,r26
 200 0124 B18F      		std Z+25,r27
 201 0126 80E0      		ldi r24,lo8(0)
 202 0128 90E0      		ldi r25,hi8(0)
 203               	/* epilogue: frame size=0 */
 204 012a 0895      		ret
 205               	/* epilogue end (size=1) */
 206               	/* function set_sweep_time size 25 (24) */
 207               		.size	set_sweep_time, .-set_sweep_time
 208               	.global	set_output
 209               		.type	set_output, @function
 210               	set_output:
 211               	/* prologue: frame size=0 */
 212               	/* prologue end (size=0) */
 213 012c 8091 0000 		lds r24,dev
 214 0130 90E0      		ldi r25,lo8(0)
 215 0132 2BE1      		ldi r18,lo8(27)
 216 0134 30E0      		ldi r19,hi8(27)
 217 0136 829F      		mul r24,r18
 218 0138 F001      		movw r30,r0
 219 013a 839F      		mul r24,r19
 220 013c F00D      		add r31,r0
 221 013e 929F      		mul r25,r18
 222 0140 F00D      		add r31,r0
 223 0142 1124      		clr r1
 224 0144 E050      		subi r30,lo8(-(powersupply))
 225 0146 F040      		sbci r31,hi8(-(powersupply))
 226 0148 128E      		std Z+26,__zero_reg__
 227 014a 80E0      		ldi r24,lo8(0)
 228 014c 90E0      		ldi r25,hi8(0)
GAS LISTING D:\DOCUME~1\alex\LOCALS~1\Temp/ccCe55FR.s 			page 5


 229               	/* epilogue: frame size=0 */
 230 014e 0895      		ret
 231               	/* epilogue end (size=1) */
 232               	/* function set_output size 18 (17) */
 233               		.size	set_output, .-set_output
 234               	.global	get_instrument_nsel
 235               		.type	get_instrument_nsel, @function
 236               	get_instrument_nsel:
 237               	/* prologue: frame size=0 */
 238 0150 0F93      		push r16
 239 0152 1F93      		push r17
 240               	/* prologue end (size=2) */
 241 0154 6091 0000 		lds r22,dev
 242 0158 70E0      		ldi r23,lo8(0)
 243 015a 80E0      		ldi r24,lo8(0)
 244 015c 90E0      		ldi r25,hi8(0)
 245 015e 0E94 0000 		call __floatunsisf
 246 0162 00E0      		ldi r16,lo8(return_buf)
 247 0164 10E0      		ldi r17,hi8(return_buf)
 248 0166 23E0      		ldi r18,lo8(3)
 249 0168 46E0      		ldi r20,lo8(6)
 250 016a 0E94 0000 		call dtostrf
 251 016e 80E0      		ldi r24,lo8(0)
 252 0170 90E0      		ldi r25,hi8(0)
 253               	/* epilogue: frame size=0 */
 254 0172 1F91      		pop r17
 255 0174 0F91      		pop r16
 256 0176 0895      		ret
 257               	/* epilogue end (size=3) */
 258               	/* function get_instrument_nsel size 20 (15) */
 259               		.size	get_instrument_nsel, .-get_instrument_nsel
 260               	.global	get_sweep_time
 261               		.type	get_sweep_time, @function
 262               	get_sweep_time:
 263               	/* prologue: frame size=0 */
 264 0178 0F93      		push r16
 265 017a 1F93      		push r17
 266               	/* prologue end (size=2) */
 267 017c 8091 0000 		lds r24,dev
 268 0180 90E0      		ldi r25,lo8(0)
 269 0182 2BE1      		ldi r18,lo8(27)
 270 0184 30E0      		ldi r19,hi8(27)
 271 0186 829F      		mul r24,r18
 272 0188 F001      		movw r30,r0
 273 018a 839F      		mul r24,r19
 274 018c F00D      		add r31,r0
 275 018e 929F      		mul r25,r18
 276 0190 F00D      		add r31,r0
 277 0192 1124      		clr r1
 278 0194 E050      		subi r30,lo8(-(powersupply))
 279 0196 F040      		sbci r31,hi8(-(powersupply))
 280 0198 6689      		ldd r22,Z+22
 281 019a 7789      		ldd r23,Z+23
 282 019c 808D      		ldd r24,Z+24
 283 019e 918D      		ldd r25,Z+25
 284 01a0 00E0      		ldi r16,lo8(return_buf)
 285 01a2 10E0      		ldi r17,hi8(return_buf)
GAS LISTING D:\DOCUME~1\alex\LOCALS~1\Temp/ccCe55FR.s 			page 6


 286 01a4 23E0      		ldi r18,lo8(3)
 287 01a6 46E0      		ldi r20,lo8(6)
 288 01a8 0E94 0000 		call dtostrf
 289 01ac 80E0      		ldi r24,lo8(0)
 290 01ae 90E0      		ldi r25,hi8(0)
 291               	/* epilogue: frame size=0 */
 292 01b0 1F91      		pop r17
 293 01b2 0F91      		pop r16
 294 01b4 0895      		ret
 295               	/* epilogue end (size=3) */
 296               	/* function get_sweep_time size 31 (26) */
 297               		.size	get_sweep_time, .-get_sweep_time
 298               	.global	get_sweep_step
 299               		.type	get_sweep_step, @function
 300               	get_sweep_step:
 301               	/* prologue: frame size=0 */
 302 01b6 0F93      		push r16
 303 01b8 1F93      		push r17
 304               	/* prologue end (size=2) */
 305 01ba 8091 0000 		lds r24,dev
 306 01be 90E0      		ldi r25,lo8(0)
 307 01c0 2BE1      		ldi r18,lo8(27)
 308 01c2 30E0      		ldi r19,hi8(27)
 309 01c4 829F      		mul r24,r18
 310 01c6 F001      		movw r30,r0
 311 01c8 839F      		mul r24,r19
 312 01ca F00D      		add r31,r0
 313 01cc 929F      		mul r25,r18
 314 01ce F00D      		add r31,r0
 315 01d0 1124      		clr r1
 316 01d2 E050      		subi r30,lo8(-(powersupply))
 317 01d4 F040      		sbci r31,hi8(-(powersupply))
 318 01d6 6189      		ldd r22,Z+17
 319 01d8 7289      		ldd r23,Z+18
 320 01da 8389      		ldd r24,Z+19
 321 01dc 9489      		ldd r25,Z+20
 322 01de 00E0      		ldi r16,lo8(return_buf)
 323 01e0 10E0      		ldi r17,hi8(return_buf)
 324 01e2 23E0      		ldi r18,lo8(3)
 325 01e4 46E0      		ldi r20,lo8(6)
 326 01e6 0E94 0000 		call dtostrf
 327 01ea 80E0      		ldi r24,lo8(0)
 328 01ec 90E0      		ldi r25,hi8(0)
 329               	/* epilogue: frame size=0 */
 330 01ee 1F91      		pop r17
 331 01f0 0F91      		pop r16
 332 01f2 0895      		ret
 333               	/* epilogue end (size=3) */
 334               	/* function get_sweep_step size 31 (26) */
 335               		.size	get_sweep_step, .-get_sweep_step
 336               	.global	get_sweep_stop
 337               		.type	get_sweep_stop, @function
 338               	get_sweep_stop:
 339               	/* prologue: frame size=0 */
 340 01f4 0F93      		push r16
 341 01f6 1F93      		push r17
 342               	/* prologue end (size=2) */
GAS LISTING D:\DOCUME~1\alex\LOCALS~1\Temp/ccCe55FR.s 			page 7


 343 01f8 8091 0000 		lds r24,dev
 344 01fc 90E0      		ldi r25,lo8(0)
 345 01fe 2BE1      		ldi r18,lo8(27)
 346 0200 30E0      		ldi r19,hi8(27)
 347 0202 829F      		mul r24,r18
 348 0204 F001      		movw r30,r0
 349 0206 839F      		mul r24,r19
 350 0208 F00D      		add r31,r0
 351 020a 929F      		mul r25,r18
 352 020c F00D      		add r31,r0
 353 020e 1124      		clr r1
 354 0210 E050      		subi r30,lo8(-(powersupply))
 355 0212 F040      		sbci r31,hi8(-(powersupply))
 356 0214 6585      		ldd r22,Z+13
 357 0216 7685      		ldd r23,Z+14
 358 0218 8785      		ldd r24,Z+15
 359 021a 9089      		ldd r25,Z+16
 360 021c 00E0      		ldi r16,lo8(return_buf)
 361 021e 10E0      		ldi r17,hi8(return_buf)
 362 0220 23E0      		ldi r18,lo8(3)
 363 0222 46E0      		ldi r20,lo8(6)
 364 0224 0E94 0000 		call dtostrf
 365 0228 80E0      		ldi r24,lo8(0)
 366 022a 90E0      		ldi r25,hi8(0)
 367               	/* epilogue: frame size=0 */
 368 022c 1F91      		pop r17
 369 022e 0F91      		pop r16
 370 0230 0895      		ret
 371               	/* epilogue end (size=3) */
 372               	/* function get_sweep_stop size 31 (26) */
 373               		.size	get_sweep_stop, .-get_sweep_stop
 374               	.global	get_sweep_start
 375               		.type	get_sweep_start, @function
 376               	get_sweep_start:
 377               	/* prologue: frame size=0 */
 378 0232 0F93      		push r16
 379 0234 1F93      		push r17
 380               	/* prologue end (size=2) */
 381 0236 8091 0000 		lds r24,dev
 382 023a 90E0      		ldi r25,lo8(0)
 383 023c 2BE1      		ldi r18,lo8(27)
 384 023e 30E0      		ldi r19,hi8(27)
 385 0240 829F      		mul r24,r18
 386 0242 F001      		movw r30,r0
 387 0244 839F      		mul r24,r19
 388 0246 F00D      		add r31,r0
 389 0248 929F      		mul r25,r18
 390 024a F00D      		add r31,r0
 391 024c 1124      		clr r1
 392 024e E050      		subi r30,lo8(-(powersupply))
 393 0250 F040      		sbci r31,hi8(-(powersupply))
 394 0252 6185      		ldd r22,Z+9
 395 0254 7285      		ldd r23,Z+10
 396 0256 8385      		ldd r24,Z+11
 397 0258 9485      		ldd r25,Z+12
 398 025a 00E0      		ldi r16,lo8(return_buf)
 399 025c 10E0      		ldi r17,hi8(return_buf)
GAS LISTING D:\DOCUME~1\alex\LOCALS~1\Temp/ccCe55FR.s 			page 8


 400 025e 23E0      		ldi r18,lo8(3)
 401 0260 46E0      		ldi r20,lo8(6)
 402 0262 0E94 0000 		call dtostrf
 403 0266 80E0      		ldi r24,lo8(0)
 404 0268 90E0      		ldi r25,hi8(0)
 405               	/* epilogue: frame size=0 */
 406 026a 1F91      		pop r17
 407 026c 0F91      		pop r16
 408 026e 0895      		ret
 409               	/* epilogue end (size=3) */
 410               	/* function get_sweep_start size 31 (26) */
 411               		.size	get_sweep_start, .-get_sweep_start
 412               	.global	get_current
 413               		.type	get_current, @function
 414               	get_current:
 415               	/* prologue: frame size=0 */
 416 0270 0F93      		push r16
 417 0272 1F93      		push r17
 418               	/* prologue end (size=2) */
 419 0274 8091 0000 		lds r24,dev
 420 0278 90E0      		ldi r25,lo8(0)
 421 027a 2BE1      		ldi r18,lo8(27)
 422 027c 30E0      		ldi r19,hi8(27)
 423 027e 829F      		mul r24,r18
 424 0280 F001      		movw r30,r0
 425 0282 839F      		mul r24,r19
 426 0284 F00D      		add r31,r0
 427 0286 929F      		mul r25,r18
 428 0288 F00D      		add r31,r0
 429 028a 1124      		clr r1
 430 028c E050      		subi r30,lo8(-(powersupply))
 431 028e F040      		sbci r31,hi8(-(powersupply))
 432 0290 6481      		ldd r22,Z+4
 433 0292 7581      		ldd r23,Z+5
 434 0294 8681      		ldd r24,Z+6
 435 0296 9781      		ldd r25,Z+7
 436 0298 00E0      		ldi r16,lo8(return_buf)
 437 029a 10E0      		ldi r17,hi8(return_buf)
 438 029c 23E0      		ldi r18,lo8(3)
 439 029e 46E0      		ldi r20,lo8(6)
 440 02a0 0E94 0000 		call dtostrf
 441 02a4 80E0      		ldi r24,lo8(0)
 442 02a6 90E0      		ldi r25,hi8(0)
 443               	/* epilogue: frame size=0 */
 444 02a8 1F91      		pop r17
 445 02aa 0F91      		pop r16
 446 02ac 0895      		ret
 447               	/* epilogue end (size=3) */
 448               	/* function get_current size 31 (26) */
 449               		.size	get_current, .-get_current
 450               	.global	get_voltage
 451               		.type	get_voltage, @function
 452               	get_voltage:
 453               	/* prologue: frame size=0 */
 454 02ae 0F93      		push r16
 455 02b0 1F93      		push r17
 456               	/* prologue end (size=2) */
GAS LISTING D:\DOCUME~1\alex\LOCALS~1\Temp/ccCe55FR.s 			page 9


 457 02b2 8091 0000 		lds r24,dev
 458 02b6 90E0      		ldi r25,lo8(0)
 459 02b8 2BE1      		ldi r18,lo8(27)
 460 02ba 30E0      		ldi r19,hi8(27)
 461 02bc 829F      		mul r24,r18
 462 02be F001      		movw r30,r0
 463 02c0 839F      		mul r24,r19
 464 02c2 F00D      		add r31,r0
 465 02c4 929F      		mul r25,r18
 466 02c6 F00D      		add r31,r0
 467 02c8 1124      		clr r1
 468 02ca E050      		subi r30,lo8(-(powersupply))
 469 02cc F040      		sbci r31,hi8(-(powersupply))
 470 02ce 6081      		ld r22,Z
 471 02d0 7181      		ldd r23,Z+1
 472 02d2 8281      		ldd r24,Z+2
 473 02d4 9381      		ldd r25,Z+3
 474 02d6 00E0      		ldi r16,lo8(return_buf)
 475 02d8 10E0      		ldi r17,hi8(return_buf)
 476 02da 23E0      		ldi r18,lo8(3)
 477 02dc 46E0      		ldi r20,lo8(6)
 478 02de 0E94 0000 		call dtostrf
 479 02e2 80E0      		ldi r24,lo8(0)
 480 02e4 90E0      		ldi r25,hi8(0)
 481               	/* epilogue: frame size=0 */
 482 02e6 1F91      		pop r17
 483 02e8 0F91      		pop r16
 484 02ea 0895      		ret
 485               	/* epilogue end (size=3) */
 486               	/* function get_voltage size 31 (26) */
 487               		.size	get_voltage, .-get_voltage
 488               	.global	set_instrument_nsel
 489               		.type	set_instrument_nsel, @function
 490               	set_instrument_nsel:
 491               	/* prologue: frame size=2 */
 492 02ec 0F93      		push r16
 493 02ee 1F93      		push r17
 494 02f0 CF93      		push r28
 495 02f2 DF93      		push r29
 496 02f4 CDB7      		in r28,__SP_L__
 497 02f6 DEB7      		in r29,__SP_H__
 498 02f8 2297      		sbiw r28,2
 499 02fa 0FB6      		in __tmp_reg__,__SREG__
 500 02fc F894      		cli
 501 02fe DEBF      		out __SP_H__,r29
 502 0300 0FBE      		out __SREG__,__tmp_reg__
 503 0302 CDBF      		out __SP_L__,r28
 504               	/* prologue end (size=12) */
 505 0304 8C01      		movw r16,r24
 506 0306 40E0      		ldi r20,lo8(0)
 507 0308 50E0      		ldi r21,hi8(0)
 508 030a BE01      		movw r22,r28
 509 030c 6F5F      		subi r22,lo8(-(1))
 510 030e 7F4F      		sbci r23,hi8(-(1))
 511 0310 0E94 0000 		call strtol
 512 0314 9B01      		movw r18,r22
 513 0316 AC01      		movw r20,r24
GAS LISTING D:\DOCUME~1\alex\LOCALS~1\Temp/ccCe55FR.s 			page 10


 514 0318 E981      		ldd r30,Y+1
 515 031a FA81      		ldd r31,Y+2
 516 031c 0E17      		cp r16,r30
 517 031e 1F07      		cpc r17,r31
 518 0320 01F0      		breq .L30
 519 0322 8081      		ld r24,Z
 520 0324 8823      		tst r24
 521 0326 01F4      		brne .L30
 522 0328 822F      		mov r24,r18
 523 032a 8150      		subi r24,lo8(-(-1))
 524 032c 8E37      		cpi r24,lo8(126)
 525 032e 00F4      		brsh .L37
 526 0330 2093 0000 		sts dev,r18
 527               	.L37:
 528 0334 80E0      		ldi r24,lo8(0)
 529 0336 90E0      		ldi r25,hi8(0)
 530 0338 00C0      		rjmp .L35
 531               	.L30:
 532 033a 81E0      		ldi r24,lo8(1)
 533 033c 90E0      		ldi r25,hi8(1)
 534               	.L35:
 535               	/* epilogue: frame size=2 */
 536 033e 2296      		adiw r28,2
 537 0340 0FB6      		in __tmp_reg__,__SREG__
 538 0342 F894      		cli
 539 0344 DEBF      		out __SP_H__,r29
 540 0346 0FBE      		out __SREG__,__tmp_reg__
 541 0348 CDBF      		out __SP_L__,r28
 542 034a DF91      		pop r29
 543 034c CF91      		pop r28
 544 034e 1F91      		pop r17
 545 0350 0F91      		pop r16
 546 0352 0895      		ret
 547               	/* epilogue end (size=11) */
 548               	/* function set_instrument_nsel size 52 (29) */
 549               		.size	set_instrument_nsel, .-set_instrument_nsel
 550               		.comm return_buf,32,1
 551               		.comm dev,1,1
 552               		.comm powersupply,108,1
 553               		.comm err,1,1
 554               	/* File "hv_supply.c": code  426 = 0x01aa ( 361), prologues  26, epilogues  39 */
GAS LISTING D:\DOCUME~1\alex\LOCALS~1\Temp/ccCe55FR.s 			page 11


DEFINED SYMBOLS
                            *ABS*:00000000 hv_supply.c
D:\DOCUME~1\alex\LOCALS~1\Temp/ccCe55FR.s:2      *ABS*:0000003f __SREG__
D:\DOCUME~1\alex\LOCALS~1\Temp/ccCe55FR.s:3      *ABS*:0000003e __SP_H__
D:\DOCUME~1\alex\LOCALS~1\Temp/ccCe55FR.s:4      *ABS*:0000003d __SP_L__
D:\DOCUME~1\alex\LOCALS~1\Temp/ccCe55FR.s:5      *ABS*:00000000 __tmp_reg__
D:\DOCUME~1\alex\LOCALS~1\Temp/ccCe55FR.s:6      *ABS*:00000001 __zero_reg__
D:\DOCUME~1\alex\LOCALS~1\Temp/ccCe55FR.s:12     .text:00000000 set_voltage
                            *COM*:00000001 dev
                            *COM*:0000006c powersupply
D:\DOCUME~1\alex\LOCALS~1\Temp/ccCe55FR.s:45     .text:00000032 set_current
D:\DOCUME~1\alex\LOCALS~1\Temp/ccCe55FR.s:78     .text:00000064 set_sweep_start
D:\DOCUME~1\alex\LOCALS~1\Temp/ccCe55FR.s:111    .text:00000096 set_sweep_stop
D:\DOCUME~1\alex\LOCALS~1\Temp/ccCe55FR.s:144    .text:000000c8 set_sweep_step
D:\DOCUME~1\alex\LOCALS~1\Temp/ccCe55FR.s:177    .text:000000fa set_sweep_time
D:\DOCUME~1\alex\LOCALS~1\Temp/ccCe55FR.s:210    .text:0000012c set_output
D:\DOCUME~1\alex\LOCALS~1\Temp/ccCe55FR.s:236    .text:00000150 get_instrument_nsel
                            *COM*:00000020 return_buf
D:\DOCUME~1\alex\LOCALS~1\Temp/ccCe55FR.s:262    .text:00000178 get_sweep_time
D:\DOCUME~1\alex\LOCALS~1\Temp/ccCe55FR.s:300    .text:000001b6 get_sweep_step
D:\DOCUME~1\alex\LOCALS~1\Temp/ccCe55FR.s:338    .text:000001f4 get_sweep_stop
D:\DOCUME~1\alex\LOCALS~1\Temp/ccCe55FR.s:376    .text:00000232 get_sweep_start
D:\DOCUME~1\alex\LOCALS~1\Temp/ccCe55FR.s:414    .text:00000270 get_current
D:\DOCUME~1\alex\LOCALS~1\Temp/ccCe55FR.s:452    .text:000002ae get_voltage
D:\DOCUME~1\alex\LOCALS~1\Temp/ccCe55FR.s:490    .text:000002ec set_instrument_nsel
                            *COM*:00000001 err

UNDEFINED SYMBOLS
__do_copy_data
__do_clear_bss
__floatunsisf
dtostrf
strtol
