GAS LISTING D:\DOCUME~1\alex\LOCALS~1\Temp/cc6z6D0q.s 			page 1


   1               		.file	"lcd.c"
   2               	__SREG__ = 0x3f
   3               	__SP_H__ = 0x3e
   4               	__SP_L__ = 0x3d
   5               	__tmp_reg__ = 0
   6               	__zero_reg__ = 1
   7               		.global __do_copy_data
   8               		.global __do_clear_bss
   9               		.text
  10               		.type	toggle_e, @function
  11               	toggle_e:
  12               	/* prologue: frame size=0 */
  13               	/* prologue end (size=0) */
  14 0000 AB9A      		sbi 53-0x20,3
  15               	/* #APP */
  16 0002 00C0      		rjmp 1f
  17               	 1:
  18               	/* #NOAPP */
  19 0004 AB98      		cbi 53-0x20,3
  20               	/* epilogue: frame size=0 */
  21 0006 0895      		ret
  22               	/* epilogue end (size=1) */
  23               	/* function toggle_e size 7 (6) */
  24               		.size	toggle_e, .-toggle_e
  25               		.type	lcd_write, @function
  26               	lcd_write:
  27               	/* prologue: frame size=0 */
  28 0008 CF93      		push r28
  29 000a DF93      		push r29
  30               	/* prologue end (size=2) */
  31 000c 6623      		tst r22
  32 000e 01F0      		breq .L4
  33 0010 AF9A      		sbi 53-0x20,7
  34 0012 00C0      		rjmp .L6
  35               	.L4:
  36 0014 AF98      		cbi 53-0x20,7
  37               	.L6:
  38 0016 AD98      		cbi 53-0x20,5
  39 0018 A09A      		sbi 52-0x20,0
  40 001a A29A      		sbi 52-0x20,2
  41 001c A49A      		sbi 52-0x20,4
  42 001e A69A      		sbi 52-0x20,6
  43 0020 AE98      		cbi 53-0x20,6
  44 0022 AC98      		cbi 53-0x20,4
  45 0024 AA98      		cbi 53-0x20,2
  46 0026 A898      		cbi 53-0x20,0
  47 0028 87FD      		sbrc r24,7
  48 002a AE9A      		sbi 53-0x20,6
  49               	.L7:
  50 002c C82F      		mov r28,r24
  51 002e 86FD      		sbrc r24,6
  52 0030 AC9A      		sbi 53-0x20,4
  53               	.L9:
  54 0032 C5FD      		sbrc r28,5
  55 0034 AA9A      		sbi 53-0x20,2
  56               	.L11:
  57 0036 C4FD      		sbrc r28,4
GAS LISTING D:\DOCUME~1\alex\LOCALS~1\Temp/cc6z6D0q.s 			page 2


  58 0038 A89A      		sbi 53-0x20,0
  59               	.L13:
  60 003a 0E94 0000 		call toggle_e
  61 003e AE98      		cbi 53-0x20,6
  62 0040 AC98      		cbi 53-0x20,4
  63 0042 AA98      		cbi 53-0x20,2
  64 0044 A898      		cbi 53-0x20,0
  65 0046 C3FD      		sbrc r28,3
  66 0048 AE9A      		sbi 53-0x20,6
  67               	.L15:
  68 004a C2FD      		sbrc r28,2
  69 004c AC9A      		sbi 53-0x20,4
  70               	.L17:
  71 004e C1FD      		sbrc r28,1
  72 0050 AA9A      		sbi 53-0x20,2
  73               	.L19:
  74 0052 C0FD      		sbrc r28,0
  75 0054 A89A      		sbi 53-0x20,0
  76               	.L21:
  77 0056 0E94 0000 		call toggle_e
  78 005a A89A      		sbi 53-0x20,0
  79 005c AA9A      		sbi 53-0x20,2
  80 005e AC9A      		sbi 53-0x20,4
  81 0060 AE9A      		sbi 53-0x20,6
  82               	/* epilogue: frame size=0 */
  83 0062 DF91      		pop r29
  84 0064 CF91      		pop r28
  85 0066 0895      		ret
  86               	/* epilogue end (size=3) */
  87               	/* function lcd_write size 56 (51) */
  88               		.size	lcd_write, .-lcd_write
  89               		.type	lcd_read, @function
  90               	lcd_read:
  91               	/* prologue: frame size=0 */
  92               	/* prologue end (size=0) */
  93 0068 8823      		tst r24
  94 006a 01F0      		breq .L25
  95 006c AF9A      		sbi 53-0x20,7
  96 006e 00C0      		rjmp .L27
  97               	.L25:
  98 0070 AF98      		cbi 53-0x20,7
  99               	.L27:
 100 0072 AD9A      		sbi 53-0x20,5
 101 0074 A098      		cbi 52-0x20,0
 102 0076 A298      		cbi 52-0x20,2
 103 0078 A498      		cbi 52-0x20,4
 104 007a A698      		cbi 52-0x20,6
 105 007c AB9A      		sbi 53-0x20,3
 106               	/* #APP */
 107 007e 00C0      		rjmp 1f
 108               	 1:
 109               	/* #NOAPP */
 110 0080 989B      		sbis 51-0x20,0
 111 0082 00C0      		rjmp .L28
 112 0084 80E1      		ldi r24,lo8(16)
 113 0086 00C0      		rjmp .L30
 114               	.L28:
GAS LISTING D:\DOCUME~1\alex\LOCALS~1\Temp/cc6z6D0q.s 			page 3


 115 0088 80E0      		ldi r24,lo8(0)
 116               	.L30:
 117 008a 9A99      		sbic 51-0x20,2
 118 008c 8062      		ori r24,lo8(32)
 119               	.L31:
 120 008e 9C99      		sbic 51-0x20,4
 121 0090 8064      		ori r24,lo8(64)
 122               	.L33:
 123 0092 9E99      		sbic 51-0x20,6
 124 0094 8068      		ori r24,lo8(-128)
 125               	.L35:
 126 0096 AB98      		cbi 53-0x20,3
 127               	/* #APP */
 128 0098 00C0      		rjmp 1f
 129               	 1:
 130               	/* #NOAPP */
 131 009a AB9A      		sbi 53-0x20,3
 132               	/* #APP */
 133 009c 00C0      		rjmp 1f
 134               	 1:
 135               	/* #NOAPP */
 136 009e 9899      		sbic 51-0x20,0
 137 00a0 8160      		ori r24,lo8(1)
 138               	.L37:
 139 00a2 9A99      		sbic 51-0x20,2
 140 00a4 8260      		ori r24,lo8(2)
 141               	.L39:
 142 00a6 9C99      		sbic 51-0x20,4
 143 00a8 8460      		ori r24,lo8(4)
 144               	.L41:
 145 00aa 9E99      		sbic 51-0x20,6
 146 00ac 8860      		ori r24,lo8(8)
 147               	.L43:
 148 00ae AB98      		cbi 53-0x20,3
 149 00b0 90E0      		ldi r25,lo8(0)
 150               	/* epilogue: frame size=0 */
 151 00b2 0895      		ret
 152               	/* epilogue end (size=1) */
 153               	/* function lcd_read size 54 (53) */
 154               		.size	lcd_read, .-lcd_read
 155               		.type	lcd_waitbusy, @function
 156               	lcd_waitbusy:
 157               	/* prologue: frame size=0 */
 158               	/* prologue end (size=0) */
 159               	.L48:
 160 00b4 80E0      		ldi r24,lo8(0)
 161 00b6 0E94 0000 		call lcd_read
 162 00ba 87FD      		sbrc r24,7
 163 00bc 00C0      		rjmp .L48
 164 00be 82E0      		ldi r24,lo8(2)
 165 00c0 90E0      		ldi r25,hi8(2)
 166               	/* #APP */
 167 00c2 0197      		1: sbiw r24,1
 168 00c4 01F4      		brne 1b
 169               	/* #NOAPP */
 170 00c6 80E0      		ldi r24,lo8(0)
 171 00c8 0E94 0000 		call lcd_read
GAS LISTING D:\DOCUME~1\alex\LOCALS~1\Temp/cc6z6D0q.s 			page 4


 172 00cc 90E0      		ldi r25,lo8(0)
 173               	/* epilogue: frame size=0 */
 174 00ce 0895      		ret
 175               	/* epilogue end (size=1) */
 176               	/* function lcd_waitbusy size 16 (15) */
 177               		.size	lcd_waitbusy, .-lcd_waitbusy
 178               	.global	lcd_backlight
 179               		.type	lcd_backlight, @function
 180               	lcd_backlight:
 181               	/* prologue: frame size=0 */
 182               	/* prologue end (size=0) */
 183 00d0 8130      		cpi r24,lo8(1)
 184 00d2 01F4      		brne .L54
 185 00d4 A99A      		sbi 53-0x20,1
 186 00d6 0895      		ret
 187               	.L54:
 188 00d8 A998      		cbi 53-0x20,1
 189 00da 0895      		ret
 190               	/* epilogue: frame size=0 */
 191               	/* epilogue: noreturn */
 192               	/* epilogue end (size=0) */
 193               	/* function lcd_backlight size 6 (6) */
 194               		.size	lcd_backlight, .-lcd_backlight
 195               	.global	lcd_command
 196               		.type	lcd_command, @function
 197               	lcd_command:
 198               	/* prologue: frame size=0 */
 199 00dc 1F93      		push r17
 200               	/* prologue end (size=1) */
 201 00de 182F      		mov r17,r24
 202 00e0 0E94 0000 		call lcd_waitbusy
 203 00e4 60E0      		ldi r22,lo8(0)
 204 00e6 812F      		mov r24,r17
 205 00e8 0E94 0000 		call lcd_write
 206               	/* epilogue: frame size=0 */
 207 00ec 1F91      		pop r17
 208 00ee 0895      		ret
 209               	/* epilogue end (size=2) */
 210               	/* function lcd_command size 10 (7) */
 211               		.size	lcd_command, .-lcd_command
 212               	.global	lcd_data
 213               		.type	lcd_data, @function
 214               	lcd_data:
 215               	/* prologue: frame size=0 */
 216 00f0 1F93      		push r17
 217               	/* prologue end (size=1) */
 218 00f2 182F      		mov r17,r24
 219 00f4 0E94 0000 		call lcd_waitbusy
 220 00f8 61E0      		ldi r22,lo8(1)
 221 00fa 812F      		mov r24,r17
 222 00fc 0E94 0000 		call lcd_write
 223               	/* epilogue: frame size=0 */
 224 0100 1F91      		pop r17
 225 0102 0895      		ret
 226               	/* epilogue end (size=2) */
 227               	/* function lcd_data size 10 (7) */
 228               		.size	lcd_data, .-lcd_data
GAS LISTING D:\DOCUME~1\alex\LOCALS~1\Temp/cc6z6D0q.s 			page 5


 229               	.global	lcd_gotoxy
 230               		.type	lcd_gotoxy, @function
 231               	lcd_gotoxy:
 232               	/* prologue: frame size=0 */
 233               	/* prologue end (size=0) */
 234 0104 6623      		tst r22
 235 0106 01F4      		brne .L63
 236 0108 8058      		subi r24,lo8(-(-128))
 237 010a 00C0      		rjmp .L71
 238               	.L63:
 239 010c 6130      		cpi r22,lo8(1)
 240 010e 01F4      		brne .L66
 241 0110 8054      		subi r24,lo8(-(-64))
 242 0112 00C0      		rjmp .L71
 243               	.L66:
 244 0114 6230      		cpi r22,lo8(2)
 245 0116 01F4      		brne .L68
 246 0118 8C56      		subi r24,lo8(-(-108))
 247 011a 00C0      		rjmp .L71
 248               	.L68:
 249 011c 8C52      		subi r24,lo8(-(-44))
 250               	.L71:
 251 011e 0E94 0000 		call lcd_command
 252 0122 0895      		ret
 253               	/* epilogue: frame size=0 */
 254               	/* epilogue: noreturn */
 255               	/* epilogue end (size=0) */
 256               	/* function lcd_gotoxy size 16 (16) */
 257               		.size	lcd_gotoxy, .-lcd_gotoxy
 258               	.global	lcd_getxy
 259               		.type	lcd_getxy, @function
 260               	lcd_getxy:
 261               	/* prologue: frame size=0 */
 262               	/* prologue end (size=0) */
 263 0124 0E94 0000 		call lcd_waitbusy
 264 0128 90E0      		ldi r25,lo8(0)
 265               	/* epilogue: frame size=0 */
 266 012a 0895      		ret
 267               	/* epilogue end (size=1) */
 268               	/* function lcd_getxy size 4 (3) */
 269               		.size	lcd_getxy, .-lcd_getxy
 270               	.global	lcd_clrscr
 271               		.type	lcd_clrscr, @function
 272               	lcd_clrscr:
 273               	/* prologue: frame size=0 */
 274               	/* prologue end (size=0) */
 275 012c 81E0      		ldi r24,lo8(1)
 276 012e 0E94 0000 		call lcd_command
 277               	/* epilogue: frame size=0 */
 278 0132 0895      		ret
 279               	/* epilogue end (size=1) */
 280               	/* function lcd_clrscr size 4 (3) */
 281               		.size	lcd_clrscr, .-lcd_clrscr
 282               	.global	lcd_home
 283               		.type	lcd_home, @function
 284               	lcd_home:
 285               	/* prologue: frame size=0 */
GAS LISTING D:\DOCUME~1\alex\LOCALS~1\Temp/cc6z6D0q.s 			page 6


 286               	/* prologue end (size=0) */
 287 0134 82E0      		ldi r24,lo8(2)
 288 0136 0E94 0000 		call lcd_command
 289               	/* epilogue: frame size=0 */
 290 013a 0895      		ret
 291               	/* epilogue end (size=1) */
 292               	/* function lcd_home size 4 (3) */
 293               		.size	lcd_home, .-lcd_home
 294               	.global	lcd_putc
 295               		.type	lcd_putc, @function
 296               	lcd_putc:
 297               	/* prologue: frame size=0 */
 298 013c 1F93      		push r17
 299               	/* prologue end (size=1) */
 300 013e 182F      		mov r17,r24
 301 0140 0E94 0000 		call lcd_waitbusy
 302 0144 982F      		mov r25,r24
 303 0146 1A30      		cpi r17,lo8(10)
 304 0148 01F4      		brne .L79
 305 014a 8431      		cpi r24,lo8(20)
 306 014c 00F4      		brsh .L81
 307 014e 80E4      		ldi r24,lo8(64)
 308 0150 00C0      		rjmp .L83
 309               	.L81:
 310 0152 8054      		subi r24,lo8(-(-64))
 311 0154 8431      		cpi r24,lo8(20)
 312 0156 00F4      		brsh .L84
 313 0158 84E1      		ldi r24,lo8(20)
 314 015a 00C0      		rjmp .L83
 315               	.L84:
 316 015c 9451      		subi r25,lo8(-(-20))
 317 015e 9C32      		cpi r25,lo8(44)
 318 0160 00F4      		brsh .L86
 319 0162 84E5      		ldi r24,lo8(84)
 320 0164 00C0      		rjmp .L83
 321               	.L86:
 322 0166 80E0      		ldi r24,lo8(0)
 323               	.L83:
 324 0168 8058      		subi r24,lo8(-(-128))
 325 016a 0E94 0000 		call lcd_command
 326 016e 00C0      		rjmp .L89
 327               	.L79:
 328 0170 61E0      		ldi r22,lo8(1)
 329 0172 812F      		mov r24,r17
 330 0174 0E94 0000 		call lcd_write
 331               	.L89:
 332               	/* epilogue: frame size=0 */
 333 0178 1F91      		pop r17
 334 017a 0895      		ret
 335               	/* epilogue end (size=2) */
 336               	/* function lcd_putc size 32 (29) */
 337               		.size	lcd_putc, .-lcd_putc
 338               	.global	lcd_puts
 339               		.type	lcd_puts, @function
 340               	lcd_puts:
 341               	/* prologue: frame size=0 */
 342 017c CF93      		push r28
GAS LISTING D:\DOCUME~1\alex\LOCALS~1\Temp/cc6z6D0q.s 			page 7


 343 017e DF93      		push r29
 344               	/* prologue end (size=2) */
 345 0180 EC01      		movw r28,r24
 346 0182 00C0      		rjmp .L91
 347               	.L92:
 348 0184 0E94 0000 		call lcd_putc
 349               	.L91:
 350 0188 8991      		ld r24,Y+
 351 018a 8823      		tst r24
 352 018c 01F4      		brne .L92
 353               	/* epilogue: frame size=0 */
 354 018e DF91      		pop r29
 355 0190 CF91      		pop r28
 356 0192 0895      		ret
 357               	/* epilogue end (size=3) */
 358               	/* function lcd_puts size 12 (7) */
 359               		.size	lcd_puts, .-lcd_puts
 360               	.global	lcd_puts_p
 361               		.type	lcd_puts_p, @function
 362               	lcd_puts_p:
 363               	/* prologue: frame size=0 */
 364 0194 CF93      		push r28
 365 0196 DF93      		push r29
 366               	/* prologue end (size=2) */
 367 0198 EC01      		movw r28,r24
 368 019a 00C0      		rjmp .L96
 369               	.L97:
 370 019c 0E94 0000 		call lcd_putc
 371               	.L96:
 372 01a0 FE01      		movw r30,r28
 373 01a2 2196      		adiw r28,1
 374               	/* #APP */
 375 01a4 8491      		lpm r24, Z
 376               		
 377               	/* #NOAPP */
 378 01a6 8823      		tst r24
 379 01a8 01F4      		brne .L97
 380               	/* epilogue: frame size=0 */
 381 01aa DF91      		pop r29
 382 01ac CF91      		pop r28
 383 01ae 0895      		ret
 384               	/* epilogue end (size=3) */
 385               	/* function lcd_puts_p size 17 (12) */
 386               		.size	lcd_puts_p, .-lcd_puts_p
 387               	.global	lcd_init
 388               		.type	lcd_init, @function
 389               	lcd_init:
 390               	/* prologue: frame size=0 */
 391 01b0 FF92      		push r15
 392 01b2 0F93      		push r16
 393 01b4 1F93      		push r17
 394               	/* prologue end (size=3) */
 395 01b6 F82E      		mov r15,r24
 396 01b8 A79A      		sbi 52-0x20,7
 397 01ba A59A      		sbi 52-0x20,5
 398 01bc A39A      		sbi 52-0x20,3
 399 01be A09A      		sbi 52-0x20,0
GAS LISTING D:\DOCUME~1\alex\LOCALS~1\Temp/cc6z6D0q.s 			page 8


 400 01c0 A29A      		sbi 52-0x20,2
 401 01c2 A49A      		sbi 52-0x20,4
 402 01c4 A69A      		sbi 52-0x20,6
 403 01c6 80E8      		ldi r24,lo8(16000)
 404 01c8 9EE3      		ldi r25,hi8(16000)
 405               	/* #APP */
 406 01ca 0197      		1: sbiw r24,1
 407 01cc 01F4      		brne 1b
 408               	/* #NOAPP */
 409 01ce AA9A      		sbi 53-0x20,2
 410 01d0 A89A      		sbi 53-0x20,0
 411 01d2 0E94 0000 		call toggle_e
 412 01d6 80E8      		ldi r24,lo8(4992)
 413 01d8 93E1      		ldi r25,hi8(4992)
 414               	/* #APP */
 415 01da 0197      		1: sbiw r24,1
 416 01dc 01F4      		brne 1b
 417               	/* #NOAPP */
 418 01de 0E94 0000 		call toggle_e
 419 01e2 00E4      		ldi r16,lo8(64)
 420 01e4 10E0      		ldi r17,hi8(64)
 421 01e6 C801      		movw r24,r16
 422               	/* #APP */
 423 01e8 0197      		1: sbiw r24,1
 424 01ea 01F4      		brne 1b
 425               	/* #NOAPP */
 426 01ec 0E94 0000 		call toggle_e
 427 01f0 C801      		movw r24,r16
 428               	/* #APP */
 429 01f2 0197      		1: sbiw r24,1
 430 01f4 01F4      		brne 1b
 431               	/* #NOAPP */
 432 01f6 A898      		cbi 53-0x20,0
 433 01f8 0E94 0000 		call toggle_e
 434 01fc C801      		movw r24,r16
 435               	/* #APP */
 436 01fe 0197      		1: sbiw r24,1
 437 0200 01F4      		brne 1b
 438               	/* #NOAPP */
 439 0202 88E2      		ldi r24,lo8(40)
 440 0204 0E94 0000 		call lcd_command
 441 0208 88E0      		ldi r24,lo8(8)
 442 020a 0E94 0000 		call lcd_command
 443 020e 0E94 0000 		call lcd_clrscr
 444 0212 86E0      		ldi r24,lo8(6)
 445 0214 0E94 0000 		call lcd_command
 446 0218 8F2D      		mov r24,r15
 447 021a 0E94 0000 		call lcd_command
 448               	/* epilogue: frame size=0 */
 449 021e 1F91      		pop r17
 450 0220 0F91      		pop r16
 451 0222 FF90      		pop r15
 452 0224 0895      		ret
 453               	/* epilogue end (size=4) */
 454               	/* function lcd_init size 69 (62) */
 455               		.size	lcd_init, .-lcd_init
 456               	/* File "lcd.c": code  317 = 0x013d ( 280), prologues  12, epilogues  25 */
GAS LISTING D:\DOCUME~1\alex\LOCALS~1\Temp/cc6z6D0q.s 			page 9


GAS LISTING D:\DOCUME~1\alex\LOCALS~1\Temp/cc6z6D0q.s 			page 10


DEFINED SYMBOLS
                            *ABS*:00000000 lcd.c
D:\DOCUME~1\alex\LOCALS~1\Temp/cc6z6D0q.s:2      *ABS*:0000003f __SREG__
D:\DOCUME~1\alex\LOCALS~1\Temp/cc6z6D0q.s:3      *ABS*:0000003e __SP_H__
D:\DOCUME~1\alex\LOCALS~1\Temp/cc6z6D0q.s:4      *ABS*:0000003d __SP_L__
D:\DOCUME~1\alex\LOCALS~1\Temp/cc6z6D0q.s:5      *ABS*:00000000 __tmp_reg__
D:\DOCUME~1\alex\LOCALS~1\Temp/cc6z6D0q.s:6      *ABS*:00000001 __zero_reg__
D:\DOCUME~1\alex\LOCALS~1\Temp/cc6z6D0q.s:11     .text:00000000 toggle_e
D:\DOCUME~1\alex\LOCALS~1\Temp/cc6z6D0q.s:26     .text:00000008 lcd_write
D:\DOCUME~1\alex\LOCALS~1\Temp/cc6z6D0q.s:90     .text:00000068 lcd_read
D:\DOCUME~1\alex\LOCALS~1\Temp/cc6z6D0q.s:156    .text:000000b4 lcd_waitbusy
D:\DOCUME~1\alex\LOCALS~1\Temp/cc6z6D0q.s:180    .text:000000d0 lcd_backlight
D:\DOCUME~1\alex\LOCALS~1\Temp/cc6z6D0q.s:197    .text:000000dc lcd_command
D:\DOCUME~1\alex\LOCALS~1\Temp/cc6z6D0q.s:214    .text:000000f0 lcd_data
D:\DOCUME~1\alex\LOCALS~1\Temp/cc6z6D0q.s:231    .text:00000104 lcd_gotoxy
D:\DOCUME~1\alex\LOCALS~1\Temp/cc6z6D0q.s:260    .text:00000124 lcd_getxy
D:\DOCUME~1\alex\LOCALS~1\Temp/cc6z6D0q.s:272    .text:0000012c lcd_clrscr
D:\DOCUME~1\alex\LOCALS~1\Temp/cc6z6D0q.s:284    .text:00000134 lcd_home
D:\DOCUME~1\alex\LOCALS~1\Temp/cc6z6D0q.s:296    .text:0000013c lcd_putc
D:\DOCUME~1\alex\LOCALS~1\Temp/cc6z6D0q.s:340    .text:0000017c lcd_puts
D:\DOCUME~1\alex\LOCALS~1\Temp/cc6z6D0q.s:362    .text:00000194 lcd_puts_p
D:\DOCUME~1\alex\LOCALS~1\Temp/cc6z6D0q.s:389    .text:000001b0 lcd_init

UNDEFINED SYMBOLS
__do_copy_data
__do_clear_bss
