Archive member included because of file (symbol)

/usr/local/AVR/lib/gcc/avr/4.2.1/libgcc.a(_exit.o)
                              /usr/local/AVR/lib/gcc/avr/4.2.1/../../../../avr/lib/crts8515.o (exit)
/usr/local/AVR/lib/gcc/avr/4.2.1/libgcc.a(_copy_data.o)
                              helloled.o (__do_copy_data)
/usr/local/AVR/lib/gcc/avr/4.2.1/libgcc.a(_clear_bss.o)
                              helloled.o (__do_clear_bss)

Discarded input sections

 .stabstr       0x00000000        0x0 /usr/local/AVR/lib/gcc/avr/4.2.1/../../../../avr/lib/crts8515.o
 .stabstr       0x00000000        0x0 helloled.o

Memory Configuration

Name             Origin             Length             Attributes
text             0x00000000         0x00002000         xr
data             0x00800060         0x0000ffa0         rw !x
eeprom           0x00810000         0x00010000         rw !x
*default*        0x00000000         0xffffffff

Linker script and memory map

LOAD /usr/local/AVR/lib/gcc/avr/4.2.1/../../../../avr/lib/crts8515.o
LOAD helloled.o
LOAD /usr/local/AVR/lib/gcc/avr/4.2.1/libgcc.a
LOAD /usr/local/AVR/lib/gcc/avr/4.2.1/../../../../avr/lib/libc.a
LOAD /usr/local/AVR/lib/gcc/avr/4.2.1/libgcc.a

.hash
 *(.hash)

.dynsym
 *(.dynsym)

.dynstr
 *(.dynstr)

.gnu.version
 *(.gnu.version)

.gnu.version_d
 *(.gnu.version_d)

.gnu.version_r
 *(.gnu.version_r)

.rel.init
 *(.rel.init)

.rela.init
 *(.rela.init)

.rel.text
 *(.rel.text)
 *(.rel.text.*)
 *(.rel.gnu.linkonce.t*)

.rela.text
 *(.rela.text)
 *(.rela.text.*)
 *(.rela.gnu.linkonce.t*)

.rel.fini
 *(.rel.fini)

.rela.fini
 *(.rela.fini)

.rel.rodata
 *(.rel.rodata)
 *(.rel.rodata.*)
 *(.rel.gnu.linkonce.r*)

.rela.rodata
 *(.rela.rodata)
 *(.rela.rodata.*)
 *(.rela.gnu.linkonce.r*)

.rel.data
 *(.rel.data)
 *(.rel.data.*)
 *(.rel.gnu.linkonce.d*)

.rela.data
 *(.rela.data)
 *(.rela.data.*)
 *(.rela.gnu.linkonce.d*)

.rel.ctors
 *(.rel.ctors)

.rela.ctors
 *(.rela.ctors)

.rel.dtors
 *(.rel.dtors)

.rela.dtors
 *(.rela.dtors)

.rel.got
 *(.rel.got)

.rela.got
 *(.rela.got)

.rel.bss
 *(.rel.bss)

.rela.bss
 *(.rela.bss)

.rel.plt
 *(.rel.plt)

.rela.plt
 *(.rela.plt)

.text           0x00000000       0xba
 *(.vectors)
 .vectors       0x00000000       0x1a /usr/local/AVR/lib/gcc/avr/4.2.1/../../../../avr/lib/crts8515.o
                0x00000000                __vectors
                0x00000000                __vector_default
 *(.vectors)
                0x0000001a                __ctors_start = .
 *(.ctors)
                0x0000001a                __ctors_end = .
                0x0000001a                __dtors_start = .
 *(.dtors)
                0x0000001a                __dtors_end = .
 SORT(*)(.ctors)
 SORT(*)(.dtors)
 *(.progmem.gcc*)
 *(.progmem*)
                0x0000001a                . = ALIGN (0x2)
 *(.jumptables)
 *(.jumptables*)
 *(.lowtext)
 *(.lowtext*)
 *(.init0)
 .init0         0x0000001a        0x0 /usr/local/AVR/lib/gcc/avr/4.2.1/../../../../avr/lib/crts8515.o
                0x0000001a                __init
 *(.init0)
 *(.init1)
 *(.init1)
 *(.init2)
 .init2         0x0000001a        0xc /usr/local/AVR/lib/gcc/avr/4.2.1/../../../../avr/lib/crts8515.o
 *(.init2)
 *(.init3)
 *(.init3)
 *(.init4)
 .init4         0x00000026       0x18 /usr/local/AVR/lib/gcc/avr/4.2.1/libgcc.a(_copy_data.o)
                0x00000026                __do_copy_data
 .init4         0x0000003e       0x10 /usr/local/AVR/lib/gcc/avr/4.2.1/libgcc.a(_clear_bss.o)
                0x0000003e                __do_clear_bss
 *(.init4)
 *(.init5)
 *(.init5)
 *(.init6)
 *(.init6)
 *(.init7)
 *(.init7)
 *(.init8)
 *(.init8)
 *(.init9)
 .init9         0x0000004e        0x4 /usr/local/AVR/lib/gcc/avr/4.2.1/../../../../avr/lib/crts8515.o
 *(.init9)
 *(.text)
 .text          0x00000052        0x2 /usr/local/AVR/lib/gcc/avr/4.2.1/../../../../avr/lib/crts8515.o
                0x00000052                __vector_1
                0x00000052                __vector_12
                0x00000052                __bad_interrupt
                0x00000052                __vector_6
                0x00000052                __vector_3
                0x00000052                __vector_11
                0x00000052                __vector_7
                0x00000052                __vector_5
                0x00000052                __vector_4
                0x00000052                __vector_9
                0x00000052                __vector_2
                0x00000052                __vector_8
                0x00000052                __vector_10
 .text          0x00000054       0x64 helloled.o
                0x00000054                main
 .text          0x000000b8        0x0 /usr/local/AVR/lib/gcc/avr/4.2.1/libgcc.a(_exit.o)
 .text          0x000000b8        0x0 /usr/local/AVR/lib/gcc/avr/4.2.1/libgcc.a(_copy_data.o)
 .text          0x000000b8        0x0 /usr/local/AVR/lib/gcc/avr/4.2.1/libgcc.a(_clear_bss.o)
                0x000000b8                . = ALIGN (0x2)
 *(.text.*)
 .text.libgcc   0x000000b8        0x0 /usr/local/AVR/lib/gcc/avr/4.2.1/libgcc.a(_exit.o)
 .text.libgcc   0x000000b8        0x0 /usr/local/AVR/lib/gcc/avr/4.2.1/libgcc.a(_copy_data.o)
 .text.libgcc   0x000000b8        0x0 /usr/local/AVR/lib/gcc/avr/4.2.1/libgcc.a(_clear_bss.o)
                0x000000b8                . = ALIGN (0x2)
 *(.fini9)
 .fini9         0x000000b8        0x0 /usr/local/AVR/lib/gcc/avr/4.2.1/libgcc.a(_exit.o)
                0x000000b8                exit
                0x000000b8                _exit
 *(.fini9)
 *(.fini8)
 *(.fini8)
 *(.fini7)
 *(.fini7)
 *(.fini6)
 *(.fini6)
 *(.fini5)
 *(.fini5)
 *(.fini4)
 *(.fini4)
 *(.fini3)
 *(.fini3)
 *(.fini2)
 *(.fini2)
 *(.fini1)
 *(.fini1)
 *(.fini0)
 .fini0         0x000000b8        0x2 /usr/local/AVR/lib/gcc/avr/4.2.1/libgcc.a(_exit.o)
 *(.fini0)
                0x000000ba                _etext = .

.data           0x00800060        0x0 load address 0x000000ba
                0x00800060                PROVIDE (__data_start, .)
 *(.data)
 .data          0x00800060        0x0 /usr/local/AVR/lib/gcc/avr/4.2.1/../../../../avr/lib/crts8515.o
 .data          0x00800060        0x0 helloled.o
 .data          0x00800060        0x0 /usr/local/AVR/lib/gcc/avr/4.2.1/libgcc.a(_exit.o)
 .data          0x00800060        0x0 /usr/local/AVR/lib/gcc/avr/4.2.1/libgcc.a(_copy_data.o)
 .data          0x00800060        0x0 /usr/local/AVR/lib/gcc/avr/4.2.1/libgcc.a(_clear_bss.o)
 *(.data*)
 *(.rodata)
 *(.rodata*)
 *(.gnu.linkonce.d*)
                0x00800060                . = ALIGN (0x2)
                0x00800060                _edata = .
                0x00800060                PROVIDE (__data_end, .)

.bss            0x00800060        0x0
                0x00800060                PROVIDE (__bss_start, .)
 *(.bss)
 .bss           0x00800060        0x0 /usr/local/AVR/lib/gcc/avr/4.2.1/../../../../avr/lib/crts8515.o
 .bss           0x00800060        0x0 helloled.o
 .bss           0x00800060        0x0 /usr/local/AVR/lib/gcc/avr/4.2.1/libgcc.a(_exit.o)
 .bss           0x00800060        0x0 /usr/local/AVR/lib/gcc/avr/4.2.1/libgcc.a(_copy_data.o)
 .bss           0x00800060        0x0 /usr/local/AVR/lib/gcc/avr/4.2.1/libgcc.a(_clear_bss.o)
 *(.bss*)
 *(COMMON)
                0x00800060                PROVIDE (__bss_end, .)
                0x000000ba                __data_load_start = LOADADDR (.data)
                0x000000ba                __data_load_end = (__data_load_start + SIZEOF (.data))

.noinit         0x00800060        0x0
                0x00800060                PROVIDE (__noinit_start, .)
 *(.noinit*)
                0x00800060                PROVIDE (__noinit_end, .)
                0x00800060                _end = .
                0x00800060                PROVIDE (__heap_start, .)

.eeprom         0x00810000        0x0
 *(.eeprom*)
                0x00810000                __eeprom_end = .

.stab           0x00000000      0x714
 *(.stab)
 .stab          0x00000000      0x378 /usr/local/AVR/lib/gcc/avr/4.2.1/../../../../avr/lib/crts8515.o
 .stab          0x00000378      0x39c helloled.o
                                0x3a8 (size before relaxing)

.stabstr        0x00000000      0x695
 *(.stabstr)
 .stabstr       0x00000000      0x695 /usr/local/AVR/lib/gcc/avr/4.2.1/../../../../avr/lib/crts8515.o

.stab.excl
 *(.stab.excl)

.stab.exclstr
 *(.stab.exclstr)

.stab.index
 *(.stab.index)

.stab.indexstr
 *(.stab.indexstr)

.comment
 *(.comment)

.debug
 *(.debug)

.line
 *(.line)

.debug_srcinfo
 *(.debug_srcinfo)

.debug_sfnames
 *(.debug_sfnames)

.debug_aranges
 *(.debug_aranges)

.debug_pubnames
 *(.debug_pubnames)

.debug_info
 *(.debug_info)
 *(.gnu.linkonce.wi.*)

.debug_abbrev
 *(.debug_abbrev)

.debug_line
 *(.debug_line)

.debug_frame
 *(.debug_frame)

.debug_str
 *(.debug_str)

.debug_loc
 *(.debug_loc)

.debug_macinfo
 *(.debug_macinfo)
OUTPUT(helloled.elf elf32-avr)

Cross Reference Table

Symbol                                            File
__bad_interrupt                                   /usr/local/AVR/lib/gcc/avr/4.2.1/../../../../avr/lib/crts8515.o
__bss_end                                         /usr/local/AVR/lib/gcc/avr/4.2.1/libgcc.a(_clear_bss.o)
__bss_start                                       /usr/local/AVR/lib/gcc/avr/4.2.1/libgcc.a(_clear_bss.o)
__data_end                                        /usr/local/AVR/lib/gcc/avr/4.2.1/libgcc.a(_copy_data.o)
__data_load_start                                 /usr/local/AVR/lib/gcc/avr/4.2.1/libgcc.a(_copy_data.o)
__data_start                                      /usr/local/AVR/lib/gcc/avr/4.2.1/libgcc.a(_copy_data.o)
__do_clear_bss                                    /usr/local/AVR/lib/gcc/avr/4.2.1/libgcc.a(_clear_bss.o)
                                                  helloled.o
__do_copy_data                                    /usr/local/AVR/lib/gcc/avr/4.2.1/libgcc.a(_copy_data.o)
                                                  helloled.o
__heap_end                                        /usr/local/AVR/lib/gcc/avr/4.2.1/../../../../avr/lib/crts8515.o
__init                                            /usr/local/AVR/lib/gcc/avr/4.2.1/../../../../avr/lib/crts8515.o
__stack                                           /usr/local/AVR/lib/gcc/avr/4.2.1/../../../../avr/lib/crts8515.o
                                                  helloled.o
__vector_1                                        /usr/local/AVR/lib/gcc/avr/4.2.1/../../../../avr/lib/crts8515.o
__vector_10                                       /usr/local/AVR/lib/gcc/avr/4.2.1/../../../../avr/lib/crts8515.o
__vector_11                                       /usr/local/AVR/lib/gcc/avr/4.2.1/../../../../avr/lib/crts8515.o
__vector_12                                       /usr/local/AVR/lib/gcc/avr/4.2.1/../../../../avr/lib/crts8515.o
__vector_2                                        /usr/local/AVR/lib/gcc/avr/4.2.1/../../../../avr/lib/crts8515.o
__vector_3                                        /usr/local/AVR/lib/gcc/avr/4.2.1/../../../../avr/lib/crts8515.o
__vector_4                                        /usr/local/AVR/lib/gcc/avr/4.2.1/../../../../avr/lib/crts8515.o
__vector_5                                        /usr/local/AVR/lib/gcc/avr/4.2.1/../../../../avr/lib/crts8515.o
__vector_6                                        /usr/local/AVR/lib/gcc/avr/4.2.1/../../../../avr/lib/crts8515.o
__vector_7                                        /usr/local/AVR/lib/gcc/avr/4.2.1/../../../../avr/lib/crts8515.o
__vector_8                                        /usr/local/AVR/lib/gcc/avr/4.2.1/../../../../avr/lib/crts8515.o
__vector_9                                        /usr/local/AVR/lib/gcc/avr/4.2.1/../../../../avr/lib/crts8515.o
__vector_default                                  /usr/local/AVR/lib/gcc/avr/4.2.1/../../../../avr/lib/crts8515.o
__vectors                                         /usr/local/AVR/lib/gcc/avr/4.2.1/../../../../avr/lib/crts8515.o
_exit                                             /usr/local/AVR/lib/gcc/avr/4.2.1/libgcc.a(_exit.o)
exit                                              /usr/local/AVR/lib/gcc/avr/4.2.1/libgcc.a(_exit.o)
                                                  /usr/local/AVR/lib/gcc/avr/4.2.1/../../../../avr/lib/crts8515.o
main                                              helloled.o
                                                  /usr/local/AVR/lib/gcc/avr/4.2.1/../../../../avr/lib/crts8515.o
