Archive member included because of file (symbol)

e:\avr\lib\libuart.a(uart.o)  main.o (uart_init)
c:/winavr-20100110/bin/../lib/gcc/avr/4.3.3/avr51\libgcc.a(_exit.o)
                              c:/winavr-20100110/bin/../lib/gcc/avr/4.3.3/../../../../avr/lib/avr51/crtm128.o (exit)
c:/winavr-20100110/bin/../lib/gcc/avr/4.3.3/avr51\libgcc.a(_clear_bss.o)
                              keypad.o (__do_clear_bss)
c:/winavr-20100110/bin/../lib/gcc/avr/4.3.3/../../../../avr/lib/avr51\libc.a(itoa.o)
                              e:\avr\lib\libuart.a(uart.o) (itoa)
c:/winavr-20100110/bin/../lib/gcc/avr/4.3.3/../../../../avr/lib/avr51\libc.a(ltoa.o)
                              e:\avr\lib\libuart.a(uart.o) (ltoa)
c:/winavr-20100110/bin/../lib/gcc/avr/4.3.3/../../../../avr/lib/avr51\libc.a(ultoa.o)
                              e:\avr\lib\libuart.a(uart.o) (ultoa)
c:/winavr-20100110/bin/../lib/gcc/avr/4.3.3/../../../../avr/lib/avr51\libc.a(utoa.o)
                              e:\avr\lib\libuart.a(uart.o) (utoa)
c:/winavr-20100110/bin/../lib/gcc/avr/4.3.3/../../../../avr/lib/avr51\libc.a(strrev.o)
                              c:/winavr-20100110/bin/../lib/gcc/avr/4.3.3/../../../../avr/lib/avr51\libc.a(itoa.o) (strrev)
c:/winavr-20100110/bin/../lib/gcc/avr/4.3.3/avr51\libgcc.a(_udivmodhi4.o)
                              c:/winavr-20100110/bin/../lib/gcc/avr/4.3.3/../../../../avr/lib/avr51\libc.a(itoa.o) (__udivmodhi4)
c:/winavr-20100110/bin/../lib/gcc/avr/4.3.3/avr51\libgcc.a(_udivmodsi4.o)
                              c:/winavr-20100110/bin/../lib/gcc/avr/4.3.3/../../../../avr/lib/avr51\libc.a(ltoa.o) (__udivmodsi4)

Allocating common symbols
Common symbol       size              file

lcd_ddr_db2         0x2               lcd.o
lcd_b_rs            0x1               lcd.o
lcd_p_db1           0x2               lcd.o
lcd_p_rs            0x2               lcd.o
lcd_p_rw            0x2               lcd.o
cat4016_p_data      0x28              cat4016.o
bkeypad_4x4_in      0x5               keypad.o
lcd_p_backlight     0x2               lcd.o
cat4016_p_latch     0x28              cat4016.o
pkeypad_4x4_out     0xa               keypad.o
lcd_p_db2           0x2               lcd.o
bkeypad_4x4_out     0x5               keypad.o
lcd_pin_db0         0x2               lcd.o
cat4016_p_clk       0x28              cat4016.o
cat4016_p_blank     0x28              cat4016.o
uart_buf            0x20              e:\avr\lib\libuart.a(uart.o)
pkeypad_4x4_in      0xa               keypad.o
cat4016_b_clk       0x14              cat4016.o
lcd_ddr_db3         0x2               lcd.o
lcd_p_enable        0x2               lcd.o
lcd_p_db3           0x2               lcd.o
lcd_pin_db2         0x2               lcd.o
lcd_b_db0           0x1               lcd.o
lcd_p_db0           0x2               lcd.o
lcd_b_backlight     0x1               lcd.o
lcd_ddr_db0         0x2               lcd.o
cat4016_b_blank     0x14              cat4016.o
cat4016_b_latch     0x14              cat4016.o
lcd_ddr_db1         0x2               lcd.o
lcd_pin_db3         0x2               lcd.o
lcd_b_db1           0x1               lcd.o
cat4016_b_data      0x14              cat4016.o
lcd_b_enable        0x1               lcd.o
uart_done           0x1               e:\avr\lib\libuart.a(uart.o)
lcd_b_rw            0x1               lcd.o
uart_pos            0x1               e:\avr\lib\libuart.a(uart.o)
lcd_pin_db1         0x2               lcd.o
lcd_b_db2           0x1               lcd.o
lcd_b_db3           0x1               lcd.o

Memory Configuration

Name             Origin             Length             Attributes
text             0x00000000         0x00020000         xr
data             0x00800060         0x0000ffa0         rw !x
eeprom           0x00810000         0x00010000         rw !x
fuse             0x00820000         0x00000400         rw !x
lock             0x00830000         0x00000400         rw !x
signature        0x00840000         0x00000400         rw !x
*default*        0x00000000         0xffffffff

Linker script and memory map

Address of section .data set to 0x800100
LOAD c:/winavr-20100110/bin/../lib/gcc/avr/4.3.3/../../../../avr/lib/avr51/crtm128.o
LOAD main.o
LOAD keypad.o
LOAD cat4016.o
LOAD lcd.o
LOAD e:\avr\lib\libdelay.a
LOAD e:\avr\lib\libuart.a
LOAD c:/winavr-20100110/bin/../lib/gcc/avr/4.3.3/avr51\libgcc.a
LOAD c:/winavr-20100110/bin/../lib/gcc/avr/4.3.3/../../../../avr/lib/avr51\libc.a
LOAD c:/winavr-20100110/bin/../lib/gcc/avr/4.3.3/avr51\libgcc.a

.hash
 *(.hash)

.dynsym
 *(.dynsym)

.dynstr
 *(.dynstr)

.gnu.version
 *(.gnu.version)

.gnu.version_d
 *(.gnu.version_d)

.gnu.version_r
 *(.gnu.version_r)

.rel.init
 *(.rel.init)

.rela.init
 *(.rela.init)

.rel.text
 *(.rel.text)
 *(.rel.text.*)
 *(.rel.gnu.linkonce.t*)

.rela.text
 *(.rela.text)
 *(.rela.text.*)
 *(.rela.gnu.linkonce.t*)

.rel.fini
 *(.rel.fini)

.rela.fini
 *(.rela.fini)

.rel.rodata
 *(.rel.rodata)
 *(.rel.rodata.*)
 *(.rel.gnu.linkonce.r*)

.rela.rodata
 *(.rela.rodata)
 *(.rela.rodata.*)
 *(.rela.gnu.linkonce.r*)

.rel.data
 *(.rel.data)
 *(.rel.data.*)
 *(.rel.gnu.linkonce.d*)

.rela.data
 *(.rela.data)
 *(.rela.data.*)
 *(.rela.gnu.linkonce.d*)

.rel.ctors
 *(.rel.ctors)

.rela.ctors
 *(.rela.ctors)

.rel.dtors
 *(.rel.dtors)

.rela.dtors
 *(.rela.dtors)

.rel.got
 *(.rel.got)

.rela.got
 *(.rela.got)

.rel.bss
 *(.rel.bss)

.rela.bss
 *(.rela.bss)

.rel.plt
 *(.rel.plt)

.rela.plt
 *(.rela.plt)

.text           0x00000000     0x31b8
 *(.vectors)
 .vectors       0x00000000       0x8c c:/winavr-20100110/bin/../lib/gcc/avr/4.3.3/../../../../avr/lib/avr51/crtm128.o
                0x00000000                __vectors
                0x00000000                __vector_default
 *(.vectors)
 *(.progmem.gcc*)
 *(.progmem*)
                0x0000008c                . = ALIGN (0x2)
                0x0000008c                __trampolines_start = .
 *(.trampolines)
 .trampolines   0x0000008c        0x0 linker stubs
 *(.trampolines*)
                0x0000008c                __trampolines_end = .
 *(.jumptables)
 *(.jumptables*)
 *(.lowtext)
 *(.lowtext*)
                0x0000008c                __ctors_start = .
 *(.ctors)
                0x0000008c                __ctors_end = .
                0x0000008c                __dtors_start = .
 *(.dtors)
                0x0000008c                __dtors_end = .
 SORT(*)(.ctors)
 SORT(*)(.dtors)
 *(.init0)
 .init0         0x0000008c        0x0 c:/winavr-20100110/bin/../lib/gcc/avr/4.3.3/../../../../avr/lib/avr51/crtm128.o
                0x0000008c                __init
 *(.init0)
 *(.init1)
 *(.init1)
 *(.init2)
 .init2         0x0000008c        0xc c:/winavr-20100110/bin/../lib/gcc/avr/4.3.3/../../../../avr/lib/avr51/crtm128.o
 *(.init2)
 *(.init3)
 *(.init3)
 *(.init4)
 .init4         0x00000098       0x1a c:/winavr-20100110/bin/../lib/gcc/avr/4.3.3/../../../../avr/lib/avr51/crtm128.o
                0x00000098                __do_copy_data
 .init4         0x000000b2       0x10 c:/winavr-20100110/bin/../lib/gcc/avr/4.3.3/avr51\libgcc.a(_clear_bss.o)
                0x000000b2                __do_clear_bss
 *(.init4)
 *(.init5)
 *(.init5)
 *(.init6)
 *(.init6)
 *(.init7)
 *(.init7)
 *(.init8)
 *(.init8)
 *(.init9)
 .init9         0x000000c2        0x8 c:/winavr-20100110/bin/../lib/gcc/avr/4.3.3/../../../../avr/lib/avr51/crtm128.o
 *(.init9)
 *(.text)
 .text          0x000000ca        0x4 c:/winavr-20100110/bin/../lib/gcc/avr/4.3.3/../../../../avr/lib/avr51/crtm128.o
                0x000000ca                __vector_22
                0x000000ca                __vector_28
                0x000000ca                __vector_1
                0x000000ca                __vector_32
                0x000000ca                __vector_34
                0x000000ca                __vector_24
                0x000000ca                __vector_12
                0x000000ca                __bad_interrupt
                0x000000ca                __vector_6
                0x000000ca                __vector_31
                0x000000ca                __vector_3
                0x000000ca                __vector_23
                0x000000ca                __vector_30
                0x000000ca                __vector_25
                0x000000ca                __vector_11
                0x000000ca                __vector_17
                0x000000ca                __vector_19
                0x000000ca                __vector_7
                0x000000ca                __vector_27
                0x000000ca                __vector_5
                0x000000ca                __vector_33
                0x000000ca                __vector_4
                0x000000ca                __vector_9
                0x000000ca                __vector_2
                0x000000ca                __vector_21
                0x000000ca                __vector_15
                0x000000ca                __vector_29
                0x000000ca                __vector_8
                0x000000ca                __vector_26
                0x000000ca                __vector_14
                0x000000ca                __vector_10
                0x000000ca                __vector_16
                0x000000ca                __vector_18
                0x000000ca                __vector_20
 .text          0x000000ce      0x4c4 main.o
                0x00000294                set_dir_left
                0x000000ce                get_number
                0x000002cc                start_filling
                0x000002e8                main
                0x000002be                stop_winding
                0x000002b0                start_winding
                0x000002da                stop_filling
                0x000002a2                set_dir_right
 .text          0x00000592      0x866 keypad.o
                0x00000d14                getc_4x4_keypad
                0x00000592                getc_3x4_keypad
                0x000005b2                init_4x4_keypad
 .text          0x00000df8      0xba2 cat4016.o
                0x00001764                cat4016_put_txt
                0x00001202                cat4016_put4
                0x00000df8                init_cat4016
                0x00001552                cat4016_put_snumber
                0x00001398                cat4016_put_unumber
 .text          0x0000199a     0x11c8 lcd.o
                0x0000211a                lcd_data
                0x0000213a                lcd_gotoxy
                0x000021c8                lcd_putc
                0x000022e8                lcd_setup
                0x000020a6                lcd_backlight_on
                0x000021b4                lcd_home
                0x000021a0                lcd_clrscr
                0x0000218a                lcd_getxy
                0x0000224a                lcd_puts
                0x00002298                lcd_puts_p
                0x00002a50                lcd_init
                0x000020ce                lcd_backlight_off
                0x000020fa                lcd_command
 .text          0x00002b62      0x4a6 e:\avr\lib\libuart.a(uart.o)
                0x00002bd4                uart_puts
                0x00002f4e                __vector_13
                0x00002b62                uart_init
                0x00002fea                uart_getc
                0x00002ba6                uart_putc
                0x00002c22                uart_printf
 .text          0x00003008        0x0 c:/winavr-20100110/bin/../lib/gcc/avr/4.3.3/avr51\libgcc.a(_exit.o)
 .text          0x00003008        0x0 c:/winavr-20100110/bin/../lib/gcc/avr/4.3.3/avr51\libgcc.a(_clear_bss.o)
 .text          0x00003008        0x0 c:/winavr-20100110/bin/../lib/gcc/avr/4.3.3/../../../../avr/lib/avr51\libc.a(itoa.o)
 .text          0x00003008        0x0 c:/winavr-20100110/bin/../lib/gcc/avr/4.3.3/../../../../avr/lib/avr51\libc.a(ltoa.o)
 .text          0x00003008        0x0 c:/winavr-20100110/bin/../lib/gcc/avr/4.3.3/../../../../avr/lib/avr51\libc.a(ultoa.o)
 .text          0x00003008        0x0 c:/winavr-20100110/bin/../lib/gcc/avr/4.3.3/../../../../avr/lib/avr51\libc.a(utoa.o)
 .text          0x00003008        0x0 c:/winavr-20100110/bin/../lib/gcc/avr/4.3.3/../../../../avr/lib/avr51\libc.a(strrev.o)
 .text          0x00003008        0x0 c:/winavr-20100110/bin/../lib/gcc/avr/4.3.3/avr51\libgcc.a(_udivmodhi4.o)
 .text          0x00003008        0x0 c:/winavr-20100110/bin/../lib/gcc/avr/4.3.3/avr51\libgcc.a(_udivmodsi4.o)
                0x00003008                . = ALIGN (0x2)
 *(.text.*)
 .text.libgcc   0x00003008        0x0 c:/winavr-20100110/bin/../lib/gcc/avr/4.3.3/avr51\libgcc.a(_exit.o)
 .text.libgcc   0x00003008        0x0 c:/winavr-20100110/bin/../lib/gcc/avr/4.3.3/avr51\libgcc.a(_clear_bss.o)
 .text.avr-libc
                0x00003008       0x42 c:/winavr-20100110/bin/../lib/gcc/avr/4.3.3/../../../../avr/lib/avr51\libc.a(itoa.o)
                0x00003008                itoa
 .text.avr-libc
                0x0000304a       0x68 c:/winavr-20100110/bin/../lib/gcc/avr/4.3.3/../../../../avr/lib/avr51\libc.a(ltoa.o)
                0x0000304a                ltoa
 .text.avr-libc
                0x000030b2       0x4a c:/winavr-20100110/bin/../lib/gcc/avr/4.3.3/../../../../avr/lib/avr51\libc.a(ultoa.o)
                0x000030b2                ultoa
 .text.avr-libc
                0x000030fc       0x2c c:/winavr-20100110/bin/../lib/gcc/avr/4.3.3/../../../../avr/lib/avr51\libc.a(utoa.o)
                0x000030fc                utoa
 .text.avr-libc
                0x00003128       0x20 c:/winavr-20100110/bin/../lib/gcc/avr/4.3.3/../../../../avr/lib/avr51\libc.a(strrev.o)
                0x00003128                strrev
 .text.libgcc   0x00003148       0x28 c:/winavr-20100110/bin/../lib/gcc/avr/4.3.3/avr51\libgcc.a(_udivmodhi4.o)
                0x00003148                __udivmodhi4
 .text.libgcc   0x00003170       0x44 c:/winavr-20100110/bin/../lib/gcc/avr/4.3.3/avr51\libgcc.a(_udivmodsi4.o)
                0x00003170                __udivmodsi4
                0x000031b4                . = ALIGN (0x2)
 *(.fini9)
 .fini9         0x000031b4        0x0 c:/winavr-20100110/bin/../lib/gcc/avr/4.3.3/avr51\libgcc.a(_exit.o)
                0x000031b4                exit
                0x000031b4                _exit
 *(.fini9)
 *(.fini8)
 *(.fini8)
 *(.fini7)
 *(.fini7)
 *(.fini6)
 *(.fini6)
 *(.fini5)
 *(.fini5)
 *(.fini4)
 *(.fini4)
 *(.fini3)
 *(.fini3)
 *(.fini2)
 *(.fini2)
 *(.fini1)
 *(.fini1)
 *(.fini0)
 .fini0         0x000031b4        0x4 c:/winavr-20100110/bin/../lib/gcc/avr/4.3.3/avr51\libgcc.a(_exit.o)
 *(.fini0)
                0x000031b8                _etext = .

.data           0x00800100       0xb2 load address 0x000031b8
                0x00800100                PROVIDE (__data_start, .)
 *(.data)
 .data          0x00800100        0x0 c:/winavr-20100110/bin/../lib/gcc/avr/4.3.3/../../../../avr/lib/avr51/crtm128.o
 .data          0x00800100       0x3b main.o
                0x00800100                mapping
 .data          0x0080013b        0x0 keypad.o
 .data          0x0080013b       0x72 cat4016.o
                0x00800171                special_up
                0x00800146                hex_numbers
                0x00800156                letters
                0x008001a7                special_updown
                0x0080018c                special_down
                0x0080013b                numbers
 .data          0x008001ad        0x0 lcd.o
 .data          0x008001ad        0x5 e:\avr\lib\libuart.a(uart.o)
 .data          0x008001b2        0x0 c:/winavr-20100110/bin/../lib/gcc/avr/4.3.3/avr51\libgcc.a(_exit.o)
 .data          0x008001b2        0x0 c:/winavr-20100110/bin/../lib/gcc/avr/4.3.3/avr51\libgcc.a(_clear_bss.o)
 .data          0x008001b2        0x0 c:/winavr-20100110/bin/../lib/gcc/avr/4.3.3/../../../../avr/lib/avr51\libc.a(itoa.o)
 .data          0x008001b2        0x0 c:/winavr-20100110/bin/../lib/gcc/avr/4.3.3/../../../../avr/lib/avr51\libc.a(ltoa.o)
 .data          0x008001b2        0x0 c:/winavr-20100110/bin/../lib/gcc/avr/4.3.3/../../../../avr/lib/avr51\libc.a(ultoa.o)
 .data          0x008001b2        0x0 c:/winavr-20100110/bin/../lib/gcc/avr/4.3.3/../../../../avr/lib/avr51\libc.a(utoa.o)
 .data          0x008001b2        0x0 c:/winavr-20100110/bin/../lib/gcc/avr/4.3.3/../../../../avr/lib/avr51\libc.a(strrev.o)
 .data          0x008001b2        0x0 c:/winavr-20100110/bin/../lib/gcc/avr/4.3.3/avr51\libgcc.a(_udivmodhi4.o)
 .data          0x008001b2        0x0 c:/winavr-20100110/bin/../lib/gcc/avr/4.3.3/avr51\libgcc.a(_udivmodsi4.o)
 *(.data*)
 *(.rodata)
 *(.rodata*)
 *(.gnu.linkonce.d*)
                0x008001b2                . = ALIGN (0x2)
                0x008001b2                _edata = .
                0x008001b2                PROVIDE (__data_end, .)

.bss            0x008001b2      0x158
                0x008001b2                PROVIDE (__bss_start, .)
 *(.bss)
 .bss           0x008001b2        0x0 c:/winavr-20100110/bin/../lib/gcc/avr/4.3.3/../../../../avr/lib/avr51/crtm128.o
 .bss           0x008001b2        0x0 main.o
 .bss           0x008001b2        0x0 keypad.o
 .bss           0x008001b2        0x0 cat4016.o
 .bss           0x008001b2        0x0 lcd.o
 .bss           0x008001b2        0x0 e:\avr\lib\libuart.a(uart.o)
 .bss           0x008001b2        0x0 c:/winavr-20100110/bin/../lib/gcc/avr/4.3.3/avr51\libgcc.a(_exit.o)
 .bss           0x008001b2        0x0 c:/winavr-20100110/bin/../lib/gcc/avr/4.3.3/avr51\libgcc.a(_clear_bss.o)
 .bss           0x008001b2        0x0 c:/winavr-20100110/bin/../lib/gcc/avr/4.3.3/../../../../avr/lib/avr51\libc.a(itoa.o)
 .bss           0x008001b2        0x0 c:/winavr-20100110/bin/../lib/gcc/avr/4.3.3/../../../../avr/lib/avr51\libc.a(ltoa.o)
 .bss           0x008001b2        0x0 c:/winavr-20100110/bin/../lib/gcc/avr/4.3.3/../../../../avr/lib/avr51\libc.a(ultoa.o)
 .bss           0x008001b2        0x0 c:/winavr-20100110/bin/../lib/gcc/avr/4.3.3/../../../../avr/lib/avr51\libc.a(utoa.o)
 .bss           0x008001b2        0x0 c:/winavr-20100110/bin/../lib/gcc/avr/4.3.3/../../../../avr/lib/avr51\libc.a(strrev.o)
 .bss           0x008001b2        0x0 c:/winavr-20100110/bin/../lib/gcc/avr/4.3.3/avr51\libgcc.a(_udivmodhi4.o)
 .bss           0x008001b2        0x0 c:/winavr-20100110/bin/../lib/gcc/avr/4.3.3/avr51\libgcc.a(_udivmodsi4.o)
 *(.bss*)
 *(COMMON)
 COMMON         0x008001b2       0x1e keypad.o
                0x008001b2                bkeypad_4x4_in
                0x008001b7                pkeypad_4x4_out
                0x008001c1                bkeypad_4x4_out
                0x008001c6                pkeypad_4x4_in
 COMMON         0x008001d0       0xf0 cat4016.o
                0x008001d0                cat4016_p_data
                0x008001f8                cat4016_p_latch
                0x00800220                cat4016_p_clk
                0x00800248                cat4016_p_blank
                0x00800270                cat4016_b_clk
                0x00800284                cat4016_b_blank
                0x00800298                cat4016_b_latch
                0x008002ac                cat4016_b_data
 COMMON         0x008002c0       0x28 lcd.o
                0x008002c0                lcd_ddr_db2
                0x008002c2                lcd_b_rs
                0x008002c3                lcd_p_db1
                0x008002c5                lcd_p_rs
                0x008002c7                lcd_p_rw
                0x008002c9                lcd_p_backlight
                0x008002cb                lcd_p_db2
                0x008002cd                lcd_pin_db0
                0x008002cf                lcd_ddr_db3
                0x008002d1                lcd_p_enable
                0x008002d3                lcd_p_db3
                0x008002d5                lcd_pin_db2
                0x008002d7                lcd_b_db0
                0x008002d8                lcd_p_db0
                0x008002da                lcd_b_backlight
                0x008002db                lcd_ddr_db0
                0x008002dd                lcd_ddr_db1
                0x008002df                lcd_pin_db3
                0x008002e1                lcd_b_db1
                0x008002e2                lcd_b_enable
                0x008002e3                lcd_b_rw
                0x008002e4                lcd_pin_db1
                0x008002e6                lcd_b_db2
                0x008002e7                lcd_b_db3
 COMMON         0x008002e8       0x22 e:\avr\lib\libuart.a(uart.o)
                0x008002e8                uart_buf
                0x00800308                uart_done
                0x00800309                uart_pos
                0x0080030a                PROVIDE (__bss_end, .)
                0x000031b8                __data_load_start = LOADADDR (.data)
                0x0000326a                __data_load_end = (__data_load_start + SIZEOF (.data))

.noinit         0x0080030a        0x0
                0x0080030a                PROVIDE (__noinit_start, .)
 *(.noinit*)
                0x0080030a                PROVIDE (__noinit_end, .)
                0x0080030a                _end = .
                0x0080030a                PROVIDE (__heap_start, .)

.eeprom         0x00810000        0x0
 *(.eeprom*)
                0x00810000                __eeprom_end = .

.fuse
 *(.fuse)
 *(.lfuse)
 *(.hfuse)
 *(.efuse)

.lock
 *(.lock*)

.signature
 *(.signature*)

.stab
 *(.stab)

.stabstr
 *(.stabstr)

.stab.excl
 *(.stab.excl)

.stab.exclstr
 *(.stab.exclstr)

.stab.index
 *(.stab.index)

.stab.indexstr
 *(.stab.indexstr)

.comment
 *(.comment)

.debug
 *(.debug)

.line
 *(.line)

.debug_srcinfo
 *(.debug_srcinfo)

.debug_sfnames
 *(.debug_sfnames)

.debug_aranges  0x00000000       0xa0
 *(.debug_aranges)
 .debug_aranges
                0x00000000       0x20 main.o
 .debug_aranges
                0x00000020       0x20 keypad.o
 .debug_aranges
                0x00000040       0x20 cat4016.o
 .debug_aranges
                0x00000060       0x20 lcd.o
 .debug_aranges
                0x00000080       0x20 e:\avr\lib\libuart.a(uart.o)

.debug_pubnames
                0x00000000      0x57f
 *(.debug_pubnames)
 .debug_pubnames
                0x00000000       0x9f main.o
 .debug_pubnames
                0x0000009f       0x9c keypad.o
 .debug_pubnames
                0x0000013b      0x16d cat4016.o
 .debug_pubnames
                0x000002a8      0x245 lcd.o
 .debug_pubnames
                0x000004ed       0x92 e:\avr\lib\libuart.a(uart.o)

.debug_info     0x00000000     0x10e5
 *(.debug_info)
 .debug_info    0x00000000      0x237 main.o
 .debug_info    0x00000237      0x2a4 keypad.o
 .debug_info    0x000004db      0x438 cat4016.o
 .debug_info    0x00000913      0x5b6 lcd.o
 .debug_info    0x00000ec9      0x21c e:\avr\lib\libuart.a(uart.o)
 *(.gnu.linkonce.wi.*)

.debug_abbrev   0x00000000      0x51a
 *(.debug_abbrev)
 .debug_abbrev  0x00000000       0xbe main.o
 .debug_abbrev  0x000000be       0xdf keypad.o
 .debug_abbrev  0x0000019d      0x119 cat4016.o
 .debug_abbrev  0x000002b6      0x16b lcd.o
 .debug_abbrev  0x00000421       0xf9 e:\avr\lib\libuart.a(uart.o)

.debug_line     0x00000000     0x15a5
 *(.debug_line)
 .debug_line    0x00000000      0x401 main.o
 .debug_line    0x00000401      0x32d keypad.o
 .debug_line    0x0000072e      0x48e cat4016.o
 .debug_line    0x00000bbc      0x706 lcd.o
 .debug_line    0x000012c2      0x2e3 e:\avr\lib\libuart.a(uart.o)

.debug_frame    0x00000000      0x2e0
 *(.debug_frame)
 .debug_frame   0x00000000       0x90 main.o
 .debug_frame   0x00000090       0x40 keypad.o
 .debug_frame   0x000000d0       0x60 cat4016.o
 .debug_frame   0x00000130      0x140 lcd.o
 .debug_frame   0x00000270       0x70 e:\avr\lib\libuart.a(uart.o)

.debug_str      0x00000000      0x5b9
 *(.debug_str)
 .debug_str     0x00000000       0xe4 main.o
                                0x128 (size before relaxing)
 .debug_str     0x000000e4       0xad keypad.o
                                0x14b (size before relaxing)
 .debug_str     0x00000191      0x150 cat4016.o
                                0x1fe (size before relaxing)
 .debug_str     0x000002e1      0x234 lcd.o
                                0x2d9 (size before relaxing)
 .debug_str     0x00000515       0xa4 e:\avr\lib\libuart.a(uart.o)
                                0x136 (size before relaxing)

.debug_loc
 *(.debug_loc)

.debug_macinfo
 *(.debug_macinfo)
OUTPUT(counter.out elf32-avr)
LOAD linker stubs
