Archive member included because of file (symbol)

c:/winavr-20100110/bin/../lib/gcc/avr/4.3.3/avr51\libgcc.a(_exit.o)
                              c:/winavr-20100110/bin/../lib/gcc/avr/4.3.3/../../../../avr/lib/avr51/crtm128.o (exit)
c:/winavr-20100110/bin/../lib/gcc/avr/4.3.3/avr51\libgcc.a(_clear_bss.o)
                              keypad.o (__do_clear_bss)

Allocating common symbols
Common symbol       size              file

cat4016_p_data      0x28              cat4016.o
bkeypad_4x4_in      0x5               keypad.o
cat4016_p_latch     0x28              cat4016.o
pkeypad_4x4_out     0xa               keypad.o
bkeypad_4x4_out     0x5               keypad.o
cat4016_p_clk       0x28              cat4016.o
cat4016_p_blank     0x28              cat4016.o
pkeypad_4x4_in      0xa               keypad.o
cat4016_b_clk       0x14              cat4016.o
cat4016_b_blank     0x14              cat4016.o
cat4016_b_latch     0x14              cat4016.o
cat4016_b_data      0x14              cat4016.o

Memory Configuration

Name             Origin             Length             Attributes
text             0x00000000         0x00020000         xr
data             0x00800060         0x0000ffa0         rw !x
eeprom           0x00810000         0x00010000         rw !x
fuse             0x00820000         0x00000400         rw !x
lock             0x00830000         0x00000400         rw !x
signature        0x00840000         0x00000400         rw !x
*default*        0x00000000         0xffffffff

Linker script and memory map

Address of section .data set to 0x800100
LOAD c:/winavr-20100110/bin/../lib/gcc/avr/4.3.3/../../../../avr/lib/avr51/crtm128.o
LOAD main.o
LOAD keypad.o
LOAD cat4016.o
LOAD e:\avr\lib\libdelay.a
LOAD e:\avr\lib\libuart.a
LOAD c:/winavr-20100110/bin/../lib/gcc/avr/4.3.3/avr51\libgcc.a
LOAD c:/winavr-20100110/bin/../lib/gcc/avr/4.3.3/../../../../avr/lib/avr51\libc.a
LOAD c:/winavr-20100110/bin/../lib/gcc/avr/4.3.3/avr51\libgcc.a

.hash
 *(.hash)

.dynsym
 *(.dynsym)

.dynstr
 *(.dynstr)

.gnu.version
 *(.gnu.version)

.gnu.version_d
 *(.gnu.version_d)

.gnu.version_r
 *(.gnu.version_r)

.rel.init
 *(.rel.init)

.rela.init
 *(.rela.init)

.rel.text
 *(.rel.text)
 *(.rel.text.*)
 *(.rel.gnu.linkonce.t*)

.rela.text
 *(.rela.text)
 *(.rela.text.*)
 *(.rela.gnu.linkonce.t*)

.rel.fini
 *(.rel.fini)

.rela.fini
 *(.rela.fini)

.rel.rodata
 *(.rel.rodata)
 *(.rel.rodata.*)
 *(.rel.gnu.linkonce.r*)

.rela.rodata
 *(.rela.rodata)
 *(.rela.rodata.*)
 *(.rela.gnu.linkonce.r*)

.rel.data
 *(.rel.data)
 *(.rel.data.*)
 *(.rel.gnu.linkonce.d*)

.rela.data
 *(.rela.data)
 *(.rela.data.*)
 *(.rela.gnu.linkonce.d*)

.rel.ctors
 *(.rel.ctors)

.rela.ctors
 *(.rela.ctors)

.rel.dtors
 *(.rel.dtors)

.rela.dtors
 *(.rela.dtors)

.rel.got
 *(.rel.got)

.rela.got
 *(.rela.got)

.rel.bss
 *(.rel.bss)

.rela.bss
 *(.rela.bss)

.rel.plt
 *(.rel.plt)

.rela.plt
 *(.rela.plt)

.text           0x00000000     0x150c
 *(.vectors)
 .vectors       0x00000000       0x8c c:/winavr-20100110/bin/../lib/gcc/avr/4.3.3/../../../../avr/lib/avr51/crtm128.o
                0x00000000                __vectors
                0x00000000                __vector_default
 *(.vectors)
 *(.progmem.gcc*)
 *(.progmem*)
                0x0000008c                . = ALIGN (0x2)
                0x0000008c                __trampolines_start = .
 *(.trampolines)
 .trampolines   0x0000008c        0x0 linker stubs
 *(.trampolines*)
                0x0000008c                __trampolines_end = .
 *(.jumptables)
 *(.jumptables*)
 *(.lowtext)
 *(.lowtext*)
                0x0000008c                __ctors_start = .
 *(.ctors)
                0x0000008c                __ctors_end = .
                0x0000008c                __dtors_start = .
 *(.dtors)
                0x0000008c                __dtors_end = .
 SORT(*)(.ctors)
 SORT(*)(.dtors)
 *(.init0)
 .init0         0x0000008c        0x0 c:/winavr-20100110/bin/../lib/gcc/avr/4.3.3/../../../../avr/lib/avr51/crtm128.o
                0x0000008c                __init
 *(.init0)
 *(.init1)
 *(.init1)
 *(.init2)
 .init2         0x0000008c        0xc c:/winavr-20100110/bin/../lib/gcc/avr/4.3.3/../../../../avr/lib/avr51/crtm128.o
 *(.init2)
 *(.init3)
 *(.init3)
 *(.init4)
 .init4         0x00000098       0x1a c:/winavr-20100110/bin/../lib/gcc/avr/4.3.3/../../../../avr/lib/avr51/crtm128.o
                0x00000098                __do_copy_data
 .init4         0x000000b2       0x10 c:/winavr-20100110/bin/../lib/gcc/avr/4.3.3/avr51\libgcc.a(_clear_bss.o)
                0x000000b2                __do_clear_bss
 *(.init4)
 *(.init5)
 *(.init5)
 *(.init6)
 *(.init6)
 *(.init7)
 *(.init7)
 *(.init8)
 *(.init8)
 *(.init9)
 .init9         0x000000c2        0x8 c:/winavr-20100110/bin/../lib/gcc/avr/4.3.3/../../../../avr/lib/avr51/crtm128.o
 *(.init9)
 *(.text)
 .text          0x000000ca        0x4 c:/winavr-20100110/bin/../lib/gcc/avr/4.3.3/../../../../avr/lib/avr51/crtm128.o
                0x000000ca                __vector_22
                0x000000ca                __vector_28
                0x000000ca                __vector_1
                0x000000ca                __vector_32
                0x000000ca                __vector_34
                0x000000ca                __vector_24
                0x000000ca                __vector_12
                0x000000ca                __bad_interrupt
                0x000000ca                __vector_6
                0x000000ca                __vector_31
                0x000000ca                __vector_3
                0x000000ca                __vector_23
                0x000000ca                __vector_30
                0x000000ca                __vector_25
                0x000000ca                __vector_11
                0x000000ca                __vector_13
                0x000000ca                __vector_17
                0x000000ca                __vector_19
                0x000000ca                __vector_7
                0x000000ca                __vector_27
                0x000000ca                __vector_5
                0x000000ca                __vector_33
                0x000000ca                __vector_4
                0x000000ca                __vector_9
                0x000000ca                __vector_2
                0x000000ca                __vector_21
                0x000000ca                __vector_15
                0x000000ca                __vector_29
                0x000000ca                __vector_8
                0x000000ca                __vector_26
                0x000000ca                __vector_14
                0x000000ca                __vector_10
                0x000000ca                __vector_16
                0x000000ca                __vector_18
                0x000000ca                __vector_20
 .text          0x000000ce       0x94 main.o
                0x000000ce                main
 .text          0x00000162      0x866 keypad.o
                0x000008e4                getc_4x4_keypad
                0x00000162                getc_3x4_keypad
                0x00000182                init_4x4_keypad
 .text          0x000009c8      0xb40 cat4016.o
                0x000012d2                cat4016_put_txt
                0x00000dd2                cat4016_put4
                0x000009c8                init_cat4016
                0x000010f0                cat4016_put_snumber
                0x00000f68                cat4016_put_unumber
 .text          0x00001508        0x0 c:/winavr-20100110/bin/../lib/gcc/avr/4.3.3/avr51\libgcc.a(_exit.o)
 .text          0x00001508        0x0 c:/winavr-20100110/bin/../lib/gcc/avr/4.3.3/avr51\libgcc.a(_clear_bss.o)
                0x00001508                . = ALIGN (0x2)
 *(.text.*)
 .text.libgcc   0x00001508        0x0 c:/winavr-20100110/bin/../lib/gcc/avr/4.3.3/avr51\libgcc.a(_exit.o)
 .text.libgcc   0x00001508        0x0 c:/winavr-20100110/bin/../lib/gcc/avr/4.3.3/avr51\libgcc.a(_clear_bss.o)
                0x00001508                . = ALIGN (0x2)
 *(.fini9)
 .fini9         0x00001508        0x0 c:/winavr-20100110/bin/../lib/gcc/avr/4.3.3/avr51\libgcc.a(_exit.o)
                0x00001508                exit
                0x00001508                _exit
 *(.fini9)
 *(.fini8)
 *(.fini8)
 *(.fini7)
 *(.fini7)
 *(.fini6)
 *(.fini6)
 *(.fini5)
 *(.fini5)
 *(.fini4)
 *(.fini4)
 *(.fini3)
 *(.fini3)
 *(.fini2)
 *(.fini2)
 *(.fini1)
 *(.fini1)
 *(.fini0)
 .fini0         0x00001508        0x4 c:/winavr-20100110/bin/../lib/gcc/avr/4.3.3/avr51\libgcc.a(_exit.o)
 *(.fini0)
                0x0000150c                _etext = .

.data           0x00800100       0x82 load address 0x0000150c
                0x00800100                PROVIDE (__data_start, .)
 *(.data)
 .data          0x00800100        0x0 c:/winavr-20100110/bin/../lib/gcc/avr/4.3.3/../../../../avr/lib/avr51/crtm128.o
 .data          0x00800100       0x10 main.o
                0x00800100                mapping
 .data          0x00800110        0x0 keypad.o
 .data          0x00800110       0x72 cat4016.o
                0x00800146                special_up
                0x0080011b                hex_numbers
                0x0080012b                letters
                0x0080017c                special_updown
                0x00800161                special_down
                0x00800110                numbers
 .data          0x00800182        0x0 c:/winavr-20100110/bin/../lib/gcc/avr/4.3.3/avr51\libgcc.a(_exit.o)
 .data          0x00800182        0x0 c:/winavr-20100110/bin/../lib/gcc/avr/4.3.3/avr51\libgcc.a(_clear_bss.o)
 *(.data*)
 *(.rodata)
 *(.rodata*)
 *(.gnu.linkonce.d*)
                0x00800182                . = ALIGN (0x2)
                0x00800182                _edata = .
                0x00800182                PROVIDE (__data_end, .)

.bss            0x00800182      0x10e
                0x00800182                PROVIDE (__bss_start, .)
 *(.bss)
 .bss           0x00800182        0x0 c:/winavr-20100110/bin/../lib/gcc/avr/4.3.3/../../../../avr/lib/avr51/crtm128.o
 .bss           0x00800182        0x0 main.o
 .bss           0x00800182        0x0 keypad.o
 .bss           0x00800182        0x0 cat4016.o
 .bss           0x00800182        0x0 c:/winavr-20100110/bin/../lib/gcc/avr/4.3.3/avr51\libgcc.a(_exit.o)
 .bss           0x00800182        0x0 c:/winavr-20100110/bin/../lib/gcc/avr/4.3.3/avr51\libgcc.a(_clear_bss.o)
 *(.bss*)
 *(COMMON)
 COMMON         0x00800182       0x1e keypad.o
                0x00800182                bkeypad_4x4_in
                0x00800187                pkeypad_4x4_out
                0x00800191                bkeypad_4x4_out
                0x00800196                pkeypad_4x4_in
 COMMON         0x008001a0       0xf0 cat4016.o
                0x008001a0                cat4016_p_data
                0x008001c8                cat4016_p_latch
                0x008001f0                cat4016_p_clk
                0x00800218                cat4016_p_blank
                0x00800240                cat4016_b_clk
                0x00800254                cat4016_b_blank
                0x00800268                cat4016_b_latch
                0x0080027c                cat4016_b_data
                0x00800290                PROVIDE (__bss_end, .)
                0x0000150c                __data_load_start = LOADADDR (.data)
                0x0000158e                __data_load_end = (__data_load_start + SIZEOF (.data))

.noinit         0x00800290        0x0
                0x00800290                PROVIDE (__noinit_start, .)
 *(.noinit*)
                0x00800290                PROVIDE (__noinit_end, .)
                0x00800290                _end = .
                0x00800290                PROVIDE (__heap_start, .)

.eeprom         0x00810000        0x0
 *(.eeprom*)
                0x00810000                __eeprom_end = .

.fuse
 *(.fuse)
 *(.lfuse)
 *(.hfuse)
 *(.efuse)

.lock
 *(.lock*)

.signature
 *(.signature*)

.stab
 *(.stab)

.stabstr
 *(.stabstr)

.stab.excl
 *(.stab.excl)

.stab.exclstr
 *(.stab.exclstr)

.stab.index
 *(.stab.index)

.stab.indexstr
 *(.stab.indexstr)

.comment
 *(.comment)

.debug
 *(.debug)

.line
 *(.line)

.debug_srcinfo
 *(.debug_srcinfo)

.debug_sfnames
 *(.debug_sfnames)

.debug_aranges  0x00000000       0x60
 *(.debug_aranges)
 .debug_aranges
                0x00000000       0x20 main.o
 .debug_aranges
                0x00000020       0x20 keypad.o
 .debug_aranges
                0x00000040       0x20 cat4016.o

.debug_pubnames
                0x00000000      0x230
 *(.debug_pubnames)
 .debug_pubnames
                0x00000000       0x27 main.o
 .debug_pubnames
                0x00000027       0x9c keypad.o
 .debug_pubnames
                0x000000c3      0x16d cat4016.o

.debug_info     0x00000000      0x7bc
 *(.debug_info)
 .debug_info    0x00000000       0xc5 main.o
 .debug_info    0x000000c5      0x2e1 keypad.o
 .debug_info    0x000003a6      0x416 cat4016.o
 *(.gnu.linkonce.wi.*)

.debug_abbrev   0x00000000      0x274
 *(.debug_abbrev)
 .debug_abbrev  0x00000000       0x8b main.o
 .debug_abbrev  0x0000008b       0xdf keypad.o
 .debug_abbrev  0x0000016a      0x10a cat4016.o

.debug_line     0x00000000      0x83c
 *(.debug_line)
 .debug_line    0x00000000       0xd1 main.o
 .debug_line    0x000000d1      0x32d keypad.o
 .debug_line    0x000003fe      0x43e cat4016.o

.debug_frame    0x00000000       0xc0
 *(.debug_frame)
 .debug_frame   0x00000000       0x20 main.o
 .debug_frame   0x00000020       0x40 keypad.o
 .debug_frame   0x00000060       0x60 cat4016.o

.debug_str      0x00000000      0x265
 *(.debug_str)
 .debug_str     0x00000000       0x6a main.o
                                 0x9e (size before relaxing)
 .debug_str     0x0000006a       0xad keypad.o
                                0x150 (size before relaxing)
 .debug_str     0x00000117      0x14e cat4016.o
                                0x1f6 (size before relaxing)

.debug_loc
 *(.debug_loc)

.debug_macinfo
 *(.debug_macinfo)
OUTPUT(hv_et_lab_driver.out elf32-avr)
LOAD linker stubs
