Archive member included because of file (symbol)

e:\avr\lib\libhc595.a(74hc595.o)
                              main.o (init_74hc595)
e:\avr\lib\libdelay.a(delay.o)
                              e:\avr\lib\libhc595.a(74hc595.o) (udelay)
c:/winavr-20100110/bin/../lib/gcc/avr/4.3.3/avr5\libgcc.a(_mulsi3.o)
                              e:\avr\lib\libdelay.a(delay.o) (__mulsi3)
c:/winavr-20100110/bin/../lib/gcc/avr/4.3.3/avr5\libgcc.a(_divmodsi4.o)
                              e:\avr\lib\libdelay.a(delay.o) (__divmodsi4)
c:/winavr-20100110/bin/../lib/gcc/avr/4.3.3/avr5\libgcc.a(_exit.o)
                              c:/winavr-20100110/bin/../lib/gcc/avr/4.3.3/../../../../avr/lib/avr5/crtm32.o (exit)
c:/winavr-20100110/bin/../lib/gcc/avr/4.3.3/avr5\libgcc.a(_copy_data.o)
                              main.o (__do_copy_data)
c:/winavr-20100110/bin/../lib/gcc/avr/4.3.3/avr5\libgcc.a(_clear_bss.o)
                              e:\avr\lib\libhc595.a(74hc595.o) (__do_clear_bss)
c:/winavr-20100110/bin/../lib/gcc/avr/4.3.3/avr5\libgcc.a(_udivmodsi4.o)
                              c:/winavr-20100110/bin/../lib/gcc/avr/4.3.3/avr5\libgcc.a(_divmodsi4.o) (__udivmodsi4)

Allocating common symbols
Common symbol       size              file

hc595_p_clk         0x28              e:\avr\lib\libhc595.a(74hc595.o)
hc595_p_cs          0x28              e:\avr\lib\libhc595.a(74hc595.o)
hc595_b_cs          0x14              e:\avr\lib\libhc595.a(74hc595.o)
hc595_c_data        0x14              e:\avr\lib\libhc595.a(74hc595.o)
hc595_p_data        0x28              e:\avr\lib\libhc595.a(74hc595.o)
hc595_b_clk         0x14              e:\avr\lib\libhc595.a(74hc595.o)
hc595_b_data        0x14              e:\avr\lib\libhc595.a(74hc595.o)
hc595_copy_data     0x14              e:\avr\lib\libhc595.a(74hc595.o)

Memory Configuration

Name             Origin             Length             Attributes
text             0x00000000         0x00020000         xr
data             0x00800060         0x0000ffa0         rw !x
eeprom           0x00810000         0x00010000         rw !x
fuse             0x00820000         0x00000400         rw !x
lock             0x00830000         0x00000400         rw !x
signature        0x00840000         0x00000400         rw !x
*default*        0x00000000         0xffffffff

Linker script and memory map

LOAD c:/winavr-20100110/bin/../lib/gcc/avr/4.3.3/../../../../avr/lib/avr5/crtm32.o
LOAD main.o
LOAD keypad.o
LOAD e:\avr\lib\libhc595.a
LOAD e:\avr\lib\libdelay.a
LOAD e:\avr\lib\libuart.a
LOAD c:/winavr-20100110/bin/../lib/gcc/avr/4.3.3/avr5\libgcc.a
LOAD c:/winavr-20100110/bin/../lib/gcc/avr/4.3.3/../../../../avr/lib/avr5\libc.a
LOAD c:/winavr-20100110/bin/../lib/gcc/avr/4.3.3/avr5\libgcc.a

.hash
 *(.hash)

.dynsym
 *(.dynsym)

.dynstr
 *(.dynstr)

.gnu.version
 *(.gnu.version)

.gnu.version_d
 *(.gnu.version_d)

.gnu.version_r
 *(.gnu.version_r)

.rel.init
 *(.rel.init)

.rela.init
 *(.rela.init)

.rel.text
 *(.rel.text)
 *(.rel.text.*)
 *(.rel.gnu.linkonce.t*)

.rela.text
 *(.rela.text)
 *(.rela.text.*)
 *(.rela.gnu.linkonce.t*)

.rel.fini
 *(.rel.fini)

.rela.fini
 *(.rela.fini)

.rel.rodata
 *(.rel.rodata)
 *(.rel.rodata.*)
 *(.rel.gnu.linkonce.r*)

.rela.rodata
 *(.rela.rodata)
 *(.rela.rodata.*)
 *(.rela.gnu.linkonce.r*)

.rel.data
 *(.rel.data)
 *(.rel.data.*)
 *(.rel.gnu.linkonce.d*)

.rela.data
 *(.rela.data)
 *(.rela.data.*)
 *(.rela.gnu.linkonce.d*)

.rel.ctors
 *(.rel.ctors)

.rela.ctors
 *(.rela.ctors)

.rel.dtors
 *(.rel.dtors)

.rela.dtors
 *(.rela.dtors)

.rel.got
 *(.rel.got)

.rela.got
 *(.rela.got)

.rel.bss
 *(.rel.bss)

.rela.bss
 *(.rela.bss)

.rel.plt
 *(.rel.plt)

.rela.plt
 *(.rela.plt)

.text           0x00000000      0xa2a
 *(.vectors)
 .vectors       0x00000000       0x54 c:/winavr-20100110/bin/../lib/gcc/avr/4.3.3/../../../../avr/lib/avr5/crtm32.o
                0x00000000                __vectors
                0x00000000                __vector_default
 *(.vectors)
 *(.progmem.gcc*)
 *(.progmem*)
                0x00000054                . = ALIGN (0x2)
                0x00000054                __trampolines_start = .
 *(.trampolines)
 .trampolines   0x00000054        0x0 linker stubs
 *(.trampolines*)
                0x00000054                __trampolines_end = .
 *(.jumptables)
 *(.jumptables*)
 *(.lowtext)
 *(.lowtext*)
                0x00000054                __ctors_start = .
 *(.ctors)
                0x00000054                __ctors_end = .
                0x00000054                __dtors_start = .
 *(.dtors)
                0x00000054                __dtors_end = .
 SORT(*)(.ctors)
 SORT(*)(.dtors)
 *(.init0)
 .init0         0x00000054        0x0 c:/winavr-20100110/bin/../lib/gcc/avr/4.3.3/../../../../avr/lib/avr5/crtm32.o
                0x00000054                __init
 *(.init0)
 *(.init1)
 *(.init1)
 *(.init2)
 .init2         0x00000054        0xc c:/winavr-20100110/bin/../lib/gcc/avr/4.3.3/../../../../avr/lib/avr5/crtm32.o
 *(.init2)
 *(.init3)
 *(.init3)
 *(.init4)
 .init4         0x00000060       0x16 c:/winavr-20100110/bin/../lib/gcc/avr/4.3.3/avr5\libgcc.a(_copy_data.o)
                0x00000060                __do_copy_data
 .init4         0x00000076       0x10 c:/winavr-20100110/bin/../lib/gcc/avr/4.3.3/avr5\libgcc.a(_clear_bss.o)
                0x00000076                __do_clear_bss
 *(.init4)
 *(.init5)
 *(.init5)
 *(.init6)
 *(.init6)
 *(.init7)
 *(.init7)
 *(.init8)
 *(.init8)
 *(.init9)
 .init9         0x00000086        0x8 c:/winavr-20100110/bin/../lib/gcc/avr/4.3.3/../../../../avr/lib/avr5/crtm32.o
 *(.init9)
 *(.text)
 .text          0x0000008e        0x4 c:/winavr-20100110/bin/../lib/gcc/avr/4.3.3/../../../../avr/lib/avr5/crtm32.o
                0x0000008e                __vector_1
                0x0000008e                __vector_12
                0x0000008e                __bad_interrupt
                0x0000008e                __vector_6
                0x0000008e                __vector_3
                0x0000008e                __vector_11
                0x0000008e                __vector_13
                0x0000008e                __vector_17
                0x0000008e                __vector_19
                0x0000008e                __vector_7
                0x0000008e                __vector_5
                0x0000008e                __vector_4
                0x0000008e                __vector_9
                0x0000008e                __vector_2
                0x0000008e                __vector_15
                0x0000008e                __vector_8
                0x0000008e                __vector_14
                0x0000008e                __vector_10
                0x0000008e                __vector_16
                0x0000008e                __vector_18
                0x0000008e                __vector_20
 .text          0x00000092       0xa2 main.o
                0x00000092                main
 .text          0x00000134       0x20 keypad.o
                0x00000134                getc_3x4_keypad
 .text          0x00000154      0x714 e:\avr\lib\libhc595.a(74hc595.o)
                0x00000610                s595_write
                0x00000154                init_74hc595
                0x000005e8                s595_set_val
                0x00000442                s595_putc
 .text          0x00000868      0x106 e:\avr\lib\libdelay.a(delay.o)
                0x0000092a                sleep
                0x00000868                udelay
                0x000008e6                delay
 .text          0x0000096e        0x0 c:/winavr-20100110/bin/../lib/gcc/avr/4.3.3/avr5\libgcc.a(_mulsi3.o)
 .text          0x0000096e        0x0 c:/winavr-20100110/bin/../lib/gcc/avr/4.3.3/avr5\libgcc.a(_divmodsi4.o)
 .text          0x0000096e        0x0 c:/winavr-20100110/bin/../lib/gcc/avr/4.3.3/avr5\libgcc.a(_exit.o)
 .text          0x0000096e        0x0 c:/winavr-20100110/bin/../lib/gcc/avr/4.3.3/avr5\libgcc.a(_copy_data.o)
 .text          0x0000096e        0x0 c:/winavr-20100110/bin/../lib/gcc/avr/4.3.3/avr5\libgcc.a(_clear_bss.o)
 .text          0x0000096e        0x0 c:/winavr-20100110/bin/../lib/gcc/avr/4.3.3/avr5\libgcc.a(_udivmodsi4.o)
                0x0000096e                . = ALIGN (0x2)
 *(.text.*)
 .text.libgcc   0x0000096e       0x3e c:/winavr-20100110/bin/../lib/gcc/avr/4.3.3/avr5\libgcc.a(_mulsi3.o)
                0x0000096e                __mulsi3
 .text.libgcc   0x000009ac       0x36 c:/winavr-20100110/bin/../lib/gcc/avr/4.3.3/avr5\libgcc.a(_divmodsi4.o)
                0x000009ac                __divmodsi4
 .text.libgcc   0x000009e2        0x0 c:/winavr-20100110/bin/../lib/gcc/avr/4.3.3/avr5\libgcc.a(_exit.o)
 .text.libgcc   0x000009e2        0x0 c:/winavr-20100110/bin/../lib/gcc/avr/4.3.3/avr5\libgcc.a(_copy_data.o)
 .text.libgcc   0x000009e2        0x0 c:/winavr-20100110/bin/../lib/gcc/avr/4.3.3/avr5\libgcc.a(_clear_bss.o)
 .text.libgcc   0x000009e2       0x44 c:/winavr-20100110/bin/../lib/gcc/avr/4.3.3/avr5\libgcc.a(_udivmodsi4.o)
                0x000009e2                __udivmodsi4
                0x00000a26                . = ALIGN (0x2)
 *(.fini9)
 .fini9         0x00000a26        0x0 c:/winavr-20100110/bin/../lib/gcc/avr/4.3.3/avr5\libgcc.a(_exit.o)
                0x00000a26                exit
                0x00000a26                _exit
 *(.fini9)
 *(.fini8)
 *(.fini8)
 *(.fini7)
 *(.fini7)
 *(.fini6)
 *(.fini6)
 *(.fini5)
 *(.fini5)
 *(.fini4)
 *(.fini4)
 *(.fini3)
 *(.fini3)
 *(.fini2)
 *(.fini2)
 *(.fini1)
 *(.fini1)
 *(.fini0)
 .fini0         0x00000a26        0x4 c:/winavr-20100110/bin/../lib/gcc/avr/4.3.3/avr5\libgcc.a(_exit.o)
 *(.fini0)
                0x00000a2a                _etext = .

.data           0x00800060       0x72 load address 0x00000a2a
                0x00800060                PROVIDE (__data_start, .)
 *(.data)
 .data          0x00800060        0x0 c:/winavr-20100110/bin/../lib/gcc/avr/4.3.3/../../../../avr/lib/avr5/crtm32.o
 .data          0x00800060       0x72 main.o
                0x00800096                special_up
                0x0080006b                hex_numbers
                0x0080007b                letters
                0x008000cc                special_updown
                0x008000b1                special_down
                0x00800060                numbers
 .data          0x008000d2        0x0 keypad.o
 .data          0x008000d2        0x0 e:\avr\lib\libhc595.a(74hc595.o)
 .data          0x008000d2        0x0 e:\avr\lib\libdelay.a(delay.o)
 .data          0x008000d2        0x0 c:/winavr-20100110/bin/../lib/gcc/avr/4.3.3/avr5\libgcc.a(_mulsi3.o)
 .data          0x008000d2        0x0 c:/winavr-20100110/bin/../lib/gcc/avr/4.3.3/avr5\libgcc.a(_divmodsi4.o)
 .data          0x008000d2        0x0 c:/winavr-20100110/bin/../lib/gcc/avr/4.3.3/avr5\libgcc.a(_exit.o)
 .data          0x008000d2        0x0 c:/winavr-20100110/bin/../lib/gcc/avr/4.3.3/avr5\libgcc.a(_copy_data.o)
 .data          0x008000d2        0x0 c:/winavr-20100110/bin/../lib/gcc/avr/4.3.3/avr5\libgcc.a(_clear_bss.o)
 .data          0x008000d2        0x0 c:/winavr-20100110/bin/../lib/gcc/avr/4.3.3/avr5\libgcc.a(_udivmodsi4.o)
 *(.data*)
 *(.rodata)
 *(.rodata*)
 *(.gnu.linkonce.d*)
                0x008000d2                . = ALIGN (0x2)
                0x008000d2                _edata = .
                0x008000d2                PROVIDE (__data_end, .)

.bss            0x008000d2       0xdc
                0x008000d2                PROVIDE (__bss_start, .)
 *(.bss)
 .bss           0x008000d2        0x0 c:/winavr-20100110/bin/../lib/gcc/avr/4.3.3/../../../../avr/lib/avr5/crtm32.o
 .bss           0x008000d2        0x0 main.o
 .bss           0x008000d2        0x0 keypad.o
 .bss           0x008000d2        0x0 e:\avr\lib\libhc595.a(74hc595.o)
 .bss           0x008000d2        0x0 e:\avr\lib\libdelay.a(delay.o)
 .bss           0x008000d2        0x0 c:/winavr-20100110/bin/../lib/gcc/avr/4.3.3/avr5\libgcc.a(_mulsi3.o)
 .bss           0x008000d2        0x0 c:/winavr-20100110/bin/../lib/gcc/avr/4.3.3/avr5\libgcc.a(_divmodsi4.o)
 .bss           0x008000d2        0x0 c:/winavr-20100110/bin/../lib/gcc/avr/4.3.3/avr5\libgcc.a(_exit.o)
 .bss           0x008000d2        0x0 c:/winavr-20100110/bin/../lib/gcc/avr/4.3.3/avr5\libgcc.a(_copy_data.o)
 .bss           0x008000d2        0x0 c:/winavr-20100110/bin/../lib/gcc/avr/4.3.3/avr5\libgcc.a(_clear_bss.o)
 .bss           0x008000d2        0x0 c:/winavr-20100110/bin/../lib/gcc/avr/4.3.3/avr5\libgcc.a(_udivmodsi4.o)
 *(.bss*)
 *(COMMON)
 COMMON         0x008000d2       0xdc e:\avr\lib\libhc595.a(74hc595.o)
                0x008000d2                hc595_p_clk
                0x008000fa                hc595_p_cs
                0x00800122                hc595_b_cs
                0x00800136                hc595_c_data
                0x0080014a                hc595_p_data
                0x00800172                hc595_b_clk
                0x00800186                hc595_b_data
                0x0080019a                hc595_copy_data
                0x008001ae                PROVIDE (__bss_end, .)
                0x00000a2a                __data_load_start = LOADADDR (.data)
                0x00000a9c                __data_load_end = (__data_load_start + SIZEOF (.data))

.noinit         0x008001ae        0x0
                0x008001ae                PROVIDE (__noinit_start, .)
 *(.noinit*)
                0x008001ae                PROVIDE (__noinit_end, .)
                0x008001ae                _end = .
                0x008001ae                PROVIDE (__heap_start, .)

.eeprom         0x00810000        0x0
 *(.eeprom*)
                0x00810000                __eeprom_end = .

.fuse
 *(.fuse)
 *(.lfuse)
 *(.hfuse)
 *(.efuse)

.lock
 *(.lock*)

.signature
 *(.signature*)

.stab
 *(.stab)

.stabstr
 *(.stabstr)

.stab.excl
 *(.stab.excl)

.stab.exclstr
 *(.stab.exclstr)

.stab.index
 *(.stab.index)

.stab.indexstr
 *(.stab.indexstr)

.comment
 *(.comment)

.debug
 *(.debug)

.line
 *(.line)

.debug_srcinfo
 *(.debug_srcinfo)

.debug_sfnames
 *(.debug_sfnames)

.debug_aranges  0x00000000       0x80
 *(.debug_aranges)
 .debug_aranges
                0x00000000       0x20 main.o
 .debug_aranges
                0x00000020       0x20 keypad.o
 .debug_aranges
                0x00000040       0x20 e:\avr\lib\libhc595.a(74hc595.o)
 .debug_aranges
                0x00000060       0x20 e:\avr\lib\libdelay.a(delay.o)

.debug_pubnames
                0x00000000      0x1a3
 *(.debug_pubnames)
 .debug_pubnames
                0x00000000       0x76 main.o
 .debug_pubnames
                0x00000076       0x26 keypad.o
 .debug_pubnames
                0x0000009c       0xd6 e:\avr\lib\libhc595.a(74hc595.o)
 .debug_pubnames
                0x00000172       0x31 e:\avr\lib\libdelay.a(delay.o)

.debug_info     0x00000000      0x604
 *(.debug_info)
 .debug_info    0x00000000      0x150 main.o
 .debug_info    0x00000150       0x8e keypad.o
 .debug_info    0x000001de      0x31d e:\avr\lib\libhc595.a(74hc595.o)
 .debug_info    0x000004fb      0x109 e:\avr\lib\libdelay.a(delay.o)
 *(.gnu.linkonce.wi.*)

.debug_abbrev   0x00000000      0x239
 *(.debug_abbrev)
 .debug_abbrev  0x00000000       0x7e main.o
 .debug_abbrev  0x0000007e       0x5d keypad.o
 .debug_abbrev  0x000000db       0xc6 e:\avr\lib\libhc595.a(74hc595.o)
 .debug_abbrev  0x000001a1       0x98 e:\avr\lib\libdelay.a(delay.o)

.debug_line     0x00000000      0x5ae
 *(.debug_line)
 .debug_line    0x00000000       0xa8 main.o
 .debug_line    0x000000a8       0xab keypad.o
 .debug_line    0x00000153      0x380 e:\avr\lib\libhc595.a(74hc595.o)
 .debug_line    0x000004d3       0xdb e:\avr\lib\libdelay.a(delay.o)

.debug_frame    0x00000000       0xe0
 *(.debug_frame)
 .debug_frame   0x00000000       0x20 main.o
 .debug_frame   0x00000020       0x20 keypad.o
 .debug_frame   0x00000040       0x50 e:\avr\lib\libhc595.a(74hc595.o)
 .debug_frame   0x00000090       0x50 e:\avr\lib\libdelay.a(delay.o)

.debug_str      0x00000000      0x1b1
 *(.debug_str)
 .debug_str     0x00000000       0x95 main.o
                                 0xd1 (size before relaxing)
 .debug_str     0x00000095       0x21 keypad.o
                                 0xa3 (size before relaxing)
 .debug_str     0x000000b6       0xcd e:\avr\lib\libhc595.a(74hc595.o)
                                0x14d (size before relaxing)
 .debug_str     0x00000183       0x2e e:\avr\lib\libdelay.a(delay.o)
                                 0xb2 (size before relaxing)

.debug_loc
 *(.debug_loc)

.debug_macinfo
 *(.debug_macinfo)
OUTPUT(hv_et_lab_driver.out elf32-avr)
LOAD linker stubs
