Archive member included because of file (symbol)

e:\avr\lib\libuart.a(uart.o)  main.o (uart_init)
c:/winavr-20100110/bin/../lib/gcc/avr/4.3.3/avr5\libgcc.a(_exit.o)
                              c:/winavr-20100110/bin/../lib/gcc/avr/4.3.3/../../../../avr/lib/avr5/crtm32.o (exit)
c:/winavr-20100110/bin/../lib/gcc/avr/4.3.3/avr5\libgcc.a(_copy_data.o)
                              main.o (__do_copy_data)
c:/winavr-20100110/bin/../lib/gcc/avr/4.3.3/avr5\libgcc.a(_clear_bss.o)
                              lcd_multi4.o (__do_clear_bss)
c:/winavr-20100110/bin/../lib/gcc/avr/4.3.3/../../../../avr/lib/avr5\libc.a(itoa.o)
                              e:\avr\lib\libuart.a(uart.o) (itoa)
c:/winavr-20100110/bin/../lib/gcc/avr/4.3.3/../../../../avr/lib/avr5\libc.a(ltoa.o)
                              e:\avr\lib\libuart.a(uart.o) (ltoa)
c:/winavr-20100110/bin/../lib/gcc/avr/4.3.3/../../../../avr/lib/avr5\libc.a(ultoa.o)
                              e:\avr\lib\libuart.a(uart.o) (ultoa)
c:/winavr-20100110/bin/../lib/gcc/avr/4.3.3/../../../../avr/lib/avr5\libc.a(utoa.o)
                              e:\avr\lib\libuart.a(uart.o) (utoa)
c:/winavr-20100110/bin/../lib/gcc/avr/4.3.3/../../../../avr/lib/avr5\libc.a(strrev.o)
                              c:/winavr-20100110/bin/../lib/gcc/avr/4.3.3/../../../../avr/lib/avr5\libc.a(itoa.o) (strrev)
c:/winavr-20100110/bin/../lib/gcc/avr/4.3.3/avr5\libgcc.a(_udivmodhi4.o)
                              c:/winavr-20100110/bin/../lib/gcc/avr/4.3.3/../../../../avr/lib/avr5\libc.a(itoa.o) (__udivmodhi4)
c:/winavr-20100110/bin/../lib/gcc/avr/4.3.3/avr5\libgcc.a(_udivmodsi4.o)
                              c:/winavr-20100110/bin/../lib/gcc/avr/4.3.3/../../../../avr/lib/avr5\libc.a(ltoa.o) (__udivmodsi4)

Allocating common symbols
Common symbol       size              file

lcd_ddr_db2         0x2               lcd_multi4.o
lcd_b_rs            0x1               lcd_multi4.o
encoder_prev_bit0   0xa               rot_encoder.o
lcd_p_db1           0x2               lcd_multi4.o
lcd_p_rs            0x2               lcd_multi4.o
lcd_p_rw            0x2               lcd_multi4.o
lcd_p_backlight     0x2               lcd_multi4.o
encoder_b_bit0      0xa               rot_encoder.o
pga2311_p_clk       0x14              pga2311.o
lcd_p_db2           0x2               lcd_multi4.o
pga2311_p_zcen      0x14              pga2311.o
lcd_pin_db0         0x2               lcd_multi4.o
uart_buf            0x20              e:\avr\lib\libuart.a(uart.o)
lcd_ddr_db3         0x2               lcd_multi4.o
encoder_prev_bit1   0xa               rot_encoder.o
pga2311_p_mute      0x14              pga2311.o
lcd_p_enable        0x2               lcd_multi4.o
lcd_p_db3           0x2               lcd_multi4.o
lcd_pin_db2         0x2               lcd_multi4.o
pga2311_p_sdi       0x14              pga2311.o
lcd_b_db0           0x1               lcd_multi4.o
pga2311_b_cs        0xa               pga2311.o
encoder_p_bit1      0x14              rot_encoder.o
lcd_p_db0           0x2               lcd_multi4.o
pga2311_p_cs        0x14              pga2311.o
pga2311_b_sdi       0xa               pga2311.o
lcd_b_backlight     0x1               lcd_multi4.o
pga2311_b_zcen      0xa               pga2311.o
lcd_ddr_db0         0x2               lcd_multi4.o
pga2311_b_mute      0xa               pga2311.o
pga2311_b_clk       0xa               pga2311.o
lcd_ddr_db1         0x2               lcd_multi4.o
encoder_b_bit1      0xa               rot_encoder.o
lcd_pin_db3         0x2               lcd_multi4.o
lcd_b_db1           0x1               lcd_multi4.o
lcd_b_enable        0x1               lcd_multi4.o
uart_done           0x1               e:\avr\lib\libuart.a(uart.o)
lcd_b_rw            0x1               lcd_multi4.o
encoder_p_bit0      0x14              rot_encoder.o
uart_pos            0x1               e:\avr\lib\libuart.a(uart.o)
lcd_pin_db1         0x2               lcd_multi4.o
lcd_b_db2           0x1               lcd_multi4.o
lcd_b_db3           0x1               lcd_multi4.o

Memory Configuration

Name             Origin             Length             Attributes
text             0x00000000         0x00020000         xr
data             0x00800060         0x0000ffa0         rw !x
eeprom           0x00810000         0x00010000         rw !x
fuse             0x00820000         0x00000400         rw !x
lock             0x00830000         0x00000400         rw !x
signature        0x00840000         0x00000400         rw !x
*default*        0x00000000         0xffffffff

Linker script and memory map

LOAD c:/winavr-20100110/bin/../lib/gcc/avr/4.3.3/../../../../avr/lib/avr5/crtm32.o
LOAD main.o
LOAD lcd_multi4.o
LOAD rot_encoder.o
LOAD pga2311.o
LOAD e:\avr\lib\libdelay.a
LOAD e:\avr\lib\libuart.a
LOAD c:/winavr-20100110/bin/../lib/gcc/avr/4.3.3/avr5\libgcc.a
LOAD c:/winavr-20100110/bin/../lib/gcc/avr/4.3.3/../../../../avr/lib/avr5\libc.a
LOAD c:/winavr-20100110/bin/../lib/gcc/avr/4.3.3/avr5\libgcc.a

.hash
 *(.hash)

.dynsym
 *(.dynsym)

.dynstr
 *(.dynstr)

.gnu.version
 *(.gnu.version)

.gnu.version_d
 *(.gnu.version_d)

.gnu.version_r
 *(.gnu.version_r)

.rel.init
 *(.rel.init)

.rela.init
 *(.rela.init)

.rel.text
 *(.rel.text)
 *(.rel.text.*)
 *(.rel.gnu.linkonce.t*)

.rela.text
 *(.rela.text)
 *(.rela.text.*)
 *(.rela.gnu.linkonce.t*)

.rel.fini
 *(.rel.fini)

.rela.fini
 *(.rela.fini)

.rel.rodata
 *(.rel.rodata)
 *(.rel.rodata.*)
 *(.rel.gnu.linkonce.r*)

.rela.rodata
 *(.rela.rodata)
 *(.rela.rodata.*)
 *(.rela.gnu.linkonce.r*)

.rel.data
 *(.rel.data)
 *(.rel.data.*)
 *(.rel.gnu.linkonce.d*)

.rela.data
 *(.rela.data)
 *(.rela.data.*)
 *(.rela.gnu.linkonce.d*)

.rel.ctors
 *(.rel.ctors)

.rela.ctors
 *(.rela.ctors)

.rel.dtors
 *(.rel.dtors)

.rela.dtors
 *(.rela.dtors)

.rel.got
 *(.rel.got)

.rela.got
 *(.rela.got)

.rel.bss
 *(.rel.bss)

.rela.bss
 *(.rela.bss)

.rel.plt
 *(.rel.plt)

.rela.plt
 *(.rela.plt)

.text           0x00000000     0x260c
 *(.vectors)
 .vectors       0x00000000       0x54 c:/winavr-20100110/bin/../lib/gcc/avr/4.3.3/../../../../avr/lib/avr5/crtm32.o
                0x00000000                __vectors
                0x00000000                __vector_default
 *(.vectors)
 *(.progmem.gcc*)
 *(.progmem*)
                0x00000054                . = ALIGN (0x2)
                0x00000054                __trampolines_start = .
 *(.trampolines)
 .trampolines   0x00000054        0x0 linker stubs
 *(.trampolines*)
                0x00000054                __trampolines_end = .
 *(.jumptables)
 *(.jumptables*)
 *(.lowtext)
 *(.lowtext*)
                0x00000054                __ctors_start = .
 *(.ctors)
                0x00000054                __ctors_end = .
                0x00000054                __dtors_start = .
 *(.dtors)
                0x00000054                __dtors_end = .
 SORT(*)(.ctors)
 SORT(*)(.dtors)
 *(.init0)
 .init0         0x00000054        0x0 c:/winavr-20100110/bin/../lib/gcc/avr/4.3.3/../../../../avr/lib/avr5/crtm32.o
                0x00000054                __init
 *(.init0)
 *(.init1)
 *(.init1)
 *(.init2)
 .init2         0x00000054        0xc c:/winavr-20100110/bin/../lib/gcc/avr/4.3.3/../../../../avr/lib/avr5/crtm32.o
 *(.init2)
 *(.init3)
 *(.init3)
 *(.init4)
 .init4         0x00000060       0x16 c:/winavr-20100110/bin/../lib/gcc/avr/4.3.3/avr5\libgcc.a(_copy_data.o)
                0x00000060                __do_copy_data
 .init4         0x00000076       0x10 c:/winavr-20100110/bin/../lib/gcc/avr/4.3.3/avr5\libgcc.a(_clear_bss.o)
                0x00000076                __do_clear_bss
 *(.init4)
 *(.init5)
 *(.init5)
 *(.init6)
 *(.init6)
 *(.init7)
 *(.init7)
 *(.init8)
 *(.init8)
 *(.init9)
 .init9         0x00000086        0x8 c:/winavr-20100110/bin/../lib/gcc/avr/4.3.3/../../../../avr/lib/avr5/crtm32.o
 *(.init9)
 *(.text)
 .text          0x0000008e        0x4 c:/winavr-20100110/bin/../lib/gcc/avr/4.3.3/../../../../avr/lib/avr5/crtm32.o
                0x0000008e                __vector_1
                0x0000008e                __vector_12
                0x0000008e                __bad_interrupt
                0x0000008e                __vector_6
                0x0000008e                __vector_3
                0x0000008e                __vector_11
                0x0000008e                __vector_17
                0x0000008e                __vector_19
                0x0000008e                __vector_7
                0x0000008e                __vector_5
                0x0000008e                __vector_4
                0x0000008e                __vector_9
                0x0000008e                __vector_2
                0x0000008e                __vector_15
                0x0000008e                __vector_8
                0x0000008e                __vector_14
                0x0000008e                __vector_10
                0x0000008e                __vector_16
                0x0000008e                __vector_18
                0x0000008e                __vector_20
 .text          0x00000092      0x124 main.o
                0x00000092                main
 .text          0x000001b6     0x118c lcd_multi4.o
                0x000008c2                lcd_data
                0x000008ea                lcd_gotoxy
                0x000009ae                lcd_putc
                0x00000af6                lcd_setup
                0x0000083a                lcd_backlight_on
                0x00000992                lcd_home
                0x00000976                lcd_clrscr
                0x00000958                lcd_getxy
                0x00000a46                lcd_puts
                0x00000a9c                lcd_puts_p
                0x00001264                lcd_init
                0x00000868                lcd_backlight_off
                0x0000089a                lcd_command
 .text          0x00001342      0x4ac rot_encoder.o
                0x00001342                encoder_setup
                0x000016fa                encoder_poll_range
                0x000015fc                encoder_poll
 .text          0x000017ee      0x73c pga2311.o
                0x00001d84                pga2311_mute
                0x00001dfa                pga2311_set_gain
                0x00001cec                pga2311_init
                0x000017ee                pga2311_setup
 .text          0x00001f2a      0x532 e:\avr\lib\libuart.a(uart.o)
                0x00001f9c                uart_puts
                0x000023a2                __vector_13
                0x00001f2a                uart_init
                0x0000243e                uart_getc
                0x00001f6e                uart_putc
                0x00001fea                uart_printf
 .text          0x0000245c        0x0 c:/winavr-20100110/bin/../lib/gcc/avr/4.3.3/avr5\libgcc.a(_exit.o)
 .text          0x0000245c        0x0 c:/winavr-20100110/bin/../lib/gcc/avr/4.3.3/avr5\libgcc.a(_copy_data.o)
 .text          0x0000245c        0x0 c:/winavr-20100110/bin/../lib/gcc/avr/4.3.3/avr5\libgcc.a(_clear_bss.o)
 .text          0x0000245c        0x0 c:/winavr-20100110/bin/../lib/gcc/avr/4.3.3/../../../../avr/lib/avr5\libc.a(itoa.o)
 .text          0x0000245c        0x0 c:/winavr-20100110/bin/../lib/gcc/avr/4.3.3/../../../../avr/lib/avr5\libc.a(ltoa.o)
 .text          0x0000245c        0x0 c:/winavr-20100110/bin/../lib/gcc/avr/4.3.3/../../../../avr/lib/avr5\libc.a(ultoa.o)
 .text          0x0000245c        0x0 c:/winavr-20100110/bin/../lib/gcc/avr/4.3.3/../../../../avr/lib/avr5\libc.a(utoa.o)
 .text          0x0000245c        0x0 c:/winavr-20100110/bin/../lib/gcc/avr/4.3.3/../../../../avr/lib/avr5\libc.a(strrev.o)
 .text          0x0000245c        0x0 c:/winavr-20100110/bin/../lib/gcc/avr/4.3.3/avr5\libgcc.a(_udivmodhi4.o)
 .text          0x0000245c        0x0 c:/winavr-20100110/bin/../lib/gcc/avr/4.3.3/avr5\libgcc.a(_udivmodsi4.o)
                0x0000245c                . = ALIGN (0x2)
 *(.text.*)
 .text.libgcc   0x0000245c        0x0 c:/winavr-20100110/bin/../lib/gcc/avr/4.3.3/avr5\libgcc.a(_exit.o)
 .text.libgcc   0x0000245c        0x0 c:/winavr-20100110/bin/../lib/gcc/avr/4.3.3/avr5\libgcc.a(_copy_data.o)
 .text.libgcc   0x0000245c        0x0 c:/winavr-20100110/bin/../lib/gcc/avr/4.3.3/avr5\libgcc.a(_clear_bss.o)
 .text.avr-libc
                0x0000245c       0x42 c:/winavr-20100110/bin/../lib/gcc/avr/4.3.3/../../../../avr/lib/avr5\libc.a(itoa.o)
                0x0000245c                itoa
 .text.avr-libc
                0x0000249e       0x68 c:/winavr-20100110/bin/../lib/gcc/avr/4.3.3/../../../../avr/lib/avr5\libc.a(ltoa.o)
                0x0000249e                ltoa
 .text.avr-libc
                0x00002506       0x4a c:/winavr-20100110/bin/../lib/gcc/avr/4.3.3/../../../../avr/lib/avr5\libc.a(ultoa.o)
                0x00002506                ultoa
 .text.avr-libc
                0x00002550       0x2c c:/winavr-20100110/bin/../lib/gcc/avr/4.3.3/../../../../avr/lib/avr5\libc.a(utoa.o)
                0x00002550                utoa
 .text.avr-libc
                0x0000257c       0x20 c:/winavr-20100110/bin/../lib/gcc/avr/4.3.3/../../../../avr/lib/avr5\libc.a(strrev.o)
                0x0000257c                strrev
 .text.libgcc   0x0000259c       0x28 c:/winavr-20100110/bin/../lib/gcc/avr/4.3.3/avr5\libgcc.a(_udivmodhi4.o)
                0x0000259c                __udivmodhi4
 .text.libgcc   0x000025c4       0x44 c:/winavr-20100110/bin/../lib/gcc/avr/4.3.3/avr5\libgcc.a(_udivmodsi4.o)
                0x000025c4                __udivmodsi4
                0x00002608                . = ALIGN (0x2)
 *(.fini9)
 .fini9         0x00002608        0x0 c:/winavr-20100110/bin/../lib/gcc/avr/4.3.3/avr5\libgcc.a(_exit.o)
                0x00002608                exit
                0x00002608                _exit
 *(.fini9)
 *(.fini8)
 *(.fini8)
 *(.fini7)
 *(.fini7)
 *(.fini6)
 *(.fini6)
 *(.fini5)
 *(.fini5)
 *(.fini4)
 *(.fini4)
 *(.fini3)
 *(.fini3)
 *(.fini2)
 *(.fini2)
 *(.fini1)
 *(.fini1)
 *(.fini0)
 .fini0         0x00002608        0x4 c:/winavr-20100110/bin/../lib/gcc/avr/4.3.3/avr5\libgcc.a(_exit.o)
 *(.fini0)
                0x0000260c                _etext = .

.data           0x00800060       0x58 load address 0x0000260c
                0x00800060                PROVIDE (__data_start, .)
 *(.data)
 .data          0x00800060        0x0 c:/winavr-20100110/bin/../lib/gcc/avr/4.3.3/../../../../avr/lib/avr5/crtm32.o
 .data          0x00800060       0x3e main.o
 .data          0x0080009e        0x0 lcd_multi4.o
 .data          0x0080009e       0x15 rot_encoder.o
                0x0080009e                enc_states
 .data          0x008000b3        0x0 pga2311.o
 .data          0x008000b3        0x5 e:\avr\lib\libuart.a(uart.o)
 .data          0x008000b8        0x0 c:/winavr-20100110/bin/../lib/gcc/avr/4.3.3/avr5\libgcc.a(_exit.o)
 .data          0x008000b8        0x0 c:/winavr-20100110/bin/../lib/gcc/avr/4.3.3/avr5\libgcc.a(_copy_data.o)
 .data          0x008000b8        0x0 c:/winavr-20100110/bin/../lib/gcc/avr/4.3.3/avr5\libgcc.a(_clear_bss.o)
 .data          0x008000b8        0x0 c:/winavr-20100110/bin/../lib/gcc/avr/4.3.3/../../../../avr/lib/avr5\libc.a(itoa.o)
 .data          0x008000b8        0x0 c:/winavr-20100110/bin/../lib/gcc/avr/4.3.3/../../../../avr/lib/avr5\libc.a(ltoa.o)
 .data          0x008000b8        0x0 c:/winavr-20100110/bin/../lib/gcc/avr/4.3.3/../../../../avr/lib/avr5\libc.a(ultoa.o)
 .data          0x008000b8        0x0 c:/winavr-20100110/bin/../lib/gcc/avr/4.3.3/../../../../avr/lib/avr5\libc.a(utoa.o)
 .data          0x008000b8        0x0 c:/winavr-20100110/bin/../lib/gcc/avr/4.3.3/../../../../avr/lib/avr5\libc.a(strrev.o)
 .data          0x008000b8        0x0 c:/winavr-20100110/bin/../lib/gcc/avr/4.3.3/avr5\libgcc.a(_udivmodhi4.o)
 .data          0x008000b8        0x0 c:/winavr-20100110/bin/../lib/gcc/avr/4.3.3/avr5\libgcc.a(_udivmodsi4.o)
 *(.data*)
 *(.rodata)
 *(.rodata*)
 *(.gnu.linkonce.d*)
                0x008000b8                . = ALIGN (0x2)
                0x008000b8                _edata = .
                0x008000b8                PROVIDE (__data_end, .)

.bss            0x008000b8      0x131
                0x008000b8                PROVIDE (__bss_start, .)
 *(.bss)
 .bss           0x008000b8        0x0 c:/winavr-20100110/bin/../lib/gcc/avr/4.3.3/../../../../avr/lib/avr5/crtm32.o
 .bss           0x008000b8        0x0 main.o
 .bss           0x008000b8        0x0 lcd_multi4.o
 .bss           0x008000b8        0x1 rot_encoder.o
 .bss           0x008000b9        0x0 pga2311.o
 .bss           0x008000b9        0x0 e:\avr\lib\libuart.a(uart.o)
 .bss           0x008000b9        0x0 c:/winavr-20100110/bin/../lib/gcc/avr/4.3.3/avr5\libgcc.a(_exit.o)
 .bss           0x008000b9        0x0 c:/winavr-20100110/bin/../lib/gcc/avr/4.3.3/avr5\libgcc.a(_copy_data.o)
 .bss           0x008000b9        0x0 c:/winavr-20100110/bin/../lib/gcc/avr/4.3.3/avr5\libgcc.a(_clear_bss.o)
 .bss           0x008000b9        0x0 c:/winavr-20100110/bin/../lib/gcc/avr/4.3.3/../../../../avr/lib/avr5\libc.a(itoa.o)
 .bss           0x008000b9        0x0 c:/winavr-20100110/bin/../lib/gcc/avr/4.3.3/../../../../avr/lib/avr5\libc.a(ltoa.o)
 .bss           0x008000b9        0x0 c:/winavr-20100110/bin/../lib/gcc/avr/4.3.3/../../../../avr/lib/avr5\libc.a(ultoa.o)
 .bss           0x008000b9        0x0 c:/winavr-20100110/bin/../lib/gcc/avr/4.3.3/../../../../avr/lib/avr5\libc.a(utoa.o)
 .bss           0x008000b9        0x0 c:/winavr-20100110/bin/../lib/gcc/avr/4.3.3/../../../../avr/lib/avr5\libc.a(strrev.o)
 .bss           0x008000b9        0x0 c:/winavr-20100110/bin/../lib/gcc/avr/4.3.3/avr5\libgcc.a(_udivmodhi4.o)
 .bss           0x008000b9        0x0 c:/winavr-20100110/bin/../lib/gcc/avr/4.3.3/avr5\libgcc.a(_udivmodsi4.o)
 *(.bss*)
 *(COMMON)
 COMMON         0x008000b9       0x28 lcd_multi4.o
                0x008000b9                lcd_ddr_db2
                0x008000bb                lcd_b_rs
                0x008000bc                lcd_p_db1
                0x008000be                lcd_p_rs
                0x008000c0                lcd_p_rw
                0x008000c2                lcd_p_backlight
                0x008000c4                lcd_p_db2
                0x008000c6                lcd_pin_db0
                0x008000c8                lcd_ddr_db3
                0x008000ca                lcd_p_enable
                0x008000cc                lcd_p_db3
                0x008000ce                lcd_pin_db2
                0x008000d0                lcd_b_db0
                0x008000d1                lcd_p_db0
                0x008000d3                lcd_b_backlight
                0x008000d4                lcd_ddr_db0
                0x008000d6                lcd_ddr_db1
                0x008000d8                lcd_pin_db3
                0x008000da                lcd_b_db1
                0x008000db                lcd_b_enable
                0x008000dc                lcd_b_rw
                0x008000dd                lcd_pin_db1
                0x008000df                lcd_b_db2
                0x008000e0                lcd_b_db3
 COMMON         0x008000e1       0x50 rot_encoder.o
                0x008000e1                encoder_prev_bit0
                0x008000eb                encoder_b_bit0
                0x008000f5                encoder_prev_bit1
                0x008000ff                encoder_p_bit1
                0x00800113                encoder_b_bit1
                0x0080011d                encoder_p_bit0
 COMMON         0x00800131       0x96 pga2311.o
                0x00800131                pga2311_p_clk
                0x00800145                pga2311_p_zcen
                0x00800159                pga2311_p_mute
                0x0080016d                pga2311_p_sdi
                0x00800181                pga2311_b_cs
                0x0080018b                pga2311_p_cs
                0x0080019f                pga2311_b_sdi
                0x008001a9                pga2311_b_zcen
                0x008001b3                pga2311_b_mute
                0x008001bd                pga2311_b_clk
 COMMON         0x008001c7       0x22 e:\avr\lib\libuart.a(uart.o)
                0x008001c7                uart_buf
                0x008001e7                uart_done
                0x008001e8                uart_pos
                0x008001e9                PROVIDE (__bss_end, .)
                0x0000260c                __data_load_start = LOADADDR (.data)
                0x00002664                __data_load_end = (__data_load_start + SIZEOF (.data))

.noinit         0x008001e9        0x0
                0x008001e9                PROVIDE (__noinit_start, .)
 *(.noinit*)
                0x008001e9                PROVIDE (__noinit_end, .)
                0x008001e9                _end = .
                0x008001e9                PROVIDE (__heap_start, .)

.eeprom         0x00810000        0x0
 *(.eeprom*)
                0x00810000                __eeprom_end = .

.fuse
 *(.fuse)
 *(.lfuse)
 *(.hfuse)
 *(.efuse)

.lock
 *(.lock*)

.signature
 *(.signature*)

.stab
 *(.stab)

.stabstr
 *(.stabstr)

.stab.excl
 *(.stab.excl)

.stab.exclstr
 *(.stab.exclstr)

.stab.index
 *(.stab.index)

.stab.indexstr
 *(.stab.indexstr)

.comment
 *(.comment)

.debug
 *(.debug)

.line
 *(.line)

.debug_srcinfo
 *(.debug_srcinfo)

.debug_sfnames
 *(.debug_sfnames)

.debug_aranges  0x00000000       0xa0
 *(.debug_aranges)
 .debug_aranges
                0x00000000       0x20 main.o
 .debug_aranges
                0x00000020       0x20 lcd_multi4.o
 .debug_aranges
                0x00000040       0x20 rot_encoder.o
 .debug_aranges
                0x00000060       0x20 pga2311.o
 .debug_aranges
                0x00000080       0x20 e:\avr\lib\libuart.a(uart.o)

.debug_pubnames
                0x00000000      0x4d6
 *(.debug_pubnames)
 .debug_pubnames
                0x00000000       0x1b main.o
 .debug_pubnames
                0x0000001b      0x245 lcd_multi4.o
 .debug_pubnames
                0x00000260       0xd3 rot_encoder.o
 .debug_pubnames
                0x00000333      0x111 pga2311.o
 .debug_pubnames
                0x00000444       0x92 e:\avr\lib\libuart.a(uart.o)

.debug_info     0x00000000      0xfba
 *(.debug_info)
 .debug_info    0x00000000       0xae main.o
 .debug_info    0x000000ae      0x6dd lcd_multi4.o
 .debug_info    0x0000078b      0x288 rot_encoder.o
 .debug_info    0x00000a13      0x37a pga2311.o
 .debug_info    0x00000d8d      0x22d e:\avr\lib\libuart.a(uart.o)
 *(.gnu.linkonce.wi.*)

.debug_abbrev   0x00000000      0x44b
 *(.debug_abbrev)
 .debug_abbrev  0x00000000       0x68 main.o
 .debug_abbrev  0x00000068      0x145 lcd_multi4.o
 .debug_abbrev  0x000001ad       0xdf rot_encoder.o
 .debug_abbrev  0x0000028c       0xc6 pga2311.o
 .debug_abbrev  0x00000352       0xf9 e:\avr\lib\libuart.a(uart.o)

.debug_line     0x00000000      0xf5c
 *(.debug_line)
 .debug_line    0x00000000       0xf8 main.o
 .debug_line    0x000000f8      0x6c5 lcd_multi4.o
 .debug_line    0x000007bd      0x1e8 rot_encoder.o
 .debug_line    0x000009a5      0x2bc pga2311.o
 .debug_line    0x00000c61      0x2fb e:\avr\lib\libuart.a(uart.o)

.debug_frame    0x00000000      0x260
 *(.debug_frame)
 .debug_frame   0x00000000       0x20 main.o
 .debug_frame   0x00000020      0x140 lcd_multi4.o
 .debug_frame   0x00000160       0x40 rot_encoder.o
 .debug_frame   0x000001a0       0x50 pga2311.o
 .debug_frame   0x000001f0       0x70 e:\avr\lib\libuart.a(uart.o)

.debug_str      0x00000000      0x527
 *(.debug_str)
 .debug_str     0x00000000       0x62 main.o
                                 0x96 (size before relaxing)
 .debug_str     0x00000062      0x248 lcd_multi4.o
                                0x2e1 (size before relaxing)
 .debug_str     0x000002aa       0xdc rot_encoder.o
                                0x173 (size before relaxing)
 .debug_str     0x00000386       0xfd pga2311.o
                                0x1a5 (size before relaxing)
 .debug_str     0x00000483       0xa4 e:\avr\lib\libuart.a(uart.o)
                                0x136 (size before relaxing)

.debug_loc
 *(.debug_loc)

.debug_macinfo
 *(.debug_macinfo)
OUTPUT(lcd.out elf32-avr)
LOAD linker stubs
